Archive member included because of file (symbol)

/usr/bin/../lib/gcc/arm-none-eabi/4.9.3/../../../../arm-none-eabi/lib/armv7e-m/fpu/libg.a(lib_a-assert.o)
                              ./src/fifo.o (__assert_func)
/usr/bin/../lib/gcc/arm-none-eabi/4.9.3/../../../../arm-none-eabi/lib/armv7e-m/fpu/libg.a(lib_a-exit.o)
                              /usr/bin/../lib/gcc/arm-none-eabi/4.9.3/../../../../arm-none-eabi/lib/armv7e-m/fpu/crt0.o (exit)
/usr/bin/../lib/gcc/arm-none-eabi/4.9.3/../../../../arm-none-eabi/lib/armv7e-m/fpu/libg.a(lib_a-fiprintf.o)
                              /usr/bin/../lib/gcc/arm-none-eabi/4.9.3/../../../../arm-none-eabi/lib/armv7e-m/fpu/libg.a(lib_a-assert.o) (fiprintf)
/usr/bin/../lib/gcc/arm-none-eabi/4.9.3/../../../../arm-none-eabi/lib/armv7e-m/fpu/libg.a(lib_a-impure.o)
                              /usr/bin/../lib/gcc/arm-none-eabi/4.9.3/../../../../arm-none-eabi/lib/armv7e-m/fpu/libg.a(lib_a-exit.o) (_global_impure_ptr)
/usr/bin/../lib/gcc/arm-none-eabi/4.9.3/../../../../arm-none-eabi/lib/armv7e-m/fpu/libg.a(lib_a-init.o)
                              /usr/bin/../lib/gcc/arm-none-eabi/4.9.3/../../../../arm-none-eabi/lib/armv7e-m/fpu/crt0.o (__libc_init_array)
/usr/bin/../lib/gcc/arm-none-eabi/4.9.3/../../../../arm-none-eabi/lib/armv7e-m/fpu/libg.a(lib_a-malloc.o)
                              ./src/fifo.o (malloc)
/usr/bin/../lib/gcc/arm-none-eabi/4.9.3/../../../../arm-none-eabi/lib/armv7e-m/fpu/libg.a(lib_a-mallocr.o)
                              /usr/bin/../lib/gcc/arm-none-eabi/4.9.3/../../../../arm-none-eabi/lib/armv7e-m/fpu/libg.a(lib_a-malloc.o) (_malloc_r)
/usr/bin/../lib/gcc/arm-none-eabi/4.9.3/../../../../arm-none-eabi/lib/armv7e-m/fpu/libg.a(lib_a-memcpy.o)
                              ./src/audio_nr.o (memcpy)
/usr/bin/../lib/gcc/arm-none-eabi/4.9.3/../../../../arm-none-eabi/lib/armv7e-m/fpu/libg.a(lib_a-memset.o)
                              /usr/bin/../lib/gcc/arm-none-eabi/4.9.3/../../../../arm-none-eabi/lib/armv7e-m/fpu/crt0.o (memset)
/usr/bin/../lib/gcc/arm-none-eabi/4.9.3/../../../../arm-none-eabi/lib/armv7e-m/fpu/libg.a(lib_a-mlock.o)
                              /usr/bin/../lib/gcc/arm-none-eabi/4.9.3/../../../../arm-none-eabi/lib/armv7e-m/fpu/libg.a(lib_a-mallocr.o) (__malloc_lock)
/usr/bin/../lib/gcc/arm-none-eabi/4.9.3/../../../../arm-none-eabi/lib/armv7e-m/fpu/libg.a(lib_a-sbrkr.o)
                              /usr/bin/../lib/gcc/arm-none-eabi/4.9.3/../../../../arm-none-eabi/lib/armv7e-m/fpu/libg.a(lib_a-mallocr.o) (_sbrk_r)
/usr/bin/../lib/gcc/arm-none-eabi/4.9.3/../../../../arm-none-eabi/lib/armv7e-m/fpu/libg.a(lib_a-vfiprintf.o)
                              /usr/bin/../lib/gcc/arm-none-eabi/4.9.3/../../../../arm-none-eabi/lib/armv7e-m/fpu/libg.a(lib_a-fiprintf.o) (_vfiprintf_r)
/usr/bin/../lib/gcc/arm-none-eabi/4.9.3/../../../../arm-none-eabi/lib/armv7e-m/fpu/libg.a(lib_a-wsetup.o)
                              /usr/bin/../lib/gcc/arm-none-eabi/4.9.3/../../../../arm-none-eabi/lib/armv7e-m/fpu/libg.a(lib_a-vfiprintf.o) (__swsetup_r)
/usr/bin/../lib/gcc/arm-none-eabi/4.9.3/../../../../arm-none-eabi/lib/armv7e-m/fpu/libg.a(lib_a-__call_atexit.o)
                              /usr/bin/../lib/gcc/arm-none-eabi/4.9.3/../../../../arm-none-eabi/lib/armv7e-m/fpu/libg.a(lib_a-exit.o) (__call_exitprocs)
/usr/bin/../lib/gcc/arm-none-eabi/4.9.3/../../../../arm-none-eabi/lib/armv7e-m/fpu/libg.a(lib_a-abort.o)
                              /usr/bin/../lib/gcc/arm-none-eabi/4.9.3/../../../../arm-none-eabi/lib/armv7e-m/fpu/libg.a(lib_a-assert.o) (abort)
/usr/bin/../lib/gcc/arm-none-eabi/4.9.3/../../../../arm-none-eabi/lib/armv7e-m/fpu/libg.a(lib_a-atexit.o)
                              /usr/bin/../lib/gcc/arm-none-eabi/4.9.3/../../../../arm-none-eabi/lib/armv7e-m/fpu/libg.a(lib_a-__call_atexit.o) (atexit)
/usr/bin/../lib/gcc/arm-none-eabi/4.9.3/../../../../arm-none-eabi/lib/armv7e-m/fpu/libg.a(lib_a-fflush.o)
                              /usr/bin/../lib/gcc/arm-none-eabi/4.9.3/../../../../arm-none-eabi/lib/armv7e-m/fpu/libg.a(lib_a-vfiprintf.o) (_fflush_r)
/usr/bin/../lib/gcc/arm-none-eabi/4.9.3/../../../../arm-none-eabi/lib/armv7e-m/fpu/libg.a(lib_a-findfp.o)
                              /usr/bin/../lib/gcc/arm-none-eabi/4.9.3/../../../../arm-none-eabi/lib/armv7e-m/fpu/libg.a(lib_a-vfiprintf.o) (__sinit)
/usr/bin/../lib/gcc/arm-none-eabi/4.9.3/../../../../arm-none-eabi/lib/armv7e-m/fpu/libg.a(lib_a-fini.o)
                              /usr/bin/../lib/gcc/arm-none-eabi/4.9.3/../../../../arm-none-eabi/lib/armv7e-m/fpu/libg.a(lib_a-__call_atexit.o) (__libc_fini_array)
/usr/bin/../lib/gcc/arm-none-eabi/4.9.3/../../../../arm-none-eabi/lib/armv7e-m/fpu/libg.a(lib_a-fputwc.o)
                              /usr/bin/../lib/gcc/arm-none-eabi/4.9.3/../../../../arm-none-eabi/lib/armv7e-m/fpu/libg.a(lib_a-vfiprintf.o) (_fputwc_r)
/usr/bin/../lib/gcc/arm-none-eabi/4.9.3/../../../../arm-none-eabi/lib/armv7e-m/fpu/libg.a(lib_a-freer.o)
[...]
Memory Configuration

Name             Origin             Length             Attributes
VECTOR           0x08000000         0x00004000         xr
EEPROM           0x08004000         0x0000c000         xr
FLASH            0x08010000         0x000f0000         xr
BKPSRAM          0x40024000         0x00001000         xrw
RAM              0x20000000         0x00020000         xrw
CCM              0x10000000         0x00010000         xrw
*default*        0x00000000         0xffffffff

Linker script and memory map

LOAD /usr/bin/../lib/gcc/arm-none-eabi/4.9.3/armv7e-m/fpu/crti.o
LOAD /usr/bin/../lib/gcc/arm-none-eabi/4.9.3/armv7e-m/fpu/crtbegin.o
LOAD /usr/bin/../lib/gcc/arm-none-eabi/4.9.3/../../../../arm-none-eabi/lib/armv7e-m/fpu/crt0.o
LOAD ./src/audio_nr.o
LOAD ./src/debugblinky.o
LOAD ./src/fifo.o
LOAD ./src/main.o
LOAD ./src/sm1000_leds_switches.o
LOAD ./src/startup_stm32f4xx.o
LOAD ./src/stm32f4_adc.o
LOAD ./src/stm32f4_dac.o
LOAD ./src/system_stm32f4xx.o
LOAD ./Drivers/STM32F4xx_StdPeriph_Driver/src/misc.o
LOAD ./Drivers/STM32F4xx_StdPeriph_Driver/src/stm32f4xx_adc.o
LOAD ./Drivers/STM32F4xx_StdPeriph_Driver/src/stm32f4xx_can.o
LOAD ./Drivers/STM32F4xx_StdPeriph_Driver/src/stm32f4xx_crc.o
LOAD ./Drivers/STM32F4xx_StdPeriph_Driver/src/stm32f4xx_cryp.o
LOAD ./Drivers/STM32F4xx_StdPeriph_Driver/src/stm32f4xx_cryp_aes.o
LOAD ./Drivers/STM32F4xx_StdPeriph_Driver/src/stm32f4xx_cryp_des.o
LOAD ./Drivers/STM32F4xx_StdPeriph_Driver/src/stm32f4xx_cryp_tdes.o
LOAD ./Drivers/STM32F4xx_StdPeriph_Driver/src/stm32f4xx_dac.o
LOAD ./Drivers/STM32F4xx_StdPeriph_Driver/src/stm32f4xx_dbgmcu.o
LOAD ./Drivers/STM32F4xx_StdPeriph_Driver/src/stm32f4xx_dcmi.o
LOAD ./Drivers/STM32F4xx_StdPeriph_Driver/src/stm32f4xx_dma.o
LOAD ./Drivers/STM32F4xx_StdPeriph_Driver/src/stm32f4xx_dma2d.o
LOAD ./Drivers/STM32F4xx_StdPeriph_Driver/src/stm32f4xx_exti.o
LOAD ./Drivers/STM32F4xx_StdPeriph_Driver/src/stm32f4xx_flash.o
LOAD ./Drivers/STM32F4xx_StdPeriph_Driver/src/stm32f4xx_fsmc.o
LOAD ./Drivers/STM32F4xx_StdPeriph_Driver/src/stm32f4xx_gpio.o
LOAD ./Drivers/STM32F4xx_StdPeriph_Driver/src/stm32f4xx_hash.o
LOAD ./Drivers/STM32F4xx_StdPeriph_Driver/src/stm32f4xx_hash_md5.o
LOAD ./Drivers/STM32F4xx_StdPeriph_Driver/src/stm32f4xx_hash_sha1.o
LOAD ./Drivers/STM32F4xx_StdPeriph_Driver/src/stm32f4xx_i2c.o
LOAD ./Drivers/STM32F4xx_StdPeriph_Driver/src/stm32f4xx_iwdg.o
LOAD ./Drivers/STM32F4xx_StdPeriph_Driver/src/stm32f4xx_ltdc.o
LOAD ./Drivers/STM32F4xx_StdPeriph_Driver/src/stm32f4xx_pwr.o
LOAD ./Drivers/STM32F4xx_StdPeriph_Driver/src/stm32f4xx_rcc.o
LOAD ./Drivers/STM32F4xx_StdPeriph_Driver/src/stm32f4xx_rng.o
LOAD ./Drivers/STM32F4xx_StdPeriph_Driver/src/stm32f4xx_rtc.o
LOAD ./Drivers/STM32F4xx_StdPeriph_Driver/src/stm32f4xx_sai.o
LOAD ./Drivers/STM32F4xx_StdPeriph_Driver/src/stm32f4xx_sdio.o
LOAD ./Drivers/STM32F4xx_StdPeriph_Driver/src/stm32f4xx_spi.o
LOAD ./Drivers/STM32F4xx_StdPeriph_Driver/src/stm32f4xx_syscfg.o
LOAD ./Drivers/STM32F4xx_StdPeriph_Driver/src/stm32f4xx_tim.o
LOAD ./Drivers/STM32F4xx_StdPeriph_Driver/src/stm32f4xx_usart.o
LOAD ./Drivers/STM32F4xx_StdPeriph_Driver/src/stm32f4xx_wwdg.o
LOAD ./Drivers/CMSIS/DSP_Lib/Source/TransformFunctions/arm_bitreversal.o
LOAD ./Drivers/CMSIS/DSP_Lib/Source/TransformFunctions/arm_bitreversal2.o
LOAD ./Drivers/CMSIS/DSP_Lib/Source/TransformFunctions/arm_cfft_f32.o
LOAD ./Drivers/CMSIS/DSP_Lib/Source/TransformFunctions/arm_cfft_radix2_f32.o
LOAD ./Drivers/CMSIS/DSP_Lib/Source/TransformFunctions/arm_cfft_radix2_init_f32.o
LOAD ./Drivers/CMSIS/DSP_Lib/Source/TransformFunctions/arm_cfft_radix2_init_q15.o
LOAD ./Drivers/CMSIS/DSP_Lib/Source/TransformFunctions/arm_cfft_radix2_init_q31.o
LOAD ./Drivers/CMSIS/DSP_Lib/Source/TransformFunctions/arm_cfft_radix2_q15.o
LOAD ./Drivers/CMSIS/DSP_Lib/Source/TransformFunctions/arm_cfft_radix2_q31.o
LOAD ./Drivers/CMSIS/DSP_Lib/Source/TransformFunctions/arm_cfft_radix4_f32.o
LOAD ./Drivers/CMSIS/DSP_Lib/Source/TransformFunctions/arm_cfft_radix4_init_f32.o
LOAD ./Drivers/CMSIS/DSP_Lib/Source/TransformFunctions/arm_cfft_radix4_init_q15.o
LOAD ./Drivers/CMSIS/DSP_Lib/Source/TransformFunctions/arm_cfft_radix4_init_q31.o
LOAD ./Drivers/CMSIS/DSP_Lib/Source/TransformFunctions/arm_cfft_radix4_q15.o
LOAD ./Drivers/CMSIS/DSP_Lib/Source/TransformFunctions/arm_cfft_radix4_q31.o
LOAD ./Drivers/CMSIS/DSP_Lib/Source/TransformFunctions/arm_cfft_radix8_f32.o
LOAD ./Drivers/CMSIS/DSP_Lib/Source/TransformFunctions/arm_dct4_f32.o
LOAD ./Drivers/CMSIS/DSP_Lib/Source/TransformFunctions/arm_dct4_init_f32.o
LOAD ./Drivers/CMSIS/DSP_Lib/Source/TransformFunctions/arm_dct4_init_q15.o
LOAD ./Drivers/CMSIS/DSP_Lib/Source/TransformFunctions/arm_dct4_init_q31.o
LOAD ./Drivers/CMSIS/DSP_Lib/Source/TransformFunctions/arm_dct4_q15.o
LOAD ./Drivers/CMSIS/DSP_Lib/Source/TransformFunctions/arm_dct4_q31.o
LOAD ./Drivers/CMSIS/DSP_Lib/Source/TransformFunctions/arm_rfft_f32.o
LOAD ./Drivers/CMSIS/DSP_Lib/Source/TransformFunctions/arm_rfft_fast_f32.o
LOAD ./Drivers/CMSIS/DSP_Lib/Source/TransformFunctions/arm_rfft_fast_init_f32.o
LOAD ./Drivers/CMSIS/DSP_Lib/Source/TransformFunctions/arm_rfft_init_f32.o
LOAD ./Drivers/CMSIS/DSP_Lib/Source/TransformFunctions/arm_rfft_init_q15.o
LOAD ./Drivers/CMSIS/DSP_Lib/Source/TransformFunctions/arm_rfft_init_q31.o
LOAD ./Drivers/CMSIS/DSP_Lib/Source/TransformFunctions/arm_rfft_q15.o
LOAD ./Drivers/CMSIS/DSP_Lib/Source/TransformFunctions/arm_rfft_q31.o
LOAD ./Drivers/CMSIS/DSP_Lib/Source/SupportFunctions/arm_copy_f32.o
LOAD ./Drivers/CMSIS/DSP_Lib/Source/SupportFunctions/arm_copy_q15.o
LOAD ./Drivers/CMSIS/DSP_Lib/Source/SupportFunctions/arm_copy_q31.o
LOAD ./Drivers/CMSIS/DSP_Lib/Source/SupportFunctions/arm_copy_q7.o
LOAD ./Drivers/CMSIS/DSP_Lib/Source/SupportFunctions/arm_fill_f32.o
LOAD ./Drivers/CMSIS/DSP_Lib/Source/SupportFunctions/arm_fill_q15.o
LOAD ./Drivers/CMSIS/DSP_Lib/Source/SupportFunctions/arm_fill_q31.o
LOAD ./Drivers/CMSIS/DSP_Lib/Source/SupportFunctions/arm_fill_q7.o
LOAD ./Drivers/CMSIS/DSP_Lib/Source/SupportFunctions/arm_float_to_q15.o
LOAD ./Drivers/CMSIS/DSP_Lib/Source/SupportFunctions/arm_float_to_q31.o
LOAD ./Drivers/CMSIS/DSP_Lib/Source/SupportFunctions/arm_float_to_q7.o
LOAD ./Drivers/CMSIS/DSP_Lib/Source/SupportFunctions/arm_q15_to_float.o
LOAD ./Drivers/CMSIS/DSP_Lib/Source/SupportFunctions/arm_q15_to_q31.o
LOAD ./Drivers/CMSIS/DSP_Lib/Source/SupportFunctions/arm_q15_to_q7.o
LOAD ./Drivers/CMSIS/DSP_Lib/Source/SupportFunctions/arm_q31_to_float.o
LOAD ./Drivers/CMSIS/DSP_Lib/Source/SupportFunctions/arm_q31_to_q15.o
LOAD ./Drivers/CMSIS/DSP_Lib/Source/SupportFunctions/arm_q31_to_q7.o
LOAD ./Drivers/CMSIS/DSP_Lib/Source/SupportFunctions/arm_q7_to_float.o
LOAD ./Drivers/CMSIS/DSP_Lib/Source/SupportFunctions/arm_q7_to_q15.o
LOAD ./Drivers/CMSIS/DSP_Lib/Source/SupportFunctions/arm_q7_to_q31.o
LOAD ./Drivers/CMSIS/DSP_Lib/Source/StatisticsFunctions/arm_max_f32.o
LOAD ./Drivers/CMSIS/DSP_Lib/Source/StatisticsFunctions/arm_max_q15.o
LOAD ./Drivers/CMSIS/DSP_Lib/Source/StatisticsFunctions/arm_max_q31.o
LOAD ./Drivers/CMSIS/DSP_Lib/Source/StatisticsFunctions/arm_max_q7.o
LOAD ./Drivers/CMSIS/DSP_Lib/Source/StatisticsFunctions/arm_mean_f32.o
LOAD ./Drivers/CMSIS/DSP_Lib/Source/StatisticsFunctions/arm_mean_q15.o
LOAD ./Drivers/CMSIS/DSP_Lib/Source/StatisticsFunctions/arm_mean_q31.o
LOAD ./Drivers/CMSIS/DSP_Lib/Source/StatisticsFunctions/arm_mean_q7.o
LOAD ./Drivers/CMSIS/DSP_Lib/Source/StatisticsFunctions/arm_min_f32.o
LOAD ./Drivers/CMSIS/DSP_Lib/Source/StatisticsFunctions/arm_min_q15.o
LOAD ./Drivers/CMSIS/DSP_Lib/Source/StatisticsFunctions/arm_min_q31.o
LOAD ./Drivers/CMSIS/DSP_Lib/Source/StatisticsFunctions/arm_min_q7.o
LOAD ./Drivers/CMSIS/DSP_Lib/Source/StatisticsFunctions/arm_power_f32.o
LOAD ./Drivers/CMSIS/DSP_Lib/Source/StatisticsFunctions/arm_power_q15.o
LOAD ./Drivers/CMSIS/DSP_Lib/Source/StatisticsFunctions/arm_power_q31.o
LOAD ./Drivers/CMSIS/DSP_Lib/Source/StatisticsFunctions/arm_power_q7.o
LOAD ./Drivers/CMSIS/DSP_Lib/Source/StatisticsFunctions/arm_rms_f32.o
LOAD ./Drivers/CMSIS/DSP_Lib/Source/StatisticsFunctions/arm_rms_q15.o
LOAD ./Drivers/CMSIS/DSP_Lib/Source/StatisticsFunctions/arm_rms_q31.o
LOAD ./Drivers/CMSIS/DSP_Lib/Source/StatisticsFunctions/arm_std_f32.o
LOAD ./Drivers/CMSIS/DSP_Lib/Source/StatisticsFunctions/arm_std_q15.o
LOAD ./Drivers/CMSIS/DSP_Lib/Source/StatisticsFunctions/arm_std_q31.o
LOAD ./Drivers/CMSIS/DSP_Lib/Source/StatisticsFunctions/arm_var_f32.o
LOAD ./Drivers/CMSIS/DSP_Lib/Source/StatisticsFunctions/arm_var_q15.o
LOAD ./Drivers/CMSIS/DSP_Lib/Source/StatisticsFunctions/arm_var_q31.o
LOAD ./Drivers/CMSIS/DSP_Lib/Source/MatrixFunctions/arm_mat_add_f32.o
LOAD ./Drivers/CMSIS/DSP_Lib/Source/MatrixFunctions/arm_mat_add_q15.o
LOAD ./Drivers/CMSIS/DSP_Lib/Source/MatrixFunctions/arm_mat_add_q31.o
LOAD ./Drivers/CMSIS/DSP_Lib/Source/MatrixFunctions/arm_mat_init_f32.o
LOAD ./Drivers/CMSIS/DSP_Lib/Source/MatrixFunctions/arm_mat_init_q15.o
LOAD ./Drivers/CMSIS/DSP_Lib/Source/MatrixFunctions/arm_mat_init_q31.o
LOAD ./Drivers/CMSIS/DSP_Lib/Source/MatrixFunctions/arm_mat_inverse_f32.o
LOAD ./Drivers/CMSIS/DSP_Lib/Source/MatrixFunctions/arm_mat_mult_f32.o
LOAD ./Drivers/CMSIS/DSP_Lib/Source/MatrixFunctions/arm_mat_mult_fast_q15.o
LOAD ./Drivers/CMSIS/DSP_Lib/Source/MatrixFunctions/arm_mat_mult_fast_q31.o
LOAD ./Drivers/CMSIS/DSP_Lib/Source/MatrixFunctions/arm_mat_mult_q15.o
LOAD ./Drivers/CMSIS/DSP_Lib/Source/MatrixFunctions/arm_mat_mult_q31.o
LOAD ./Drivers/CMSIS/DSP_Lib/Source/MatrixFunctions/arm_mat_scale_f32.o
LOAD ./Drivers/CMSIS/DSP_Lib/Source/MatrixFunctions/arm_mat_scale_q15.o
LOAD ./Drivers/CMSIS/DSP_Lib/Source/MatrixFunctions/arm_mat_scale_q31.o
LOAD ./Drivers/CMSIS/DSP_Lib/Source/MatrixFunctions/arm_mat_sub_f32.o
LOAD ./Drivers/CMSIS/DSP_Lib/Source/MatrixFunctions/arm_mat_sub_q15.o
LOAD ./Drivers/CMSIS/DSP_Lib/Source/MatrixFunctions/arm_mat_sub_q31.o
LOAD ./Drivers/CMSIS/DSP_Lib/Source/MatrixFunctions/arm_mat_trans_f32.o
LOAD ./Drivers/CMSIS/DSP_Lib/Source/MatrixFunctions/arm_mat_trans_q15.o
LOAD ./Drivers/CMSIS/DSP_Lib/Source/MatrixFunctions/arm_mat_trans_q31.o
LOAD ./Drivers/CMSIS/DSP_Lib/Source/FilteringFunctions/arm_biquad_cascade_df1_32x64_init_q31.o
LOAD ./Drivers/CMSIS/DSP_Lib/Source/FilteringFunctions/arm_biquad_cascade_df1_32x64_q31.o
LOAD ./Drivers/CMSIS/DSP_Lib/Source/FilteringFunctions/arm_biquad_cascade_df1_f32.o
LOAD ./Drivers/CMSIS/DSP_Lib/Source/FilteringFunctions/arm_biquad_cascade_df1_fast_q15.o
LOAD ./Drivers/CMSIS/DSP_Lib/Source/FilteringFunctions/arm_biquad_cascade_df1_fast_q31.o
LOAD ./Drivers/CMSIS/DSP_Lib/Source/FilteringFunctions/arm_biquad_cascade_df1_init_f32.o
LOAD ./Drivers/CMSIS/DSP_Lib/Source/FilteringFunctions/arm_biquad_cascade_df1_init_q15.o
LOAD ./Drivers/CMSIS/DSP_Lib/Source/FilteringFunctions/arm_biquad_cascade_df1_init_q31.o
LOAD ./Drivers/CMSIS/DSP_Lib/Source/FilteringFunctions/arm_biquad_cascade_df1_q15.o
LOAD ./Drivers/CMSIS/DSP_Lib/Source/FilteringFunctions/arm_biquad_cascade_df1_q31.o
LOAD ./Drivers/CMSIS/DSP_Lib/Source/FilteringFunctions/arm_biquad_cascade_df2T_f32.o
LOAD ./Drivers/CMSIS/DSP_Lib/Source/FilteringFunctions/arm_biquad_cascade_df2T_init_f32.o
LOAD ./Drivers/CMSIS/DSP_Lib/Source/FilteringFunctions/arm_conv_f32.o
LOAD ./Drivers/CMSIS/DSP_Lib/Source/FilteringFunctions/arm_conv_fast_opt_q15.o
LOAD ./Drivers/CMSIS/DSP_Lib/Source/FilteringFunctions/arm_conv_fast_q15.o
LOAD ./Drivers/CMSIS/DSP_Lib/Source/FilteringFunctions/arm_conv_fast_q31.o
LOAD ./Drivers/CMSIS/DSP_Lib/Source/FilteringFunctions/arm_conv_opt_q15.o
LOAD ./Drivers/CMSIS/DSP_Lib/Source/FilteringFunctions/arm_conv_opt_q7.o
LOAD ./Drivers/CMSIS/DSP_Lib/Source/FilteringFunctions/arm_conv_partial_f32.o
LOAD ./Drivers/CMSIS/DSP_Lib/Source/FilteringFunctions/arm_conv_partial_fast_opt_q15.o
LOAD ./Drivers/CMSIS/DSP_Lib/Source/FilteringFunctions/arm_conv_partial_fast_q15.o
LOAD ./Drivers/CMSIS/DSP_Lib/Source/FilteringFunctions/arm_conv_partial_fast_q31.o
LOAD ./Drivers/CMSIS/DSP_Lib/Source/FilteringFunctions/arm_conv_partial_opt_q15.o
LOAD ./Drivers/CMSIS/DSP_Lib/Source/FilteringFunctions/arm_conv_partial_opt_q7.o
LOAD ./Drivers/CMSIS/DSP_Lib/Source/FilteringFunctions/arm_conv_partial_q15.o
LOAD ./Drivers/CMSIS/DSP_Lib/Source/FilteringFunctions/arm_conv_partial_q31.o
LOAD ./Drivers/CMSIS/DSP_Lib/Source/FilteringFunctions/arm_conv_partial_q7.o
LOAD ./Drivers/CMSIS/DSP_Lib/Source/FilteringFunctions/arm_conv_q15.o
LOAD ./Drivers/CMSIS/DSP_Lib/Source/FilteringFunctions/arm_conv_q31.o
LOAD ./Drivers/CMSIS/DSP_Lib/Source/FilteringFunctions/arm_conv_q7.o
LOAD ./Drivers/CMSIS/DSP_Lib/Source/FilteringFunctions/arm_correlate_f32.o
LOAD ./Drivers/CMSIS/DSP_Lib/Source/FilteringFunctions/arm_correlate_fast_opt_q15.o
LOAD ./Drivers/CMSIS/DSP_Lib/Source/FilteringFunctions/arm_correlate_fast_q15.o
LOAD ./Drivers/CMSIS/DSP_Lib/Source/FilteringFunctions/arm_correlate_fast_q31.o
LOAD ./Drivers/CMSIS/DSP_Lib/Source/FilteringFunctions/arm_correlate_opt_q15.o
LOAD ./Drivers/CMSIS/DSP_Lib/Source/FilteringFunctions/arm_correlate_opt_q7.o
LOAD ./Drivers/CMSIS/DSP_Lib/Source/FilteringFunctions/arm_correlate_q15.o
LOAD ./Drivers/CMSIS/DSP_Lib/Source/FilteringFunctions/arm_correlate_q31.o
LOAD ./Drivers/CMSIS/DSP_Lib/Source/FilteringFunctions/arm_correlate_q7.o
LOAD ./Drivers/CMSIS/DSP_Lib/Source/FilteringFunctions/arm_fir_decimate_f32.o
LOAD ./Drivers/CMSIS/DSP_Lib/Source/FilteringFunctions/arm_fir_decimate_fast_q15.o
LOAD ./Drivers/CMSIS/DSP_Lib/Source/FilteringFunctions/arm_fir_decimate_fast_q31.o
LOAD ./Drivers/CMSIS/DSP_Lib/Source/FilteringFunctions/arm_fir_decimate_init_f32.o
LOAD ./Drivers/CMSIS/DSP_Lib/Source/FilteringFunctions/arm_fir_decimate_init_q15.o
LOAD ./Drivers/CMSIS/DSP_Lib/Source/FilteringFunctions/arm_fir_decimate_init_q31.o
LOAD ./Drivers/CMSIS/DSP_Lib/Source/FilteringFunctions/arm_fir_decimate_q15.o
LOAD ./Drivers/CMSIS/DSP_Lib/Source/FilteringFunctions/arm_fir_decimate_q31.o
LOAD ./Drivers/CMSIS/DSP_Lib/Source/FilteringFunctions/arm_fir_f32.o
LOAD ./Drivers/CMSIS/DSP_Lib/Source/FilteringFunctions/arm_fir_fast_q15.o
LOAD ./Drivers/CMSIS/DSP_Lib/Source/FilteringFunctions/arm_fir_fast_q31.o
LOAD ./Drivers/CMSIS/DSP_Lib/Source/FilteringFunctions/arm_fir_init_f32.o
LOAD ./Drivers/CMSIS/DSP_Lib/Source/FilteringFunctions/arm_fir_init_q15.o
LOAD ./Drivers/CMSIS/DSP_Lib/Source/FilteringFunctions/arm_fir_init_q31.o
LOAD ./Drivers/CMSIS/DSP_Lib/Source/FilteringFunctions/arm_fir_init_q7.o
LOAD ./Drivers/CMSIS/DSP_Lib/Source/FilteringFunctions/arm_fir_interpolate_f32.o
LOAD ./Drivers/CMSIS/DSP_Lib/Source/FilteringFunctions/arm_fir_interpolate_init_f32.o
LOAD ./Drivers/CMSIS/DSP_Lib/Source/FilteringFunctions/arm_fir_interpolate_init_q15.o
LOAD ./Drivers/CMSIS/DSP_Lib/Source/FilteringFunctions/arm_fir_interpolate_init_q31.o
LOAD ./Drivers/CMSIS/DSP_Lib/Source/FilteringFunctions/arm_fir_interpolate_q15.o
LOAD ./Drivers/CMSIS/DSP_Lib/Source/FilteringFunctions/arm_fir_interpolate_q31.o
LOAD ./Drivers/CMSIS/DSP_Lib/Source/FilteringFunctions/arm_fir_lattice_f32.o
LOAD ./Drivers/CMSIS/DSP_Lib/Source/FilteringFunctions/arm_fir_lattice_init_f32.o
LOAD ./Drivers/CMSIS/DSP_Lib/Source/FilteringFunctions/arm_fir_lattice_init_q15.o
LOAD ./Drivers/CMSIS/DSP_Lib/Source/FilteringFunctions/arm_fir_lattice_init_q31.o
LOAD ./Drivers/CMSIS/DSP_Lib/Source/FilteringFunctions/arm_fir_lattice_q15.o
LOAD ./Drivers/CMSIS/DSP_Lib/Source/FilteringFunctions/arm_fir_lattice_q31.o
LOAD ./Drivers/CMSIS/DSP_Lib/Source/FilteringFunctions/arm_fir_q15.o
LOAD ./Drivers/CMSIS/DSP_Lib/Source/FilteringFunctions/arm_fir_q31.o
LOAD ./Drivers/CMSIS/DSP_Lib/Source/FilteringFunctions/arm_fir_q7.o
LOAD ./Drivers/CMSIS/DSP_Lib/Source/FilteringFunctions/arm_fir_sparse_f32.o
LOAD ./Drivers/CMSIS/DSP_Lib/Source/FilteringFunctions/arm_fir_sparse_init_f32.o
LOAD ./Drivers/CMSIS/DSP_Lib/Source/FilteringFunctions/arm_fir_sparse_init_q15.o
LOAD ./Drivers/CMSIS/DSP_Lib/Source/FilteringFunctions/arm_fir_sparse_init_q31.o
LOAD ./Drivers/CMSIS/DSP_Lib/Source/FilteringFunctions/arm_fir_sparse_init_q7.o
LOAD ./Drivers/CMSIS/DSP_Lib/Source/FilteringFunctions/arm_fir_sparse_q15.o
LOAD ./Drivers/CMSIS/DSP_Lib/Source/FilteringFunctions/arm_fir_sparse_q31.o
LOAD ./Drivers/CMSIS/DSP_Lib/Source/FilteringFunctions/arm_fir_sparse_q7.o
LOAD ./Drivers/CMSIS/DSP_Lib/Source/FilteringFunctions/arm_iir_lattice_f32.o
LOAD ./Drivers/CMSIS/DSP_Lib/Source/FilteringFunctions/arm_iir_lattice_init_f32.o
LOAD ./Drivers/CMSIS/DSP_Lib/Source/FilteringFunctions/arm_iir_lattice_init_q15.o
LOAD ./Drivers/CMSIS/DSP_Lib/Source/FilteringFunctions/arm_iir_lattice_init_q31.o
LOAD ./Drivers/CMSIS/DSP_Lib/Source/FilteringFunctions/arm_iir_lattice_q15.o
LOAD ./Drivers/CMSIS/DSP_Lib/Source/FilteringFunctions/arm_iir_lattice_q31.o
LOAD ./Drivers/CMSIS/DSP_Lib/Source/FilteringFunctions/arm_lms_f32.o
LOAD ./Drivers/CMSIS/DSP_Lib/Source/FilteringFunctions/arm_lms_init_f32.o
LOAD ./Drivers/CMSIS/DSP_Lib/Source/FilteringFunctions/arm_lms_init_q15.o
LOAD ./Drivers/CMSIS/DSP_Lib/Source/FilteringFunctions/arm_lms_init_q31.o
LOAD ./Drivers/CMSIS/DSP_Lib/Source/FilteringFunctions/arm_lms_norm_f32.o
LOAD ./Drivers/CMSIS/DSP_Lib/Source/FilteringFunctions/arm_lms_norm_init_f32.o
LOAD ./Drivers/CMSIS/DSP_Lib/Source/FilteringFunctions/arm_lms_norm_init_q15.o
LOAD ./Drivers/CMSIS/DSP_Lib/Source/FilteringFunctions/arm_lms_norm_init_q31.o
LOAD ./Drivers/CMSIS/DSP_Lib/Source/FilteringFunctions/arm_lms_norm_q15.o
LOAD ./Drivers/CMSIS/DSP_Lib/Source/FilteringFunctions/arm_lms_norm_q31.o
LOAD ./Drivers/CMSIS/DSP_Lib/Source/FilteringFunctions/arm_lms_q15.o
LOAD ./Drivers/CMSIS/DSP_Lib/Source/FilteringFunctions/arm_lms_q31.o
LOAD ./Drivers/CMSIS/DSP_Lib/Source/FastMathFunctions/arm_cos_f32.o
LOAD ./Drivers/CMSIS/DSP_Lib/Source/FastMathFunctions/arm_cos_q15.o
LOAD ./Drivers/CMSIS/DSP_Lib/Source/FastMathFunctions/arm_cos_q31.o
LOAD ./Drivers/CMSIS/DSP_Lib/Source/FastMathFunctions/arm_sin_f32.o
LOAD ./Drivers/CMSIS/DSP_Lib/Source/FastMathFunctions/arm_sin_q15.o
LOAD ./Drivers/CMSIS/DSP_Lib/Source/FastMathFunctions/arm_sin_q31.o
LOAD ./Drivers/CMSIS/DSP_Lib/Source/FastMathFunctions/arm_sqrt_q15.o
LOAD ./Drivers/CMSIS/DSP_Lib/Source/FastMathFunctions/arm_sqrt_q31.o
LOAD ./Drivers/CMSIS/DSP_Lib/Source/ControllerFunctions/arm_pid_init_f32.o
LOAD ./Drivers/CMSIS/DSP_Lib/Source/ControllerFunctions/arm_pid_init_q15.o
LOAD ./Drivers/CMSIS/DSP_Lib/Source/ControllerFunctions/arm_pid_init_q31.o
LOAD ./Drivers/CMSIS/DSP_Lib/Source/ControllerFunctions/arm_pid_reset_f32.o
LOAD ./Drivers/CMSIS/DSP_Lib/Source/ControllerFunctions/arm_pid_reset_q15.o
LOAD ./Drivers/CMSIS/DSP_Lib/Source/ControllerFunctions/arm_pid_reset_q31.o
LOAD ./Drivers/CMSIS/DSP_Lib/Source/ControllerFunctions/arm_sin_cos_f32.o
LOAD ./Drivers/CMSIS/DSP_Lib/Source/ControllerFunctions/arm_sin_cos_q31.o
LOAD ./Drivers/CMSIS/DSP_Lib/Source/ComplexMathFunctions/arm_cmplx_conj_f32.o
LOAD ./Drivers/CMSIS/DSP_Lib/Source/ComplexMathFunctions/arm_cmplx_conj_q15.o
LOAD ./Drivers/CMSIS/DSP_Lib/Source/ComplexMathFunctions/arm_cmplx_conj_q31.o
LOAD ./Drivers/CMSIS/DSP_Lib/Source/ComplexMathFunctions/arm_cmplx_dot_prod_f32.o
LOAD ./Drivers/CMSIS/DSP_Lib/Source/ComplexMathFunctions/arm_cmplx_dot_prod_q15.o
LOAD ./Drivers/CMSIS/DSP_Lib/Source/ComplexMathFunctions/arm_cmplx_dot_prod_q31.o
LOAD ./Drivers/CMSIS/DSP_Lib/Source/ComplexMathFunctions/arm_cmplx_mag_f32.o
LOAD ./Drivers/CMSIS/DSP_Lib/Source/ComplexMathFunctions/arm_cmplx_mag_q15.o
LOAD ./Drivers/CMSIS/DSP_Lib/Source/ComplexMathFunctions/arm_cmplx_mag_q31.o
LOAD ./Drivers/CMSIS/DSP_Lib/Source/ComplexMathFunctions/arm_cmplx_mag_squared_f32.o
LOAD ./Drivers/CMSIS/DSP_Lib/Source/ComplexMathFunctions/arm_cmplx_mag_squared_q15.o
LOAD ./Drivers/CMSIS/DSP_Lib/Source/ComplexMathFunctions/arm_cmplx_mag_squared_q31.o
LOAD ./Drivers/CMSIS/DSP_Lib/Source/ComplexMathFunctions/arm_cmplx_mult_cmplx_f32.o
LOAD ./Drivers/CMSIS/DSP_Lib/Source/ComplexMathFunctions/arm_cmplx_mult_cmplx_q15.o
LOAD ./Drivers/CMSIS/DSP_Lib/Source/ComplexMathFunctions/arm_cmplx_mult_cmplx_q31.o
LOAD ./Drivers/CMSIS/DSP_Lib/Source/ComplexMathFunctions/arm_cmplx_mult_real_f32.o
LOAD ./Drivers/CMSIS/DSP_Lib/Source/ComplexMathFunctions/arm_cmplx_mult_real_q15.o
LOAD ./Drivers/CMSIS/DSP_Lib/Source/ComplexMathFunctions/arm_cmplx_mult_real_q31.o
LOAD ./Drivers/CMSIS/DSP_Lib/Source/CommonTables/arm_common_tables.o
LOAD ./Drivers/CMSIS/DSP_Lib/Source/BasicMathFunctions/arm_abs_f32.o
LOAD ./Drivers/CMSIS/DSP_Lib/Source/BasicMathFunctions/arm_abs_q15.o
LOAD ./Drivers/CMSIS/DSP_Lib/Source/BasicMathFunctions/arm_abs_q31.o
LOAD ./Drivers/CMSIS/DSP_Lib/Source/BasicMathFunctions/arm_abs_q7.o
LOAD ./Drivers/CMSIS/DSP_Lib/Source/BasicMathFunctions/arm_add_f32.o
LOAD ./Drivers/CMSIS/DSP_Lib/Source/BasicMathFunctions/arm_add_q15.o
LOAD ./Drivers/CMSIS/DSP_Lib/Source/BasicMathFunctions/arm_add_q31.o
LOAD ./Drivers/CMSIS/DSP_Lib/Source/BasicMathFunctions/arm_add_q7.o
LOAD ./Drivers/CMSIS/DSP_Lib/Source/BasicMathFunctions/arm_dot_prod_f32.o
LOAD ./Drivers/CMSIS/DSP_Lib/Source/BasicMathFunctions/arm_dot_prod_q15.o
LOAD ./Drivers/CMSIS/DSP_Lib/Source/BasicMathFunctions/arm_dot_prod_q31.o
LOAD ./Drivers/CMSIS/DSP_Lib/Source/BasicMathFunctions/arm_dot_prod_q7.o
LOAD ./Drivers/CMSIS/DSP_Lib/Source/BasicMathFunctions/arm_mult_f32.o
LOAD ./Drivers/CMSIS/DSP_Lib/Source/BasicMathFunctions/arm_mult_q15.o
LOAD ./Drivers/CMSIS/DSP_Lib/Source/BasicMathFunctions/arm_mult_q31.o
LOAD ./Drivers/CMSIS/DSP_Lib/Source/BasicMathFunctions/arm_mult_q7.o
LOAD ./Drivers/CMSIS/DSP_Lib/Source/BasicMathFunctions/arm_negate_f32.o
LOAD ./Drivers/CMSIS/DSP_Lib/Source/BasicMathFunctions/arm_negate_q15.o
LOAD ./Drivers/CMSIS/DSP_Lib/Source/BasicMathFunctions/arm_negate_q31.o
LOAD ./Drivers/CMSIS/DSP_Lib/Source/BasicMathFunctions/arm_negate_q7.o
LOAD ./Drivers/CMSIS/DSP_Lib/Source/BasicMathFunctions/arm_offset_f32.o
LOAD ./Drivers/CMSIS/DSP_Lib/Source/BasicMathFunctions/arm_offset_q15.o
LOAD ./Drivers/CMSIS/DSP_Lib/Source/BasicMathFunctions/arm_offset_q31.o
LOAD ./Drivers/CMSIS/DSP_Lib/Source/BasicMathFunctions/arm_offset_q7.o
LOAD ./Drivers/CMSIS/DSP_Lib/Source/BasicMathFunctions/arm_scale_f32.o
LOAD ./Drivers/CMSIS/DSP_Lib/Source/BasicMathFunctions/arm_scale_q15.o
LOAD ./Drivers/CMSIS/DSP_Lib/Source/BasicMathFunctions/arm_scale_q31.o
LOAD ./Drivers/CMSIS/DSP_Lib/Source/BasicMathFunctions/arm_scale_q7.o
LOAD ./Drivers/CMSIS/DSP_Lib/Source/BasicMathFunctions/arm_shift_q15.o
LOAD ./Drivers/CMSIS/DSP_Lib/Source/BasicMathFunctions/arm_shift_q31.o
LOAD ./Drivers/CMSIS/DSP_Lib/Source/BasicMathFunctions/arm_shift_q7.o
LOAD ./Drivers/CMSIS/DSP_Lib/Source/BasicMathFunctions/arm_sub_f32.o
LOAD ./Drivers/CMSIS/DSP_Lib/Source/BasicMathFunctions/arm_sub_q15.o
LOAD ./Drivers/CMSIS/DSP_Lib/Source/BasicMathFunctions/arm_sub_q31.o
LOAD ./Drivers/CMSIS/DSP_Lib/Source/BasicMathFunctions/arm_sub_q7.o
LOAD /usr/bin/../lib/gcc/arm-none-eabi/4.9.3/../../../../arm-none-eabi/lib/armv7e-m/fpu/libg.a
LOAD /usr/bin/../lib/gcc/arm-none-eabi/4.9.3/../../../../arm-none-eabi/lib/armv7e-m/fpu/libnosys.a
LOAD /usr/bin/../lib/gcc/arm-none-eabi/4.9.3/../../../../arm-none-eabi/lib/armv7e-m/fpu/libstdc++.a
LOAD /usr/bin/../lib/gcc/arm-none-eabi/4.9.3/../../../../arm-none-eabi/lib/armv7e-m/fpu/libm.a
START GROUP
LOAD /usr/bin/../lib/gcc/arm-none-eabi/4.9.3/armv7e-m/fpu/libgcc.a
LOAD /usr/bin/../lib/gcc/arm-none-eabi/4.9.3/../../../../arm-none-eabi/lib/armv7e-m/fpu/libg.a
LOAD /usr/bin/../lib/gcc/arm-none-eabi/4.9.3/../../../../arm-none-eabi/lib/armv7e-m/fpu/libc.a
END GROUP
LOAD /usr/bin/../lib/gcc/arm-none-eabi/4.9.3/armv7e-m/fpu/crtend.o
LOAD /usr/bin/../lib/gcc/arm-none-eabi/4.9.3/armv7e-m/fpu/crtn.o
                0x20020000                _estack = 0x20020000
                0x00000000                _Min_Heap_Size = 0x0
                0x00000400                _Min_Stack_Size = 0x400

.isr_vector     0x08000000      0x188
                0x08000000                . = ALIGN (0x4)
 *(.isr_vector)
 .isr_vector    0x08000000      0x188 ./src/startup_stm32f4xx.o
                0x08000000                g_pfnVectors
                0x08000188                . = ALIGN (0x4)

.eeprom         0x08004000     0xc000
                0x08004000                . = ALIGN (0x4)
 *(.eeprom)
                0x0800ffff                . = ((ORIGIN (EEPROM) + 0xc000) - 0x1)
 *fill*         0x08004000     0xbfff ff
                0x0800ffff        0x1 BYTE 0xff
                0x08010000                . = ALIGN (0x4)

.bkpsram        0x40024000        0x0
                0x40024000                . = ALIGN (0x4)
 *(.bkpsram)
                0x40024000                . = ALIGN (0x4)

.text           0x08010000     0xc248
                0x08010000                . = ALIGN (0x4)
 *(.text)
 .text          0x08010000       0x5c /usr/bin/../lib/gcc/arm-none-eabi/4.9.3/armv7e-m/fpu/crtbegin.o
 .text          0x0801005c      0x134 /usr/bin/../lib/gcc/arm-none-eabi/4.9.3/../../../../arm-none-eabi/lib/armv7e-m/fpu/libg.a(lib_a-memcpy.o)
                0x0801005c                memcpy
 .text          0x08010190      0x370 /usr/bin/../lib/gcc/arm-none-eabi/4.9.3/armv7e-m/fpu/libgcc.a(_arm_addsubdf3.o)
                0x08010190                __aeabi_drsub
                0x08010198                __aeabi_dsub
                0x08010198                __subdf3
                0x0801019c                __adddf3
                0x0801019c                __aeabi_dadd
                0x08010414                __aeabi_ui2d
                0x08010414                __floatunsidf
                0x08010434                __floatsidf
                0x08010434                __aeabi_i2d
                0x08010458                __extendsfdf2
                0x08010458                __aeabi_f2d
                0x08010494                __aeabi_ul2d
                0x08010494                __floatundidf
                0x080104a4                __floatdidf
                0x080104a4                __aeabi_l2d
 .text          0x08010500      0x424 /usr/bin/../lib/gcc/arm-none-eabi/4.9.3/armv7e-m/fpu/libgcc.a(_arm_muldivdf3.o)
                0x08010500                __aeabi_dmul
                0x08010500                __muldf3
                0x08010754                __aeabi_ddiv
                0x08010754                __divdf3
 .text          0x08010924      0x110 /usr/bin/../lib/gcc/arm-none-eabi/4.9.3/armv7e-m/fpu/libgcc.a(_arm_cmpdf2.o)
                0x08010924                __gtdf2
                0x08010924                __gedf2
                0x0801092c                __ltdf2
                0x0801092c                __ledf2
                0x08010934                __cmpdf2
                0x08010934                __eqdf2
                0x08010934                __nedf2
                0x080109b0                __aeabi_cdrcmple
                0x080109c0                __aeabi_cdcmple
                0x080109c0                __aeabi_cdcmpeq
                0x080109d0                __aeabi_dcmpeq
                0x080109e4                __aeabi_dcmplt
                0x080109f8                __aeabi_dcmple
                0x08010a0c                __aeabi_dcmpge
                0x08010a20                __aeabi_dcmpgt
 .text          0x08010a34       0xa0 /usr/bin/../lib/gcc/arm-none-eabi/4.9.3/armv7e-m/fpu/libgcc.a(_arm_truncdfsf2.o)
                0x08010a34                __aeabi_d2f
                0x08010a34                __truncdfsf2
 .text          0x08010ad4       0x30 /usr/bin/../lib/gcc/arm-none-eabi/4.9.3/armv7e-m/fpu/libgcc.a(_aeabi_uldivmod.o)
                0x08010ad4                __aeabi_uldivmod
 .text          0x08010b04       0x60 /usr/bin/../lib/gcc/arm-none-eabi/4.9.3/armv7e-m/fpu/libgcc.a(bpabi.o)
                0x08010b04                __gnu_ldivmod_helper
                0x08010b34                __gnu_uldivmod_helper
 .text          0x08010b64        0x4 /usr/bin/../lib/gcc/arm-none-eabi/4.9.3/armv7e-m/fpu/libgcc.a(_dvmd_tls.o)
                0x08010b64                __aeabi_ldiv0
                0x08010b64                __aeabi_idiv0
 .text          0x08010b68      0x29c /usr/bin/../lib/gcc/arm-none-eabi/4.9.3/armv7e-m/fpu/libgcc.a(_divdi3.o)
                0x08010b68                __divdi3
 .text          0x08010e04      0x26c /usr/bin/../lib/gcc/arm-none-eabi/4.9.3/armv7e-m/fpu/libgcc.a(_udivdi3.o)
                0x08010e04                __udivdi3
 *(.text*)
 .text.spectral_noise_reduction_3
                0x08011070      0x770 ./src/audio_nr.o
                0x08011070                spectral_noise_reduction_3
 .text.init_debug_blinky
                0x080117e0       0x38 ./src/debugblinky.o
                0x080117e0                init_debug_blinky
 .text.fifo_create
                0x08011818       0x4c ./src/fifo.o
                0x08011818                fifo_create
 .text.fifo_write
                0x08011864       0x64 ./src/fifo.o
                0x08011864                fifo_write
 .text.fifo_read
                0x080118c8       0x64 ./src/fifo.o
                0x080118c8                fifo_read
 .text.startup.main
                0x0801192c       0xec ./src/main.o
                0x0801192c                main
 .text.sm1000_leds_switches_init
                0x08011a18       0x84 ./src/sm1000_leds_switches.o
                0x08011a18                sm1000_leds_switches_init
 .text.led_pwr  0x08011a9c       0x24 ./src/sm1000_leds_switches.o
                0x08011a9c                led_pwr
 .text.led_ptt  0x08011ac0       0x20 ./src/sm1000_leds_switches.o
                0x08011ac0                led_ptt
 .text.led_rt   0x08011ae0       0x24 ./src/sm1000_leds_switches.o
                0x08011ae0                led_rt
 .text.led_err  0x08011b04       0x24 ./src/sm1000_leds_switches.o
                0x08011b04                led_err
 .text.not_cptt
                0x08011b28       0x1c ./src/sm1000_leds_switches.o
                0x08011b28                not_cptt
 .text.nr_on    0x08011b44       0x10 ./src/sm1000_leds_switches.o
                0x08011b44                nr_on
 .text.ColorfulRingOfDeath
                0x08011b54       0x40 ./src/sm1000_leds_switches.o
                0x08011b54                ColorfulRingOfDeath
 .text.HardFault_Handler
                0x08011b94        0x8 ./src/sm1000_leds_switches.o
                0x08011b94                HardFault_Handler
 .text.MemManage_Handler
                0x08011b9c        0x8 ./src/sm1000_leds_switches.o
                0x08011b9c                MemManage_Handler
 .text.BusFault_Handler
                0x08011ba4        0x8 ./src/sm1000_leds_switches.o
                0x08011ba4                BusFault_Handler
 .text.UsageFault_Handler
                0x08011bac        0x8 ./src/sm1000_leds_switches.o
                0x08011bac                UsageFault_Handler
 .text.Reset_Handler
                0x08011bb4       0x48 ./src/startup_stm32f4xx.o
                0x08011bb4                Reset_Handler
 .text.Default_Handler
                0x08011bfc        0x2 ./src/startup_stm32f4xx.o
                0x08011bfc                RTC_Alarm_IRQHandler
                0x08011bfc                HASH_RNG_IRQHandler
                0x08011bfc                EXTI2_IRQHandler
                0x08011bfc                TIM8_CC_IRQHandler
                0x08011bfc                DebugMon_Handler
                0x08011bfc                TIM1_CC_IRQHandler
                0x08011bfc                DMA2_Stream5_IRQHandler
                0x08011bfc                SysTick_Handler
                0x08011bfc                PVD_IRQHandler
                0x08011bfc                SDIO_IRQHandler
                0x08011bfc                TAMP_STAMP_IRQHandler
                0x08011bfc                PendSV_Handler
                0x08011bfc                NMI_Handler
                0x08011bfc                CAN2_RX1_IRQHandler
                0x08011bfc                EXTI3_IRQHandler
                0x08011bfc                TIM8_TRG_COM_TIM14_IRQHandler
                0x08011bfc                TIM1_UP_TIM10_IRQHandler
                0x08011bfc                TIM8_UP_TIM13_IRQHandler
                0x08011bfc                I2C3_ER_IRQHandler
                0x08011bfc                EXTI0_IRQHandler
                0x08011bfc                I2C2_EV_IRQHandler
                0x08011bfc                DMA1_Stream2_IRQHandler
                0x08011bfc                CAN1_RX0_IRQHandler
                0x08011bfc                FPU_IRQHandler
                0x08011bfc                OTG_HS_WKUP_IRQHandler
                0x08011bfc                CAN2_SCE_IRQHandler
                0x08011bfc                DMA2_Stream2_IRQHandler
                0x08011bfc                SPI1_IRQHandler
                0x08011bfc                TIM6_DAC_IRQHandler
                0x08011bfc                TIM1_BRK_TIM9_IRQHandler
                0x08011bfc                DCMI_IRQHandler
                0x08011bfc                CAN2_RX0_IRQHandler
                0x08011bfc                DMA2_Stream3_IRQHandler
                0x08011bfc                USART6_IRQHandler
                0x08011bfc                USART3_IRQHandler
                0x08011bfc                CRYP_IRQHandler
                0x08011bfc                CAN1_RX1_IRQHandler
                0x08011bfc                UART5_IRQHandler
                0x08011bfc                TIM4_IRQHandler
                0x08011bfc                I2C1_EV_IRQHandler
                0x08011bfc                DMA1_Stream1_IRQHandler
                0x08011bfc                UART4_IRQHandler
                0x08011bfc                TIM3_IRQHandler
                0x08011bfc                RCC_IRQHandler
                0x08011bfc                TIM8_BRK_TIM12_IRQHandler
                0x08011bfc                Default_Handler
                0x08011bfc                EXTI15_10_IRQHandler
                0x08011bfc                ADC_IRQHandler
                0x08011bfc                DMA1_Stream7_IRQHandler
                0x08011bfc                TIM7_IRQHandler
                0x08011bfc                CAN2_TX_IRQHandler
                0x08011bfc                TIM5_IRQHandler
                0x08011bfc                DMA2_Stream7_IRQHandler
                0x08011bfc                I2C3_EV_IRQHandler
                0x08011bfc                EXTI9_5_IRQHandler
                0x08011bfc                RTC_WKUP_IRQHandler
                0x08011bfc                ETH_WKUP_IRQHandler
                0x08011bfc                SPI2_IRQHandler
                0x08011bfc                OTG_HS_EP1_IN_IRQHandler
                0x08011bfc                DMA1_Stream0_IRQHandler
                0x08011bfc                CAN1_TX_IRQHandler
                0x08011bfc                SVC_Handler
                0x08011bfc                EXTI4_IRQHandler
                0x08011bfc                FSMC_IRQHandler
                0x08011bfc                ETH_IRQHandler
                0x08011bfc                OTG_HS_EP1_OUT_IRQHandler
                0x08011bfc                WWDG_IRQHandler
                0x08011bfc                TIM2_IRQHandler
                0x08011bfc                OTG_FS_WKUP_IRQHandler
                0x08011bfc                TIM1_TRG_COM_TIM11_IRQHandler
                0x08011bfc                OTG_HS_IRQHandler
                0x08011bfc                EXTI1_IRQHandler
                0x08011bfc                USART2_IRQHandler
                0x08011bfc                I2C2_ER_IRQHandler
                0x08011bfc                DMA2_Stream1_IRQHandler
                0x08011bfc                CAN1_SCE_IRQHandler
                0x08011bfc                FLASH_IRQHandler
                0x08011bfc                DMA2_Stream4_IRQHandler
                0x08011bfc                USART1_IRQHandler
                0x08011bfc                OTG_FS_IRQHandler
                0x08011bfc                SPI3_IRQHandler
                0x08011bfc                DMA1_Stream4_IRQHandler
                0x08011bfc                I2C1_ER_IRQHandler
                0x08011bfc                DMA2_Stream6_IRQHandler
                0x08011bfc                DMA1_Stream3_IRQHandler
 *fill*         0x08011bfe        0x2 
 .text.adc2_read
                0x08011c00       0x10 ./src/stm32f4_adc.o
                0x08011c00                adc2_read
 .text.adc_configure
                0x08011c10      0x144 ./src/stm32f4_adc.o
                0x08011c10                adc_configure
 .text.adc_open
                0x08011d54       0x98 ./src/stm32f4_adc.o
                0x08011d54                adc_open
 .text.DMA2_Stream0_IRQHandler
                0x08011dec      0x144 ./src/stm32f4_adc.o
                0x08011dec                DMA2_Stream0_IRQHandler
 .text.dac_open
                0x08011f30      0x254 ./src/stm32f4_dac.o
                0x08011f30                dac_open
 .text.dac1_write
                0x08012184       0x10 ./src/stm32f4_dac.o
                0x08012184                dac1_write
 .text.DMA1_Stream5_IRQHandler
                0x08012194      0x128 ./src/stm32f4_dac.o
                0x08012194                DMA1_Stream5_IRQHandler
 .text.DMA1_Stream6_IRQHandler
                0x080122bc      0x128 ./src/stm32f4_dac.o
                0x080122bc                DMA1_Stream6_IRQHandler
 .text.SystemInit
                0x080123e4      0x100 ./src/system_stm32f4xx.o
                0x080123e4                SystemInit
 .text.NVIC_Init
                0x080124e4       0xc0 ./Drivers/STM32F4xx_StdPeriph_Driver/src/misc.o
                0x080124e4                NVIC_Init
 .text.ADC_DeInit
                0x080125a4       0x1c ./Drivers/STM32F4xx_StdPeriph_Driver/src/stm32f4xx_adc.o
                0x080125a4                ADC_DeInit
 .text.ADC_Init
                0x080125c0       0xa8 ./Drivers/STM32F4xx_StdPeriph_Driver/src/stm32f4xx_adc.o
                0x080125c0                ADC_Init
 .text.ADC_Cmd  0x08012668       0x38 ./Drivers/STM32F4xx_StdPeriph_Driver/src/stm32f4xx_adc.o
                0x08012668                ADC_Cmd
 .text.ADC_RegularChannelConfig
                0x080126a0      0x194 ./Drivers/STM32F4xx_StdPeriph_Driver/src/stm32f4xx_adc.o
                0x080126a0                ADC_RegularChannelConfig
 .text.ADC_SoftwareStartConv
                0x08012834       0x20 ./Drivers/STM32F4xx_StdPeriph_Driver/src/stm32f4xx_adc.o
                0x08012834                ADC_SoftwareStartConv
 .text.ADC_DMACmd
                0x08012854       0x38 ./Drivers/STM32F4xx_StdPeriph_Driver/src/stm32f4xx_adc.o
                0x08012854                ADC_DMACmd
 .text.ADC_DMARequestAfterLastTransferCmd
                0x0801288c       0x38 ./Drivers/STM32F4xx_StdPeriph_Driver/src/stm32f4xx_adc.o
                0x0801288c                ADC_DMARequestAfterLastTransferCmd
 .text.DAC_Init
                0x080128c4       0x64 ./Drivers/STM32F4xx_StdPeriph_Driver/src/stm32f4xx_dac.o
                0x080128c4                DAC_Init
 .text.DAC_StructInit
                0x08012928       0x2c ./Drivers/STM32F4xx_StdPeriph_Driver/src/stm32f4xx_dac.o
                0x08012928                DAC_StructInit
 .text.DAC_Cmd  0x08012954       0x48 ./Drivers/STM32F4xx_StdPeriph_Driver/src/stm32f4xx_dac.o
                0x08012954                DAC_Cmd
 .text.DAC_DMACmd
                0x0801299c       0x4c ./Drivers/STM32F4xx_StdPeriph_Driver/src/stm32f4xx_dac.o
                0x0801299c                DAC_DMACmd
 .text.DMA_DeInit
                0x080129e8      0x1a4 ./Drivers/STM32F4xx_StdPeriph_Driver/src/stm32f4xx_dma.o
                0x080129e8                DMA_DeInit
 .text.DMA_Init
                0x08012b8c       0xac ./Drivers/STM32F4xx_StdPeriph_Driver/src/stm32f4xx_dma.o
                0x08012b8c                DMA_Init
 .text.DMA_Cmd  0x08012c38       0x38 ./Drivers/STM32F4xx_StdPeriph_Driver/src/stm32f4xx_dma.o
                0x08012c38                DMA_Cmd
 .text.DMA_ITConfig
                0x08012c70       0x74 ./Drivers/STM32F4xx_StdPeriph_Driver/src/stm32f4xx_dma.o
                0x08012c70                DMA_ITConfig
 .text.DMA_GetITStatus
                0x08012ce4       0xb0 ./Drivers/STM32F4xx_StdPeriph_Driver/src/stm32f4xx_dma.o
                0x08012ce4                DMA_GetITStatus
 .text.DMA_ClearITPendingBit
                0x08012d94       0x5c ./Drivers/STM32F4xx_StdPeriph_Driver/src/stm32f4xx_dma.o
                0x08012d94                DMA_ClearITPendingBit
 .text.GPIO_Init
                0x08012df0      0x11c ./Drivers/STM32F4xx_StdPeriph_Driver/src/stm32f4xx_gpio.o
                0x08012df0                GPIO_Init
 .text.RCC_AHB1PeriphClockCmd
                0x08012f0c       0x3c ./Drivers/STM32F4xx_StdPeriph_Driver/src/stm32f4xx_rcc.o
                0x08012f0c                RCC_AHB1PeriphClockCmd
 .text.RCC_APB1PeriphClockCmd
                0x08012f48       0x3c ./Drivers/STM32F4xx_StdPeriph_Driver/src/stm32f4xx_rcc.o
                0x08012f48                RCC_APB1PeriphClockCmd
 .text.RCC_APB2PeriphClockCmd
                0x08012f84       0x3c ./Drivers/STM32F4xx_StdPeriph_Driver/src/stm32f4xx_rcc.o
                0x08012f84                RCC_APB2PeriphClockCmd
 .text.RCC_APB2PeriphResetCmd
                0x08012fc0       0x3c ./Drivers/STM32F4xx_StdPeriph_Driver/src/stm32f4xx_rcc.o
                0x08012fc0                RCC_APB2PeriphResetCmd
 .text.TIM_TimeBaseInit
                0x08012ffc       0xd4 ./Drivers/STM32F4xx_StdPeriph_Driver/src/stm32f4xx_tim.o
                0x08012ffc                TIM_TimeBaseInit
 .text.TIM_TimeBaseStructInit
                0x080130d0       0x34 ./Drivers/STM32F4xx_StdPeriph_Driver/src/stm32f4xx_tim.o
                0x080130d0                TIM_TimeBaseStructInit
 .text.TIM_Cmd  0x08013104       0x40 ./Drivers/STM32F4xx_StdPeriph_Driver/src/stm32f4xx_tim.o
                0x08013104                TIM_Cmd
 .text.TIM_SelectOutputTrigger
                0x08013144       0x38 ./Drivers/STM32F4xx_StdPeriph_Driver/src/stm32f4xx_tim.o
                0x08013144                TIM_SelectOutputTrigger
 .text.arm_cfft_radix8by2_f32
                0x0801317c      0x3f0 ./Drivers/CMSIS/DSP_Lib/Source/TransformFunctions/arm_cfft_f32.o
                0x0801317c                arm_cfft_radix8by2_f32
 .text.arm_cfft_radix8by4_f32
                0x0801356c      0xc64 ./Drivers/CMSIS/DSP_Lib/Source/TransformFunctions/arm_cfft_f32.o
                0x0801356c                arm_cfft_radix8by4_f32
 .text.arm_cfft_f32
                0x080141d0      0x14c ./Drivers/CMSIS/DSP_Lib/Source/TransformFunctions/arm_cfft_f32.o
                0x080141d0                arm_cfft_f32
 .text.arm_radix8_butterfly_f32
                0x0801431c     0x1008 ./Drivers/CMSIS/DSP_Lib/Source/TransformFunctions/arm_cfft_radix8_f32.o
                0x0801431c                arm_radix8_butterfly_f32
 .text.__assert_func
                0x08015324       0x3c /usr/bin/../lib/gcc/arm-none-eabi/4.9.3/../../../../arm-none-eabi/lib/armv7e-m/fpu/libg.a(lib_a-assert.o)
                0x08015324                __assert_func
 .text.fiprintf
                0x08015360       0x28 /usr/bin/../lib/gcc/arm-none-eabi/4.9.3/../../../../arm-none-eabi/lib/armv7e-m/fpu/libg.a(lib_a-fiprintf.o)
                0x08015360                fiprintf
 .text.__libc_init_array
                0x08015388       0x50 /usr/bin/../lib/gcc/arm-none-eabi/4.9.3/../../../../arm-none-eabi/lib/armv7e-m/fpu/libg.a(lib_a-init.o)
                0x08015388                __libc_init_array
 .text.malloc   0x080153d8       0x10 /usr/bin/../lib/gcc/arm-none-eabi/4.9.3/../../../../arm-none-eabi/lib/armv7e-m/fpu/libg.a(lib_a-malloc.o)
                0x080153d8                malloc
 .text._malloc_r
                0x080153e8      0x524 /usr/bin/../lib/gcc/arm-none-eabi/4.9.3/../../../../arm-none-eabi/lib/armv7e-m/fpu/libg.a(lib_a-mallocr.o)
                0x080153e8                _malloc_r
 .text.memset   0x0801590c       0x9c /usr/bin/../lib/gcc/arm-none-eabi/4.9.3/../../../../arm-none-eabi/lib/armv7e-m/fpu/libg.a(lib_a-memset.o)
                0x0801590c                memset
 .text.__malloc_lock
                0x080159a8        0x4 /usr/bin/../lib/gcc/arm-none-eabi/4.9.3/../../../../arm-none-eabi/lib/armv7e-m/fpu/libg.a(lib_a-mlock.o)
                0x080159a8                __malloc_lock
 .text.__malloc_unlock
                0x080159ac        0x4 /usr/bin/../lib/gcc/arm-none-eabi/4.9.3/../../../../arm-none-eabi/lib/armv7e-m/fpu/libg.a(lib_a-mlock.o)
                0x080159ac                __malloc_unlock
 .text._sbrk_r  0x080159b0       0x24 /usr/bin/../lib/gcc/arm-none-eabi/4.9.3/../../../../arm-none-eabi/lib/armv7e-m/fpu/libg.a(lib_a-sbrkr.o)
                0x080159b0                _sbrk_r
 .text.__sprint_r.part.0
                0x080159d4       0x78 /usr/bin/../lib/gcc/arm-none-eabi/4.9.3/../../../../arm-none-eabi/lib/armv7e-m/fpu/libg.a(lib_a-vfiprintf.o)
 .text._vfiprintf_r
                0x08015a4c      0xc10 /usr/bin/../lib/gcc/arm-none-eabi/4.9.3/../../../../arm-none-eabi/lib/armv7e-m/fpu/libg.a(lib_a-vfiprintf.o)
                0x08015a4c                _vfiprintf_r
 .text.__sbprintf
                0x0801665c       0x78 /usr/bin/../lib/gcc/arm-none-eabi/4.9.3/../../../../arm-none-eabi/lib/armv7e-m/fpu/libg.a(lib_a-vfiprintf.o)
 .text.__swsetup_r
                0x080166d4       0xc4 /usr/bin/../lib/gcc/arm-none-eabi/4.9.3/../../../../arm-none-eabi/lib/armv7e-m/fpu/libg.a(lib_a-wsetup.o)
                0x080166d4                __swsetup_r
 .text.startup.register_fini
                0x08016798       0x14 /usr/bin/../lib/gcc/arm-none-eabi/4.9.3/../../../../arm-none-eabi/lib/armv7e-m/fpu/libg.a(lib_a-__call_atexit.o)
 .text.abort    0x080167ac       0x10 /usr/bin/../lib/gcc/arm-none-eabi/4.9.3/../../../../arm-none-eabi/lib/armv7e-m/fpu/libg.a(lib_a-abort.o)
                0x080167ac                abort
 .text.atexit   0x080167bc        0xc /usr/bin/../lib/gcc/arm-none-eabi/4.9.3/../../../../arm-none-eabi/lib/armv7e-m/fpu/libg.a(lib_a-atexit.o)
                0x080167bc                atexit
 .text.__sflush_r
                0x080167c8      0x154 /usr/bin/../lib/gcc/arm-none-eabi/4.9.3/../../../../arm-none-eabi/lib/armv7e-m/fpu/libg.a(lib_a-fflush.o)
                0x080167c8                __sflush_r
 .text._fflush_r
                0x0801691c       0x2c /usr/bin/../lib/gcc/arm-none-eabi/4.9.3/../../../../arm-none-eabi/lib/armv7e-m/fpu/libg.a(lib_a-fflush.o)
                0x0801691c                _fflush_r
 .text._cleanup_r
                0x08016948        0xc /usr/bin/../lib/gcc/arm-none-eabi/4.9.3/../../../../arm-none-eabi/lib/armv7e-m/fpu/libg.a(lib_a-findfp.o)
                0x08016948                _cleanup_r
 .text.__sinit.part.1
                0x08016954       0xf0 /usr/bin/../lib/gcc/arm-none-eabi/4.9.3/../../../../arm-none-eabi/lib/armv7e-m/fpu/libg.a(lib_a-findfp.o)
 .text.__sinit  0x08016a44        0xc /usr/bin/../lib/gcc/arm-none-eabi/4.9.3/../../../../arm-none-eabi/lib/armv7e-m/fpu/libg.a(lib_a-findfp.o)
                0x08016a44                __sinit
 .text.__sfp_lock_acquire
                0x08016a50        0x4 /usr/bin/../lib/gcc/arm-none-eabi/4.9.3/../../../../arm-none-eabi/lib/armv7e-m/fpu/libg.a(lib_a-findfp.o)
                0x08016a50                __sfp_lock_acquire
 .text.__sfp_lock_release
                0x08016a54        0x4 /usr/bin/../lib/gcc/arm-none-eabi/4.9.3/../../../../arm-none-eabi/lib/armv7e-m/fpu/libg.a(lib_a-findfp.o)
                0x08016a54                __sfp_lock_release
 .text.__libc_fini_array
                0x08016a58       0x2c /usr/bin/../lib/gcc/arm-none-eabi/4.9.3/../../../../arm-none-eabi/lib/armv7e-m/fpu/libg.a(lib_a-fini.o)
                0x08016a58                __libc_fini_array
 .text.__fputwc
                0x08016a84       0xb0 /usr/bin/../lib/gcc/arm-none-eabi/4.9.3/../../../../arm-none-eabi/lib/armv7e-m/fpu/libg.a(lib_a-fputwc.o)
                0x08016a84                __fputwc
 .text._fputwc_r
                0x08016b34       0x24 /usr/bin/../lib/gcc/arm-none-eabi/4.9.3/../../../../arm-none-eabi/lib/armv7e-m/fpu/libg.a(lib_a-fputwc.o)
                0x08016b34                _fputwc_r
 .text._malloc_trim_r
                0x08016b58       0x9c /usr/bin/../lib/gcc/arm-none-eabi/4.9.3/../../../../arm-none-eabi/lib/armv7e-m/fpu/libg.a(lib_a-freer.o)
                0x08016b58                _malloc_trim_r
 .text._free_r  0x08016bf4      0x1b0 /usr/bin/../lib/gcc/arm-none-eabi/4.9.3/../../../../arm-none-eabi/lib/armv7e-m/fpu/libg.a(lib_a-freer.o)
                0x08016bf4                _free_r
 .text.__sfvwrite_r
                0x08016da4      0x318 /usr/bin/../lib/gcc/arm-none-eabi/4.9.3/../../../../arm-none-eabi/lib/armv7e-m/fpu/libg.a(lib_a-fvwrite.o)
                0x08016da4                __sfvwrite_r
 .text._fwalk_reent
                0x080170bc       0x54 /usr/bin/../lib/gcc/arm-none-eabi/4.9.3/../../../../arm-none-eabi/lib/armv7e-m/fpu/libg.a(lib_a-fwalk.o)
                0x080170bc                _fwalk_reent
 .text.__locale_charset
                0x08017110        0x8 /usr/bin/../lib/gcc/arm-none-eabi/4.9.3/../../../../arm-none-eabi/lib/armv7e-m/fpu/libg.a(lib_a-locale.o)
                0x08017110                __locale_charset
 .text.__locale_mb_cur_max
                0x08017118        0xc /usr/bin/../lib/gcc/arm-none-eabi/4.9.3/../../../../arm-none-eabi/lib/armv7e-m/fpu/libg.a(lib_a-locale.o)
                0x08017118                __locale_mb_cur_max
 .text.__smakebuf_r
                0x08017124       0xe0 /usr/bin/../lib/gcc/arm-none-eabi/4.9.3/../../../../arm-none-eabi/lib/armv7e-m/fpu/libg.a(lib_a-makebuf.o)
                0x08017124                __smakebuf_r
 .text.memchr   0x08017204       0x94 /usr/bin/../lib/gcc/arm-none-eabi/4.9.3/../../../../arm-none-eabi/lib/armv7e-m/fpu/libg.a(lib_a-memchr.o)
                0x08017204                memchr
 .text.memmove  0x08017298       0xc8 /usr/bin/../lib/gcc/arm-none-eabi/4.9.3/../../../../arm-none-eabi/lib/armv7e-m/fpu/libg.a(lib_a-memmove.o)
                0x08017298                memmove
 .text._realloc_r
                0x08017360      0x3ec /usr/bin/../lib/gcc/arm-none-eabi/4.9.3/../../../../arm-none-eabi/lib/armv7e-m/fpu/libg.a(lib_a-reallocr.o)
                0x08017360                _realloc_r
 .text._raise_r
                0x0801774c       0x58 /usr/bin/../lib/gcc/arm-none-eabi/4.9.3/../../../../arm-none-eabi/lib/armv7e-m/fpu/libg.a(lib_a-signal.o)
                0x0801774c                _raise_r
 .text.raise    0x080177a4       0x10 /usr/bin/../lib/gcc/arm-none-eabi/4.9.3/../../../../arm-none-eabi/lib/armv7e-m/fpu/libg.a(lib_a-signal.o)
                0x080177a4                raise
 .text._kill_r  0x080177b4       0x28 /usr/bin/../lib/gcc/arm-none-eabi/4.9.3/../../../../arm-none-eabi/lib/armv7e-m/fpu/libg.a(lib_a-signalr.o)
                0x080177b4                _kill_r
 .text._getpid_r
                0x080177dc        0x4 /usr/bin/../lib/gcc/arm-none-eabi/4.9.3/../../../../arm-none-eabi/lib/armv7e-m/fpu/libg.a(lib_a-signalr.o)
                0x080177dc                _getpid_r
 .text.__sread  0x080177e0       0x24 /usr/bin/../lib/gcc/arm-none-eabi/4.9.3/../../../../arm-none-eabi/lib/armv7e-m/fpu/libg.a(lib_a-stdio.o)
                0x080177e0                __sread
 .text.__swrite
                0x08017804       0x38 /usr/bin/../lib/gcc/arm-none-eabi/4.9.3/../../../../arm-none-eabi/lib/armv7e-m/fpu/libg.a(lib_a-stdio.o)
                0x08017804                __swrite
 .text.__sseek  0x0801783c       0x20 /usr/bin/../lib/gcc/arm-none-eabi/4.9.3/../../../../arm-none-eabi/lib/armv7e-m/fpu/libg.a(lib_a-stdio.o)
                0x0801783c                __sseek
 .text.__sclose
                0x0801785c        0x8 /usr/bin/../lib/gcc/arm-none-eabi/4.9.3/../../../../arm-none-eabi/lib/armv7e-m/fpu/libg.a(lib_a-stdio.o)
                0x0801785c                __sclose
 .text.strlen   0x08017864       0x5c /usr/bin/../lib/gcc/arm-none-eabi/4.9.3/../../../../arm-none-eabi/lib/armv7e-m/fpu/libg.a(lib_a-strlen.o)
                0x08017864                strlen
 .text.__swbuf_r
                0x080178c0       0xa8 /usr/bin/../lib/gcc/arm-none-eabi/4.9.3/../../../../arm-none-eabi/lib/armv7e-m/fpu/libg.a(lib_a-wbuf.o)
                0x080178c0                __swbuf_r
 .text._wcrtomb_r
                0x08017968       0x54 /usr/bin/../lib/gcc/arm-none-eabi/4.9.3/../../../../arm-none-eabi/lib/armv7e-m/fpu/libg.a(lib_a-wcrtomb.o)
                0x08017968                _wcrtomb_r
 .text.__ascii_wctomb
                0x080179bc       0x1c /usr/bin/../lib/gcc/arm-none-eabi/4.9.3/../../../../arm-none-eabi/lib/armv7e-m/fpu/libg.a(lib_a-wctomb_r.o)
                0x080179bc                __ascii_wctomb
 .text._write_r
                0x080179d8       0x28 /usr/bin/../lib/gcc/arm-none-eabi/4.9.3/../../../../arm-none-eabi/lib/armv7e-m/fpu/libg.a(lib_a-writer.o)
                0x080179d8                _write_r
 .text.__register_exitproc
                0x08017a00       0xa4 /usr/bin/../lib/gcc/arm-none-eabi/4.9.3/../../../../arm-none-eabi/lib/armv7e-m/fpu/libg.a(lib_a-__atexit.o)
                0x08017a00                __register_exitproc
 .text._close_r
                0x08017aa4       0x24 /usr/bin/../lib/gcc/arm-none-eabi/4.9.3/../../../../arm-none-eabi/lib/armv7e-m/fpu/libg.a(lib_a-closer.o)
                0x08017aa4                _close_r
 .text._fclose_r
                0x08017ac8       0x84 /usr/bin/../lib/gcc/arm-none-eabi/4.9.3/../../../../arm-none-eabi/lib/armv7e-m/fpu/libg.a(lib_a-fclose.o)
                0x08017ac8                _fclose_r
 .text._fstat_r
                0x08017b4c       0x28 /usr/bin/../lib/gcc/arm-none-eabi/4.9.3/../../../../arm-none-eabi/lib/armv7e-m/fpu/libg.a(lib_a-fstatr.o)
                0x08017b4c                _fstat_r
 .text._isatty_r
                0x08017b74       0x24 /usr/bin/../lib/gcc/arm-none-eabi/4.9.3/../../../../arm-none-eabi/lib/armv7e-m/fpu/libg.a(lib_a-isattyr.o)
                0x08017b74                _isatty_r
 .text._lseek_r
                0x08017b98       0x28 /usr/bin/../lib/gcc/arm-none-eabi/4.9.3/../../../../arm-none-eabi/lib/armv7e-m/fpu/libg.a(lib_a-lseekr.o)
                0x08017b98                _lseek_r
 .text._read_r  0x08017bc0       0x28 /usr/bin/../lib/gcc/arm-none-eabi/4.9.3/../../../../arm-none-eabi/lib/armv7e-m/fpu/libg.a(lib_a-readr.o)
                0x08017bc0                _read_r
 .text._close   0x08017be8       0x10 /usr/bin/../lib/gcc/arm-none-eabi/4.9.3/../../../../arm-none-eabi/lib/armv7e-m/fpu/libnosys.a(close.o)
                0x08017be8                _close
 .text._fstat   0x08017bf8       0x10 /usr/bin/../lib/gcc/arm-none-eabi/4.9.3/../../../../arm-none-eabi/lib/armv7e-m/fpu/libnosys.a(fstat.o)
                0x08017bf8                _fstat
 .text._getpid  0x08017c08       0x10 /usr/bin/../lib/gcc/arm-none-eabi/4.9.3/../../../../arm-none-eabi/lib/armv7e-m/fpu/libnosys.a(getpid.o)
                0x08017c08                _getpid
 .text._isatty  0x08017c18       0x10 /usr/bin/../lib/gcc/arm-none-eabi/4.9.3/../../../../arm-none-eabi/lib/armv7e-m/fpu/libnosys.a(isatty.o)
                0x08017c18                _isatty
 .text._kill    0x08017c28       0x10 /usr/bin/../lib/gcc/arm-none-eabi/4.9.3/../../../../arm-none-eabi/lib/armv7e-m/fpu/libnosys.a(kill.o)
                0x08017c28                _kill
 .text._lseek   0x08017c38       0x10 /usr/bin/../lib/gcc/arm-none-eabi/4.9.3/../../../../arm-none-eabi/lib/armv7e-m/fpu/libnosys.a(lseek.o)
                0x08017c38                _lseek
 .text._read    0x08017c48       0x10 /usr/bin/../lib/gcc/arm-none-eabi/4.9.3/../../../../arm-none-eabi/lib/armv7e-m/fpu/libnosys.a(read.o)
                0x08017c48                _read
 .text._sbrk    0x08017c58       0x1c /usr/bin/../lib/gcc/arm-none-eabi/4.9.3/../../../../arm-none-eabi/lib/armv7e-m/fpu/libnosys.a(sbrk.o)
                0x08017c58                _sbrk
 .text._write   0x08017c74       0x10 /usr/bin/../lib/gcc/arm-none-eabi/4.9.3/../../../../arm-none-eabi/lib/armv7e-m/fpu/libnosys.a(write.o)
                0x08017c74                _write
 .text._exit    0x08017c84        0x4 /usr/bin/../lib/gcc/arm-none-eabi/4.9.3/../../../../arm-none-eabi/lib/armv7e-m/fpu/libnosys.a(_exit.o)
 .text.fmax     0x08017c88       0x5c /usr/bin/../lib/gcc/arm-none-eabi/4.9.3/../../../../arm-none-eabi/lib/armv7e-m/fpu/libm.a(lib_a-s_fmax.o)
                0x08017c88                fmax
 .text.fmin     0x08017ce4       0x5c /usr/bin/../lib/gcc/arm-none-eabi/4.9.3/../../../../arm-none-eabi/lib/armv7e-m/fpu/libm.a(lib_a-s_fmin.o)
                0x08017ce4                fmin
 .text.__fpclassifyd
                0x08017d40       0x5c /usr/bin/../lib/gcc/arm-none-eabi/4.9.3/../../../../arm-none-eabi/lib/armv7e-m/fpu/libm.a(lib_a-s_fpclassify.o)
                0x08017d40                __fpclassifyd
 .text.cosf     0x08017d9c       0x78 /usr/bin/../lib/gcc/arm-none-eabi/4.9.3/../../../../arm-none-eabi/lib/armv7e-m/fpu/libm.a(lib_a-sf_cos.o)
                0x08017d9c                cosf
 .text.expf     0x08017e14      0x104 /usr/bin/../lib/gcc/arm-none-eabi/4.9.3/../../../../arm-none-eabi/lib/armv7e-m/fpu/libm.a(lib_a-wf_exp.o)
                0x08017e14                expf
 .text.sqrtf    0x08017f18       0xb8 /usr/bin/../lib/gcc/arm-none-eabi/4.9.3/../../../../arm-none-eabi/lib/armv7e-m/fpu/libm.a(lib_a-wf_sqrt.o)
                0x08017f18                sqrtf
 .text.__ieee754_expf
                0x08017fd0      0x1b4 /usr/bin/../lib/gcc/arm-none-eabi/4.9.3/../../../../arm-none-eabi/lib/armv7e-m/fpu/libm.a(lib_a-ef_exp.o)
                0x08017fd0                __ieee754_expf
 .text.__ieee754_rem_pio2f
                0x08018184      0x290 /usr/bin/../lib/gcc/arm-none-eabi/4.9.3/../../../../arm-none-eabi/lib/armv7e-m/fpu/libm.a(lib_a-ef_rem_pio2.o)
                0x08018184                __ieee754_rem_pio2f
 .text.__ieee754_sqrtf
                0x08018414       0xa4 /usr/bin/../lib/gcc/arm-none-eabi/4.9.3/../../../../arm-none-eabi/lib/armv7e-m/fpu/libm.a(lib_a-ef_sqrt.o)
                0x08018414                __ieee754_sqrtf
 .text.__kernel_cosf
                0x080184b8      0x104 /usr/bin/../lib/gcc/arm-none-eabi/4.9.3/../../../../arm-none-eabi/lib/armv7e-m/fpu/libm.a(lib_a-kf_cos.o)
                0x080184b8                __kernel_cosf
 .text.__kernel_rem_pio2f
                0x080185bc      0x5e4 /usr/bin/../lib/gcc/arm-none-eabi/4.9.3/../../../../arm-none-eabi/lib/armv7e-m/fpu/libm.a(lib_a-kf_rem_pio2.o)
                0x080185bc                __kernel_rem_pio2f
 .text.__kernel_sinf
                0x08018ba0       0x90 /usr/bin/../lib/gcc/arm-none-eabi/4.9.3/../../../../arm-none-eabi/lib/armv7e-m/fpu/libm.a(lib_a-kf_sin.o)
                0x08018ba0                __kernel_sinf
 .text.matherr  0x08018c30        0x4 /usr/bin/../lib/gcc/arm-none-eabi/4.9.3/../../../../arm-none-eabi/lib/armv7e-m/fpu/libm.a(lib_a-s_matherr.o)
                0x08018c30                matherr
 .text.fabsf    0x08018c34       0x10 /usr/bin/../lib/gcc/arm-none-eabi/4.9.3/../../../../arm-none-eabi/lib/armv7e-m/fpu/libm.a(lib_a-sf_fabs.o)
                0x08018c34                fabsf
 .text.finitef  0x08018c44       0x14 /usr/bin/../lib/gcc/arm-none-eabi/4.9.3/../../../../arm-none-eabi/lib/armv7e-m/fpu/libm.a(lib_a-sf_finite.o)
                0x08018c44                finitef
 .text.floorf   0x08018c58       0x90 /usr/bin/../lib/gcc/arm-none-eabi/4.9.3/../../../../arm-none-eabi/lib/armv7e-m/fpu/libm.a(lib_a-sf_floor.o)
                0x08018c58                floorf
 .text.__fpclassifyf
                0x08018ce8       0x38 /usr/bin/../lib/gcc/arm-none-eabi/4.9.3/../../../../arm-none-eabi/lib/armv7e-m/fpu/libm.a(lib_a-sf_fpclassify.o)
                0x08018ce8                __fpclassifyf
 .text.scalbnf  0x08018d20       0xd0 /usr/bin/../lib/gcc/arm-none-eabi/4.9.3/../../../../arm-none-eabi/lib/armv7e-m/fpu/libm.a(lib_a-sf_scalbn.o)
                0x08018d20                scalbnf
 .text.copysignf
                0x08018df0       0x18 /usr/bin/../lib/gcc/arm-none-eabi/4.9.3/../../../../arm-none-eabi/lib/armv7e-m/fpu/libm.a(lib_a-sf_copysign.o)
                0x08018df0                copysignf
 .text.__errno  0x08018e08        0xc /usr/bin/../lib/gcc/arm-none-eabi/4.9.3/../../../../arm-none-eabi/lib/armv7e-m/fpu/libg.a(lib_a-errno.o)
                0x08018e08                __errno
 *(text)
 text           0x08018e14       0x6a ./Drivers/CMSIS/DSP_Lib/Source/TransformFunctions/arm_bitreversal2.o
                0x08018e14                arm_bitreversal_32
 *(.rodata)
 *(.rodata*)
 *fill*         0x08018e7e        0x2 
 .rodata.arm_cfft_sR_f32_len1024
                0x08018e80       0x10 ./src/audio_nr.o
                0x08018e80                arm_cfft_sR_f32_len1024
 .rodata.__func__.5503
                0x08018e90        0xb ./src/fifo.o
 *fill*         0x08018e9b        0x1 
 .rodata.str1.4
                0x08018e9c       0x41 ./src/fifo.o
 *fill*         0x08018edd        0x3 
 .rodata.__func__.5515
                0x08018ee0        0xa ./src/fifo.o
 *fill*         0x08018eea        0x2 
 .rodata.__func__.5490
                0x08018eec        0xc ./src/fifo.o
 .rodata.__func__.8388
                0x08018ef8        0x9 ./src/stm32f4_adc.o
 *fill*         0x08018f01        0x3 
 .rodata.str1.4
                0x08018f04       0x3e ./src/stm32f4_adc.o
 *fill*         0x08018f42        0x2 
 .rodata.__func__.8389
                0x08018f44        0x9 ./src/stm32f4_dac.o
 *fill*         0x08018f4d        0x3 
 .rodata.str1.4
                0x08018f50       0x3e ./src/stm32f4_dac.o
 *fill*         0x08018f8e        0x2 
 .rodata.twiddleCoef_1024
                0x08018f90     0x2000 ./Drivers/CMSIS/DSP_Lib/Source/CommonTables/arm_common_tables.o
                0x08018f90                twiddleCoef_1024
 .rodata.armBitRevIndexTable1024
                0x0801af90      0xe10 ./Drivers/CMSIS/DSP_Lib/Source/CommonTables/arm_common_tables.o
                0x0801af90                armBitRevIndexTable1024
 .rodata.str1.4
                0x0801bda0       0x3f /usr/bin/../lib/gcc/arm-none-eabi/4.9.3/../../../../arm-none-eabi/lib/armv7e-m/fpu/libg.a(lib_a-assert.o)
                                 0x43 (size before relaxing)
 *fill*         0x0801bddf        0x1 
 .rodata.str1.4
                0x0801bde0        0x2 /usr/bin/../lib/gcc/arm-none-eabi/4.9.3/../../../../arm-none-eabi/lib/armv7e-m/fpu/libg.a(lib_a-impure.o)
 *fill*         0x0801bde2        0x2 
 .rodata._global_impure_ptr
                0x0801bde4        0x4 /usr/bin/../lib/gcc/arm-none-eabi/4.9.3/../../../../arm-none-eabi/lib/armv7e-m/fpu/libg.a(lib_a-impure.o)
                0x0801bde4                _global_impure_ptr
 .rodata.zeroes.6869
                0x0801bde8       0x10 /usr/bin/../lib/gcc/arm-none-eabi/4.9.3/../../../../arm-none-eabi/lib/armv7e-m/fpu/libg.a(lib_a-vfiprintf.o)
 .rodata.str1.4
                0x0801bdf8       0x2f /usr/bin/../lib/gcc/arm-none-eabi/4.9.3/../../../../arm-none-eabi/lib/armv7e-m/fpu/libg.a(lib_a-vfiprintf.o)
 *fill*         0x0801be27        0x1 
 .rodata.blanks.6868
                0x0801be28       0x10 /usr/bin/../lib/gcc/arm-none-eabi/4.9.3/../../../../arm-none-eabi/lib/armv7e-m/fpu/libg.a(lib_a-vfiprintf.o)
 .rodata.str1.4
                0x0801be38        0x5 /usr/bin/../lib/gcc/arm-none-eabi/4.9.3/../../../../arm-none-eabi/lib/armv7e-m/fpu/libm.a(lib_a-wf_exp.o)
 *fill*         0x0801be3d        0x3 
 .rodata.str1.4
                0x0801be40        0x8 /usr/bin/../lib/gcc/arm-none-eabi/4.9.3/../../../../arm-none-eabi/lib/armv7e-m/fpu/libm.a(lib_a-wf_sqrt.o)
                                  0x6 (size before relaxing)
 .rodata.halF   0x0801be48        0x8 /usr/bin/../lib/gcc/arm-none-eabi/4.9.3/../../../../arm-none-eabi/lib/armv7e-m/fpu/libm.a(lib_a-ef_exp.o)
 .rodata.ln2LO  0x0801be50        0x8 /usr/bin/../lib/gcc/arm-none-eabi/4.9.3/../../../../arm-none-eabi/lib/armv7e-m/fpu/libm.a(lib_a-ef_exp.o)
 .rodata.ln2HI  0x0801be58        0x8 /usr/bin/../lib/gcc/arm-none-eabi/4.9.3/../../../../arm-none-eabi/lib/armv7e-m/fpu/libm.a(lib_a-ef_exp.o)
 .rodata.npio2_hw
                0x0801be60       0x80 /usr/bin/../lib/gcc/arm-none-eabi/4.9.3/../../../../arm-none-eabi/lib/armv7e-m/fpu/libm.a(lib_a-ef_rem_pio2.o)
 .rodata.two_over_pi
                0x0801bee0      0x318 /usr/bin/../lib/gcc/arm-none-eabi/4.9.3/../../../../arm-none-eabi/lib/armv7e-m/fpu/libm.a(lib_a-ef_rem_pio2.o)
 .rodata.init_jk
                0x0801c1f8        0xc /usr/bin/../lib/gcc/arm-none-eabi/4.9.3/../../../../arm-none-eabi/lib/armv7e-m/fpu/libm.a(lib_a-kf_rem_pio2.o)
 .rodata.PIo2   0x0801c204       0x2c /usr/bin/../lib/gcc/arm-none-eabi/4.9.3/../../../../arm-none-eabi/lib/armv7e-m/fpu/libm.a(lib_a-kf_rem_pio2.o)
 *(.glue_7)
 .glue_7        0x00000000        0x0 linker stubs
 *(.glue_7t)
 .glue_7t       0x00000000        0x0 linker stubs
 *(.eh_frame)
 .eh_frame      0x0801c230        0x0 /usr/bin/../lib/gcc/arm-none-eabi/4.9.3/armv7e-m/fpu/crtbegin.o
 *(.init)
 .init          0x0801c230        0x4 /usr/bin/../lib/gcc/arm-none-eabi/4.9.3/armv7e-m/fpu/crti.o
                0x0801c230                _init
 .init          0x0801c234        0x8 /usr/bin/../lib/gcc/arm-none-eabi/4.9.3/armv7e-m/fpu/crtn.o
 *(.fini)
 .fini          0x0801c23c        0x4 /usr/bin/../lib/gcc/arm-none-eabi/4.9.3/armv7e-m/fpu/crti.o
                0x0801c23c                _fini
 .fini          0x0801c240        0x8 /usr/bin/../lib/gcc/arm-none-eabi/4.9.3/armv7e-m/fpu/crtn.o
                0x0801c248                . = ALIGN (0x4)
                0x0801c248                _etext = .
                0x0801c248                _exit = .

.vfp11_veneer   0x0801c248        0x0
 .vfp11_veneer  0x00000000        0x0 linker stubs

.v4_bx          0x0801c248        0x0
 .v4_bx         0x00000000        0x0 linker stubs

.iplt           0x0801c248        0x0
 .iplt          0x00000000        0x0 /usr/bin/../lib/gcc/arm-none-eabi/4.9.3/armv7e-m/fpu/crtbegin.o

.ARM.extab
 *(.ARM.extab* .gnu.linkonce.armextab.*)

.ARM            0x0801c248        0x8
                0x0801c248                __exidx_start = .
 *(.ARM.exidx*)
 .ARM.exidx     0x0801c248        0x8 /usr/bin/../lib/gcc/arm-none-eabi/4.9.3/armv7e-m/fpu/libgcc.a(_divdi3.o)
 .ARM.exidx     0x0801c250        0x0 /usr/bin/../lib/gcc/arm-none-eabi/4.9.3/armv7e-m/fpu/libgcc.a(_udivdi3.o)
                                  0x8 (size before relaxing)
                0x0801c250                __exidx_end = .

.rel.dyn        0x0801c250        0x0
 .rel.iplt      0x00000000        0x0 /usr/bin/../lib/gcc/arm-none-eabi/4.9.3/armv7e-m/fpu/crtbegin.o

.preinit_array  0x0801c250        0x0
                0x0801c250                PROVIDE (__preinit_array_start, .)
 *(.preinit_array*)
                0x0801c250                PROVIDE (__preinit_array_end, .)

.init_array     0x0801c250        0x8
                0x0801c250                PROVIDE (__init_array_start, .)
 *(SORT(.init_array.*))
 .init_array.00000
                0x0801c250        0x4 /usr/bin/../lib/gcc/arm-none-eabi/4.9.3/../../../../arm-none-eabi/lib/armv7e-m/fpu/libg.a(lib_a-__call_atexit.o)
 *(.init_array*)
 .init_array    0x0801c254        0x4 /usr/bin/../lib/gcc/arm-none-eabi/4.9.3/armv7e-m/fpu/crtbegin.o
                0x0801c258                PROVIDE (__init_array_end, .)

.fini_array     0x0801c258        0x4
                0x0801c258                PROVIDE (__fini_array_start, .)
 *(.fini_array*)
 .fini_array    0x0801c258        0x4 /usr/bin/../lib/gcc/arm-none-eabi/4.9.3/armv7e-m/fpu/crtbegin.o
 *(SORT(.fini_array.*))
                0x0801c25c                PROVIDE (__fini_array_end, .)
                0x0801c25c                _sidata = .

.data           0x20000000      0x870 load address 0x0801c25c
                0x20000000                . = ALIGN (0x4)
                0x20000000                _sdata = .
 *(.data)
 *(.data*)
 .data.nr_first_time.7506
                0x20000000        0x2 ./src/audio_nr.o
 *fill*         0x20000002        0x6 
 .data.impure_data
                0x20000008      0x428 /usr/bin/../lib/gcc/arm-none-eabi/4.9.3/../../../../arm-none-eabi/lib/armv7e-m/fpu/libg.a(lib_a-impure.o)
 .data._impure_ptr
                0x20000430        0x4 /usr/bin/../lib/gcc/arm-none-eabi/4.9.3/../../../../arm-none-eabi/lib/armv7e-m/fpu/libg.a(lib_a-impure.o)
                0x20000430                _impure_ptr
 .data.__malloc_av_
                0x20000434      0x408 /usr/bin/../lib/gcc/arm-none-eabi/4.9.3/../../../../arm-none-eabi/lib/armv7e-m/fpu/libg.a(lib_a-mallocr.o)
                0x20000434                __malloc_av_
 .data.__malloc_trim_threshold
                0x2000083c        0x4 /usr/bin/../lib/gcc/arm-none-eabi/4.9.3/../../../../arm-none-eabi/lib/armv7e-m/fpu/libg.a(lib_a-mallocr.o)
                0x2000083c                __malloc_trim_threshold
 .data.__malloc_sbrk_base
                0x20000840        0x4 /usr/bin/../lib/gcc/arm-none-eabi/4.9.3/../../../../arm-none-eabi/lib/armv7e-m/fpu/libg.a(lib_a-mallocr.o)
                0x20000840                __malloc_sbrk_base
 .data.lc_ctype_charset
                0x20000844       0x20 /usr/bin/../lib/gcc/arm-none-eabi/4.9.3/../../../../arm-none-eabi/lib/armv7e-m/fpu/libg.a(lib_a-locale.o)
 .data.__mb_cur_max
                0x20000864        0x4 /usr/bin/../lib/gcc/arm-none-eabi/4.9.3/../../../../arm-none-eabi/lib/armv7e-m/fpu/libg.a(lib_a-locale.o)
                0x20000864                __mb_cur_max
 .data.__wctomb
                0x20000868        0x4 /usr/bin/../lib/gcc/arm-none-eabi/4.9.3/../../../../arm-none-eabi/lib/armv7e-m/fpu/libg.a(lib_a-wctomb_r.o)
                0x20000868                __wctomb
 .data.__fdlib_version
                0x2000086c        0x1 /usr/bin/../lib/gcc/arm-none-eabi/4.9.3/../../../../arm-none-eabi/lib/armv7e-m/fpu/libm.a(lib_a-s_lib_ver.o)
                0x2000086c                __fdlib_version
                0x20000870                . = ALIGN (0x4)
 *fill*         0x2000086d        0x3 
                0x20000870                _edata = .

.jcr            0x20000870        0x0 load address 0x0801cacc
 .jcr           0x20000870        0x0 /usr/bin/../lib/gcc/arm-none-eabi/4.9.3/armv7e-m/fpu/crtbegin.o

.igot.plt       0x20000870        0x0 load address 0x0801cacc
 .igot.plt      0x00000000        0x0 /usr/bin/../lib/gcc/arm-none-eabi/4.9.3/armv7e-m/fpu/crtbegin.o
                0x20000870                . = ALIGN (0x4)

.bss            0x20000870     0x6004 load address 0x0801cacc
                0x20000870                _sbss = .
                0x20000870                __bss_start__ = _sbss
 *(.bss)
 .bss           0x20000870       0x1c /usr/bin/../lib/gcc/arm-none-eabi/4.9.3/armv7e-m/fpu/crtbegin.o
 *(.bss*)
 .bss.Nest.7488
                0x2000088c      0x800 ./src/audio_nr.o
 .bss.xt.7508   0x2000108c      0x800 ./src/audio_nr.o
 .bss.Hk_old.7491
                0x2000188c      0x800 ./src/audio_nr.o
 .bss.Hk.7486   0x2000208c      0x800 ./src/audio_nr.o
 .bss.X.7492    0x2000288c     0x1000 ./src/audio_nr.o
 .bss.NR_init_counter.7478
                0x2000388c        0x1 ./src/audio_nr.o
 *fill*         0x2000388d        0x3 
 .bss.last_iFFT_result.7484
                0x20003890      0x800 ./src/audio_nr.o
 .bss.SNR_post.7490
                0x20004090      0x800 ./src/audio_nr.o
 .bss.last_sample_buffer_L.7485
                0x20004890      0x800 ./src/audio_nr.o
 .bss.pslp.7507
                0x20005090      0x800 ./src/audio_nr.o
 .bss.SNR_prio.7489
                0x20005890      0x800 ./src/audio_nr.o
 .bss.dac1_buf  0x20006090      0x280 ./src/stm32f4_dac.o
 .bss.dac2_buf  0x20006310      0x280 ./src/stm32f4_dac.o
 .bss.dac2_fifo
                0x20006590        0x4 ./src/stm32f4_dac.o
 .bss.dac1_fifo
                0x20006594        0x4 ./src/stm32f4_dac.o
 .bss.__malloc_max_total_mem
                0x20006598        0x4 /usr/bin/../lib/gcc/arm-none-eabi/4.9.3/../../../../arm-none-eabi/lib/armv7e-m/fpu/libg.a(lib_a-mallocr.o)
                0x20006598                __malloc_max_total_mem
 .bss.__malloc_max_sbrked_mem
                0x2000659c        0x4 /usr/bin/../lib/gcc/arm-none-eabi/4.9.3/../../../../arm-none-eabi/lib/armv7e-m/fpu/libg.a(lib_a-mallocr.o)
                0x2000659c                __malloc_max_sbrked_mem
 .bss.__malloc_top_pad
                0x200065a0        0x4 /usr/bin/../lib/gcc/arm-none-eabi/4.9.3/../../../../arm-none-eabi/lib/armv7e-m/fpu/libg.a(lib_a-mallocr.o)
                0x200065a0                __malloc_top_pad
 .bss.__malloc_current_mallinfo
                0x200065a4       0x28 /usr/bin/../lib/gcc/arm-none-eabi/4.9.3/../../../../arm-none-eabi/lib/armv7e-m/fpu/libg.a(lib_a-mallocr.o)
                0x200065a4                __malloc_current_mallinfo
 .bss.heap_end.4079
                0x200065cc        0x4 /usr/bin/../lib/gcc/arm-none-eabi/4.9.3/../../../../arm-none-eabi/lib/armv7e-m/fpu/libnosys.a(sbrk.o)
 *(COMMON)
 COMMON         0x200065d0        0x4 ./src/sm1000_leds_switches.o
                0x200065d0                mycode
 COMMON         0x200065d4      0x298 ./src/stm32f4_adc.o
                0x200065d4                half
                0x200065d8                adc2_fifo
                0x200065dc                adc_overflow1
                0x200065e0                full
                0x200065e4                adc1_fifo
                0x200065e8                adc_overflow2
                0x200065ec                adc_buf
 COMMON         0x2000686c        0x4 ./src/stm32f4_dac.o
                0x2000686c                dac_underflow
 COMMON         0x20006870        0x4 /usr/bin/../lib/gcc/arm-none-eabi/4.9.3/../../../../arm-none-eabi/lib/armv7e-m/fpu/libg.a(lib_a-reent.o)
                0x20006870                errno
                0x20006874                . = ALIGN (0x4)
                0x20006874                _ebss = .
                0x20006874                __bss_end__ = _ebss

._user_heap_stack
                0x20006874      0x400 load address 0x08022ad0
                0x20006874                . = ALIGN (0x4)
                0x20006874                PROVIDE (end, .)
                0x20006874                PROVIDE (_end, .)
                0x20006874                . = (. + _Min_Heap_Size)
                0x20006c74                . = (. + _Min_Stack_Size)
 *fill*         0x20006874      0x400 
                0x20006c74                . = ALIGN (0x4)
OUTPUT(Noisereduction3.elf elf32-littlearm)

.ARM.attributes
                0x00000000       0x30
 .ARM.attributes
                0x00000000       0x22 /usr/bin/../lib/gcc/arm-none-eabi/4.9.3/armv7e-m/fpu/crti.o
 .ARM.attributes
                0x00000022       0x34 /usr/bin/../lib/gcc/arm-none-eabi/4.9.3/armv7e-m/fpu/crtbegin.o
 .ARM.attributes
                0x00000056       0x39 ./src/audio_nr.o
 .ARM.attributes
                0x0000008f       0x39 ./src/debugblinky.o
 .ARM.attributes
                0x000000c8       0x39 ./src/fifo.o
 .ARM.attributes
                0x00000101       0x39 ./src/main.o
 .ARM.attributes
                0x0000013a       0x39 ./src/sm1000_leds_switches.o
 .ARM.attributes
                0x00000173       0x21 ./src/startup_stm32f4xx.o
 .ARM.attributes
                0x00000194       0x39 ./src/stm32f4_adc.o
 .ARM.attributes
                0x000001cd       0x39 ./src/stm32f4_dac.o
 .ARM.attributes
                0x00000206       0x39 ./src/system_stm32f4xx.o
 .ARM.attributes
                0x0000023f       0x39 ./Drivers/STM32F4xx_StdPeriph_Driver/src/misc.o
 .ARM.attributes
                0x00000278       0x39 ./Drivers/STM32F4xx_StdPeriph_Driver/src/stm32f4xx_adc.o
 .ARM.attributes
                0x000002b1       0x39 ./Drivers/STM32F4xx_StdPeriph_Driver/src/stm32f4xx_dac.o
 .ARM.attributes
                0x000002ea       0x39 ./Drivers/STM32F4xx_StdPeriph_Driver/src/stm32f4xx_dma.o
 .ARM.attributes
                0x00000323       0x39 ./Drivers/STM32F4xx_StdPeriph_Driver/src/stm32f4xx_gpio.o
 .ARM.attributes
                0x0000035c       0x39 ./Drivers/STM32F4xx_StdPeriph_Driver/src/stm32f4xx_rcc.o
 .ARM.attributes
                0x00000395       0x39 ./Drivers/STM32F4xx_StdPeriph_Driver/src/stm32f4xx_tim.o
 .ARM.attributes
                0x000003ce       0x21 ./Drivers/CMSIS/DSP_Lib/Source/TransformFunctions/arm_bitreversal2.o
 .ARM.attributes
                0x000003ef       0x39 ./Drivers/CMSIS/DSP_Lib/Source/TransformFunctions/arm_cfft_f32.o
 .ARM.attributes
                0x00000428       0x39 ./Drivers/CMSIS/DSP_Lib/Source/TransformFunctions/arm_cfft_radix8_f32.o
 .ARM.attributes
                0x00000461       0x39 ./Drivers/CMSIS/DSP_Lib/Source/CommonTables/arm_common_tables.o
 .ARM.attributes
                0x0000049a       0x34 /usr/bin/../lib/gcc/arm-none-eabi/4.9.3/../../../../arm-none-eabi/lib/armv7e-m/fpu/libg.a(lib_a-assert.o)
 .ARM.attributes
                0x000004ce       0x34 /usr/bin/../lib/gcc/arm-none-eabi/4.9.3/../../../../arm-none-eabi/lib/armv7e-m/fpu/libg.a(lib_a-fiprintf.o)
 .ARM.attributes
                0x00000502       0x34 /usr/bin/../lib/gcc/arm-none-eabi/4.9.3/../../../../arm-none-eabi/lib/armv7e-m/fpu/libg.a(lib_a-impure.o)
 .ARM.attributes
                0x00000536       0x34 /usr/bin/../lib/gcc/arm-none-eabi/4.9.3/../../../../arm-none-eabi/lib/armv7e-m/fpu/libg.a(lib_a-init.o)
 .ARM.attributes
                0x0000056a       0x34 /usr/bin/../lib/gcc/arm-none-eabi/4.9.3/../../../../arm-none-eabi/lib/armv7e-m/fpu/libg.a(lib_a-malloc.o)
 .ARM.attributes
                0x0000059e       0x34 /usr/bin/../lib/gcc/arm-none-eabi/4.9.3/../../../../arm-none-eabi/lib/armv7e-m/fpu/libg.a(lib_a-mallocr.o)
 .ARM.attributes
                0x000005d2       0x20 /usr/bin/../lib/gcc/arm-none-eabi/4.9.3/../../../../arm-none-eabi/lib/armv7e-m/fpu/libg.a(lib_a-memcpy.o)
 .ARM.attributes
                0x000005f2       0x34 /usr/bin/../lib/gcc/arm-none-eabi/4.9.3/../../../../arm-none-eabi/lib/armv7e-m/fpu/libg.a(lib_a-memset.o)
 .ARM.attributes
                0x00000626       0x34 /usr/bin/../lib/gcc/arm-none-eabi/4.9.3/../../../../arm-none-eabi/lib/armv7e-m/fpu/libg.a(lib_a-mlock.o)
 .ARM.attributes
                0x0000065a       0x34 /usr/bin/../lib/gcc/arm-none-eabi/4.9.3/../../../../arm-none-eabi/lib/armv7e-m/fpu/libg.a(lib_a-sbrkr.o)
 .ARM.attributes
                0x0000068e       0x34 /usr/bin/../lib/gcc/arm-none-eabi/4.9.3/../../../../arm-none-eabi/lib/armv7e-m/fpu/libg.a(lib_a-vfiprintf.o)
 .ARM.attributes
                0x000006c2       0x34 /usr/bin/../lib/gcc/arm-none-eabi/4.9.3/../../../../arm-none-eabi/lib/armv7e-m/fpu/libg.a(lib_a-wsetup.o)
 .ARM.attributes
                0x000006f6       0x34 /usr/bin/../lib/gcc/arm-none-eabi/4.9.3/../../../../arm-none-eabi/lib/armv7e-m/fpu/libg.a(lib_a-__call_atexit.o)
 .ARM.attributes
                0x0000072a       0x34 /usr/bin/../lib/gcc/arm-none-eabi/4.9.3/../../../../arm-none-eabi/lib/armv7e-m/fpu/libg.a(lib_a-abort.o)
 .ARM.attributes
                0x0000075e       0x34 /usr/bin/../lib/gcc/arm-none-eabi/4.9.3/../../../../arm-none-eabi/lib/armv7e-m/fpu/libg.a(lib_a-atexit.o)
 .ARM.attributes
                0x00000792       0x34 /usr/bin/../lib/gcc/arm-none-eabi/4.9.3/../../../../arm-none-eabi/lib/armv7e-m/fpu/libg.a(lib_a-fflush.o)
 .ARM.attributes
                0x000007c6       0x34 /usr/bin/../lib/gcc/arm-none-eabi/4.9.3/../../../../arm-none-eabi/lib/armv7e-m/fpu/libg.a(lib_a-findfp.o)
 .ARM.attributes
                0x000007fa       0x34 /usr/bin/../lib/gcc/arm-none-eabi/4.9.3/../../../../arm-none-eabi/lib/armv7e-m/fpu/libg.a(lib_a-fini.o)
 .ARM.attributes
                0x0000082e       0x34 /usr/bin/../lib/gcc/arm-none-eabi/4.9.3/../../../../arm-none-eabi/lib/armv7e-m/fpu/libg.a(lib_a-fputwc.o)
 .ARM.attributes
                0x00000862       0x34 /usr/bin/../lib/gcc/arm-none-eabi/4.9.3/../../../../arm-none-eabi/lib/armv7e-m/fpu/libg.a(lib_a-freer.o)
 .ARM.attributes
                0x00000896       0x34 /usr/bin/../lib/gcc/arm-none-eabi/4.9.3/../../../../arm-none-eabi/lib/armv7e-m/fpu/libg.a(lib_a-fvwrite.o)
 .ARM.attributes
                0x000008ca       0x34 /usr/bin/../lib/gcc/arm-none-eabi/4.9.3/../../../../arm-none-eabi/lib/armv7e-m/fpu/libg.a(lib_a-fwalk.o)
 .ARM.attributes
                0x000008fe       0x34 /usr/bin/../lib/gcc/arm-none-eabi/4.9.3/../../../../arm-none-eabi/lib/armv7e-m/fpu/libg.a(lib_a-locale.o)
 .ARM.attributes
                0x00000932       0x34 /usr/bin/../lib/gcc/arm-none-eabi/4.9.3/../../../../arm-none-eabi/lib/armv7e-m/fpu/libg.a(lib_a-makebuf.o)
 .ARM.attributes
                0x00000966       0x34 /usr/bin/../lib/gcc/arm-none-eabi/4.9.3/../../../../arm-none-eabi/lib/armv7e-m/fpu/libg.a(lib_a-memchr.o)
 .ARM.attributes
                0x0000099a       0x34 /usr/bin/../lib/gcc/arm-none-eabi/4.9.3/../../../../arm-none-eabi/lib/armv7e-m/fpu/libg.a(lib_a-memmove.o)
 .ARM.attributes
                0x000009ce       0x34 /usr/bin/../lib/gcc/arm-none-eabi/4.9.3/../../../../arm-none-eabi/lib/armv7e-m/fpu/libg.a(lib_a-reallocr.o)
 .ARM.attributes
                0x00000a02       0x34 /usr/bin/../lib/gcc/arm-none-eabi/4.9.3/../../../../arm-none-eabi/lib/armv7e-m/fpu/libg.a(lib_a-reent.o)
 .ARM.attributes
                0x00000a36       0x34 /usr/bin/../lib/gcc/arm-none-eabi/4.9.3/../../../../arm-none-eabi/lib/armv7e-m/fpu/libg.a(lib_a-signal.o)
 .ARM.attributes
                0x00000a6a       0x34 /usr/bin/../lib/gcc/arm-none-eabi/4.9.3/../../../../arm-none-eabi/lib/armv7e-m/fpu/libg.a(lib_a-signalr.o)
 .ARM.attributes
                0x00000a9e       0x34 /usr/bin/../lib/gcc/arm-none-eabi/4.9.3/../../../../arm-none-eabi/lib/armv7e-m/fpu/libg.a(lib_a-stdio.o)
 .ARM.attributes
                0x00000ad2       0x34 /usr/bin/../lib/gcc/arm-none-eabi/4.9.3/../../../../arm-none-eabi/lib/armv7e-m/fpu/libg.a(lib_a-strlen.o)
 .ARM.attributes
                0x00000b06       0x34 /usr/bin/../lib/gcc/arm-none-eabi/4.9.3/../../../../arm-none-eabi/lib/armv7e-m/fpu/libg.a(lib_a-wbuf.o)
 .ARM.attributes
                0x00000b3a       0x34 /usr/bin/../lib/gcc/arm-none-eabi/4.9.3/../../../../arm-none-eabi/lib/armv7e-m/fpu/libg.a(lib_a-wcrtomb.o)
 .ARM.attributes
                0x00000b6e       0x34 /usr/bin/../lib/gcc/arm-none-eabi/4.9.3/../../../../arm-none-eabi/lib/armv7e-m/fpu/libg.a(lib_a-wctomb_r.o)
 .ARM.attributes
                0x00000ba2       0x34 /usr/bin/../lib/gcc/arm-none-eabi/4.9.3/../../../../arm-none-eabi/lib/armv7e-m/fpu/libg.a(lib_a-writer.o)
 .ARM.attributes
                0x00000bd6       0x34 /usr/bin/../lib/gcc/arm-none-eabi/4.9.3/../../../../arm-none-eabi/lib/armv7e-m/fpu/libg.a(lib_a-__atexit.o)
 .ARM.attributes
                0x00000c0a       0x34 /usr/bin/../lib/gcc/arm-none-eabi/4.9.3/../../../../arm-none-eabi/lib/armv7e-m/fpu/libg.a(lib_a-closer.o)
 .ARM.attributes
                0x00000c3e       0x34 /usr/bin/../lib/gcc/arm-none-eabi/4.9.3/../../../../arm-none-eabi/lib/armv7e-m/fpu/libg.a(lib_a-fclose.o)
 .ARM.attributes
                0x00000c72       0x34 /usr/bin/../lib/gcc/arm-none-eabi/4.9.3/../../../../arm-none-eabi/lib/armv7e-m/fpu/libg.a(lib_a-fstatr.o)
 .ARM.attributes
                0x00000ca6       0x34 /usr/bin/../lib/gcc/arm-none-eabi/4.9.3/../../../../arm-none-eabi/lib/armv7e-m/fpu/libg.a(lib_a-isattyr.o)
 .ARM.attributes
                0x00000cda       0x34 /usr/bin/../lib/gcc/arm-none-eabi/4.9.3/../../../../arm-none-eabi/lib/armv7e-m/fpu/libg.a(lib_a-lseekr.o)
 .ARM.attributes
                0x00000d0e       0x34 /usr/bin/../lib/gcc/arm-none-eabi/4.9.3/../../../../arm-none-eabi/lib/armv7e-m/fpu/libg.a(lib_a-readr.o)
 .ARM.attributes
                0x00000d42       0x34 /usr/bin/../lib/gcc/arm-none-eabi/4.9.3/../../../../arm-none-eabi/lib/armv7e-m/fpu/libnosys.a(close.o)
 .ARM.attributes
                0x00000d76       0x34 /usr/bin/../lib/gcc/arm-none-eabi/4.9.3/../../../../arm-none-eabi/lib/armv7e-m/fpu/libnosys.a(fstat.o)
 .ARM.attributes
                0x00000daa       0x34 /usr/bin/../lib/gcc/arm-none-eabi/4.9.3/../../../../arm-none-eabi/lib/armv7e-m/fpu/libnosys.a(getpid.o)
 .ARM.attributes
                0x00000dde       0x34 /usr/bin/../lib/gcc/arm-none-eabi/4.9.3/../../../../arm-none-eabi/lib/armv7e-m/fpu/libnosys.a(isatty.o)
 .ARM.attributes
                0x00000e12       0x34 /usr/bin/../lib/gcc/arm-none-eabi/4.9.3/../../../../arm-none-eabi/lib/armv7e-m/fpu/libnosys.a(kill.o)
 .ARM.attributes
                0x00000e46       0x34 /usr/bin/../lib/gcc/arm-none-eabi/4.9.3/../../../../arm-none-eabi/lib/armv7e-m/fpu/libnosys.a(lseek.o)
 .ARM.attributes
                0x00000e7a       0x34 /usr/bin/../lib/gcc/arm-none-eabi/4.9.3/../../../../arm-none-eabi/lib/armv7e-m/fpu/libnosys.a(read.o)
 .ARM.attributes
                0x00000eae       0x34 /usr/bin/../lib/gcc/arm-none-eabi/4.9.3/../../../../arm-none-eabi/lib/armv7e-m/fpu/libnosys.a(sbrk.o)
 .ARM.attributes
                0x00000ee2       0x34 /usr/bin/../lib/gcc/arm-none-eabi/4.9.3/../../../../arm-none-eabi/lib/armv7e-m/fpu/libnosys.a(write.o)
 .ARM.attributes
                0x00000f16       0x34 /usr/bin/../lib/gcc/arm-none-eabi/4.9.3/../../../../arm-none-eabi/lib/armv7e-m/fpu/libnosys.a(_exit.o)
 .ARM.attributes
                0x00000f4a       0x34 /usr/bin/../lib/gcc/arm-none-eabi/4.9.3/../../../../arm-none-eabi/lib/armv7e-m/fpu/libm.a(lib_a-s_fmax.o)
 .ARM.attributes
                0x00000f7e       0x34 /usr/bin/../lib/gcc/arm-none-eabi/4.9.3/../../../../arm-none-eabi/lib/armv7e-m/fpu/libm.a(lib_a-s_fmin.o)
 .ARM.attributes
                0x00000fb2       0x34 /usr/bin/../lib/gcc/arm-none-eabi/4.9.3/../../../../arm-none-eabi/lib/armv7e-m/fpu/libm.a(lib_a-s_fpclassify.o)
 .ARM.attributes
                0x00000fe6       0x34 /usr/bin/../lib/gcc/arm-none-eabi/4.9.3/../../../../arm-none-eabi/lib/armv7e-m/fpu/libm.a(lib_a-sf_cos.o)
 .ARM.attributes
                0x0000101a       0x34 /usr/bin/../lib/gcc/arm-none-eabi/4.9.3/../../../../arm-none-eabi/lib/armv7e-m/fpu/libm.a(lib_a-wf_exp.o)
 .ARM.attributes
                0x0000104e       0x34 /usr/bin/../lib/gcc/arm-none-eabi/4.9.3/../../../../arm-none-eabi/lib/armv7e-m/fpu/libm.a(lib_a-wf_sqrt.o)
 .ARM.attributes
                0x00001082       0x34 /usr/bin/../lib/gcc/arm-none-eabi/4.9.3/../../../../arm-none-eabi/lib/armv7e-m/fpu/libm.a(lib_a-ef_exp.o)
 .ARM.attributes
                0x000010b6       0x34 /usr/bin/../lib/gcc/arm-none-eabi/4.9.3/../../../../arm-none-eabi/lib/armv7e-m/fpu/libm.a(lib_a-ef_rem_pio2.o)
 .ARM.attributes
                0x000010ea       0x34 /usr/bin/../lib/gcc/arm-none-eabi/4.9.3/../../../../arm-none-eabi/lib/armv7e-m/fpu/libm.a(lib_a-ef_sqrt.o)
 .ARM.attributes
                0x0000111e       0x34 /usr/bin/../lib/gcc/arm-none-eabi/4.9.3/../../../../arm-none-eabi/lib/armv7e-m/fpu/libm.a(lib_a-kf_cos.o)
 .ARM.attributes
                0x00001152       0x34 /usr/bin/../lib/gcc/arm-none-eabi/4.9.3/../../../../arm-none-eabi/lib/armv7e-m/fpu/libm.a(lib_a-kf_rem_pio2.o)
 .ARM.attributes
                0x00001186       0x34 /usr/bin/../lib/gcc/arm-none-eabi/4.9.3/../../../../arm-none-eabi/lib/armv7e-m/fpu/libm.a(lib_a-kf_sin.o)
 .ARM.attributes
                0x000011ba       0x34 /usr/bin/../lib/gcc/arm-none-eabi/4.9.3/../../../../arm-none-eabi/lib/armv7e-m/fpu/libm.a(lib_a-s_lib_ver.o)
 .ARM.attributes
                0x000011ee       0x34 /usr/bin/../lib/gcc/arm-none-eabi/4.9.3/../../../../arm-none-eabi/lib/armv7e-m/fpu/libm.a(lib_a-s_matherr.o)
 .ARM.attributes
                0x00001222       0x34 /usr/bin/../lib/gcc/arm-none-eabi/4.9.3/../../../../arm-none-eabi/lib/armv7e-m/fpu/libm.a(lib_a-sf_fabs.o)
 .ARM.attributes
                0x00001256       0x34 /usr/bin/../lib/gcc/arm-none-eabi/4.9.3/../../../../arm-none-eabi/lib/armv7e-m/fpu/libm.a(lib_a-sf_finite.o)
 .ARM.attributes
                0x0000128a       0x34 /usr/bin/../lib/gcc/arm-none-eabi/4.9.3/../../../../arm-none-eabi/lib/armv7e-m/fpu/libm.a(lib_a-sf_floor.o)
 .ARM.attributes
                0x000012be       0x34 /usr/bin/../lib/gcc/arm-none-eabi/4.9.3/../../../../arm-none-eabi/lib/armv7e-m/fpu/libm.a(lib_a-sf_fpclassify.o)
 .ARM.attributes
                0x000012f2       0x34 /usr/bin/../lib/gcc/arm-none-eabi/4.9.3/../../../../arm-none-eabi/lib/armv7e-m/fpu/libm.a(lib_a-sf_scalbn.o)
 .ARM.attributes
                0x00001326       0x34 /usr/bin/../lib/gcc/arm-none-eabi/4.9.3/../../../../arm-none-eabi/lib/armv7e-m/fpu/libm.a(lib_a-sf_copysign.o)
 .ARM.attributes
                0x0000135a       0x22 /usr/bin/../lib/gcc/arm-none-eabi/4.9.3/armv7e-m/fpu/libgcc.a(_arm_addsubdf3.o)
 .ARM.attributes
                0x0000137c       0x22 /usr/bin/../lib/gcc/arm-none-eabi/4.9.3/armv7e-m/fpu/libgcc.a(_arm_muldivdf3.o)
 .ARM.attributes
                0x0000139e       0x22 /usr/bin/../lib/gcc/arm-none-eabi/4.9.3/armv7e-m/fpu/libgcc.a(_arm_cmpdf2.o)
 .ARM.attributes
                0x000013c0       0x22 /usr/bin/../lib/gcc/arm-none-eabi/4.9.3/armv7e-m/fpu/libgcc.a(_arm_truncdfsf2.o)
 .ARM.attributes
                0x000013e2       0x22 /usr/bin/../lib/gcc/arm-none-eabi/4.9.3/armv7e-m/fpu/libgcc.a(_aeabi_uldivmod.o)
 .ARM.attributes
                0x00001404       0x34 /usr/bin/../lib/gcc/arm-none-eabi/4.9.3/armv7e-m/fpu/libgcc.a(bpabi.o)
 .ARM.attributes
                0x00001438       0x22 /usr/bin/../lib/gcc/arm-none-eabi/4.9.3/armv7e-m/fpu/libgcc.a(_dvmd_tls.o)
 .ARM.attributes
                0x0000145a       0x34 /usr/bin/../lib/gcc/arm-none-eabi/4.9.3/armv7e-m/fpu/libgcc.a(_divdi3.o)
 .ARM.attributes
                0x0000148e       0x34 /usr/bin/../lib/gcc/arm-none-eabi/4.9.3/armv7e-m/fpu/libgcc.a(_udivdi3.o)
 .ARM.attributes
                0x000014c2       0x34 /usr/bin/../lib/gcc/arm-none-eabi/4.9.3/../../../../arm-none-eabi/lib/armv7e-m/fpu/libg.a(lib_a-errno.o)
 .ARM.attributes
                0x000014f6       0x22 /usr/bin/../lib/gcc/arm-none-eabi/4.9.3/armv7e-m/fpu/crtn.o

.comment        0x00000000       0x70
 .comment       0x00000000       0x70 ./src/audio_nr.o
                                 0x71 (size before relaxing)
 .comment       0x00000000       0x71 ./src/debugblinky.o
 .comment       0x00000000       0x71 ./src/fifo.o
 .comment       0x00000000       0x71 ./src/main.o
 .comment       0x00000000       0x71 ./src/sm1000_leds_switches.o
 .comment       0x00000000       0x71 ./src/stm32f4_adc.o
 .comment       0x00000000       0x71 ./src/stm32f4_dac.o
 .comment       0x00000000       0x71 ./src/system_stm32f4xx.o
 .comment       0x00000000       0x71 ./Drivers/STM32F4xx_StdPeriph_Driver/src/misc.o
 .comment       0x00000000       0x71 ./Drivers/STM32F4xx_StdPeriph_Driver/src/stm32f4xx_adc.o
 .comment       0x00000000       0x71 ./Drivers/STM32F4xx_StdPeriph_Driver/src/stm32f4xx_dac.o
 .comment       0x00000000       0x71 ./Drivers/STM32F4xx_StdPeriph_Driver/src/stm32f4xx_dma.o
 .comment       0x00000000       0x71 ./Drivers/STM32F4xx_StdPeriph_Driver/src/stm32f4xx_gpio.o
 .comment       0x00000000       0x71 ./Drivers/STM32F4xx_StdPeriph_Driver/src/stm32f4xx_rcc.o
 .comment       0x00000000       0x71 ./Drivers/STM32F4xx_StdPeriph_Driver/src/stm32f4xx_tim.o
 .comment       0x00000000       0x71 ./Drivers/CMSIS/DSP_Lib/Source/TransformFunctions/arm_cfft_f32.o
 .comment       0x00000000       0x71 ./Drivers/CMSIS/DSP_Lib/Source/TransformFunctions/arm_cfft_radix8_f32.o
 .comment       0x00000000       0x71 ./Drivers/CMSIS/DSP_Lib/Source/CommonTables/arm_common_tables.o

.debug_info     0x00000000     0xac53
 .debug_info    0x00000000      0xb78 ./src/audio_nr.o
 .debug_info    0x00000b78      0x31c ./src/debugblinky.o
 .debug_info    0x00000e94      0x637 ./src/fifo.o
 .debug_info    0x000014cb      0x483 ./src/main.o
 .debug_info    0x0000194e      0x6aa ./src/sm1000_leds_switches.o
 .debug_info    0x00001ff8       0x76 ./src/startup_stm32f4xx.o
 .debug_info    0x0000206e     0x1312 ./src/stm32f4_adc.o
 .debug_info    0x00003380     0x144c ./src/stm32f4_dac.o
 .debug_info    0x000047cc      0x5de ./src/system_stm32f4xx.o
 .debug_info    0x00004daa      0x541 ./Drivers/STM32F4xx_StdPeriph_Driver/src/misc.o
 .debug_info    0x000052eb      0xc3c ./Drivers/STM32F4xx_StdPeriph_Driver/src/stm32f4xx_adc.o
 .debug_info    0x00005f27      0x641 ./Drivers/STM32F4xx_StdPeriph_Driver/src/stm32f4xx_dac.o
 .debug_info    0x00006568      0x73d ./Drivers/STM32F4xx_StdPeriph_Driver/src/stm32f4xx_dma.o
 .debug_info    0x00006ca5      0x609 ./Drivers/STM32F4xx_StdPeriph_Driver/src/stm32f4xx_gpio.o
 .debug_info    0x000072ae      0xe06 ./Drivers/STM32F4xx_StdPeriph_Driver/src/stm32f4xx_rcc.o
 .debug_info    0x000080b4     0x1c65 ./Drivers/STM32F4xx_StdPeriph_Driver/src/stm32f4xx_tim.o
 .debug_info    0x00009d19       0xa5 ./Drivers/CMSIS/DSP_Lib/Source/TransformFunctions/arm_bitreversal2.o
 .debug_info    0x00009dbe      0x527 ./Drivers/CMSIS/DSP_Lib/Source/TransformFunctions/arm_cfft_f32.o
 .debug_info    0x0000a2e5      0x43d ./Drivers/CMSIS/DSP_Lib/Source/TransformFunctions/arm_cfft_radix8_f32.o
 .debug_info    0x0000a722      0x531 ./Drivers/CMSIS/DSP_Lib/Source/CommonTables/arm_common_tables.o

.debug_abbrev   0x00000000     0x1da5
 .debug_abbrev  0x00000000      0x21c ./src/audio_nr.o
 .debug_abbrev  0x0000021c      0x148 ./src/debugblinky.o
 .debug_abbrev  0x00000364      0x249 ./src/fifo.o
 .debug_abbrev  0x000005ad      0x1c8 ./src/main.o
 .debug_abbrev  0x00000775      0x1f7 ./src/sm1000_leds_switches.o
 .debug_abbrev  0x0000096c       0x12 ./src/startup_stm32f4xx.o
 .debug_abbrev  0x0000097e      0x2d8 ./src/stm32f4_adc.o
 .debug_abbrev  0x00000c56      0x311 ./src/stm32f4_dac.o
 .debug_abbrev  0x00000f67      0x15f ./src/system_stm32f4xx.o
 .debug_abbrev  0x000010c6      0x147 ./Drivers/STM32F4xx_StdPeriph_Driver/src/misc.o
 .debug_abbrev  0x0000120d      0x198 ./Drivers/STM32F4xx_StdPeriph_Driver/src/stm32f4xx_adc.o
 .debug_abbrev  0x000013a5      0x17e ./Drivers/STM32F4xx_StdPeriph_Driver/src/stm32f4xx_dac.o
 .debug_abbrev  0x00001523      0x157 ./Drivers/STM32F4xx_StdPeriph_Driver/src/stm32f4xx_dma.o
 .debug_abbrev  0x0000167a      0x1a5 ./Drivers/STM32F4xx_StdPeriph_Driver/src/stm32f4xx_gpio.o
 .debug_abbrev  0x0000181f      0x1bc ./Drivers/STM32F4xx_StdPeriph_Driver/src/stm32f4xx_rcc.o
 .debug_abbrev  0x000019db      0x189 ./Drivers/STM32F4xx_StdPeriph_Driver/src/stm32f4xx_tim.o
 .debug_abbrev  0x00001b64       0x14 ./Drivers/CMSIS/DSP_Lib/Source/TransformFunctions/arm_bitreversal2.o
 .debug_abbrev  0x00001b78      0x11f ./Drivers/CMSIS/DSP_Lib/Source/TransformFunctions/arm_cfft_f32.o
 .debug_abbrev  0x00001c97       0x8a ./Drivers/CMSIS/DSP_Lib/Source/TransformFunctions/arm_cfft_radix8_f32.o