Archive member included because of file (symbol)

/usr/bin/../lib/gcc/arm-none-eabi/4.9.3/../../../../arm-none-eabi/lib/armv7e-m/fpu/libg.a(lib_a-assert.o)
                              ./src/fifo.o (__assert_func)
/usr/bin/../lib/gcc/arm-none-eabi/4.9.3/../../../../arm-none-eabi/lib/armv7e-m/fpu/libg.a(lib_a-exit.o)
                              /usr/bin/../lib/gcc/arm-none-eabi/4.9.3/../../../../arm-none-eabi/lib/armv7e-m/fpu/crt0.o (exit)
/usr/bin/../lib/gcc/arm-none-eabi/4.9.3/../../../../arm-none-eabi/lib/armv7e-m/fpu/libg.a(lib_a-fiprintf.o)
                              /usr/bin/../lib/gcc/arm-none-eabi/4.9.3/../../../../arm-none-eabi/lib/armv7e-m/fpu/libg.a(lib_a-assert.o) (fiprintf)
/usr/bin/../lib/gcc/arm-none-eabi/4.9.3/../../../../arm-none-eabi/lib/armv7e-m/fpu/libg.a(lib_a-impure.o)
                              /usr/bin/../lib/gcc/arm-none-eabi/4.9.3/../../../../arm-none-eabi/lib/armv7e-m/fpu/libg.a(lib_a-exit.o) (_global_impure_ptr)
/usr/bin/../lib/gcc/arm-none-eabi/4.9.3/../../../../arm-none-eabi/lib/armv7e-m/fpu/libg.a(lib_a-init.o)
                              /usr/bin/../lib/gcc/arm-none-eabi/4.9.3/../../../../arm-none-eabi/lib/armv7e-m/fpu/crt0.o (__libc_init_array)
/usr/bin/../lib/gcc/arm-none-eabi/4.9.3/../../../../arm-none-eabi/lib/armv7e-m/fpu/libg.a(lib_a-malloc.o)
                              ./src/fifo.o (malloc)
/usr/bin/../lib/gcc/arm-none-eabi/4.9.3/../../../../arm-none-eabi/lib/armv7e-m/fpu/libg.a(lib_a-mallocr.o)
                              /usr/bin/../lib/gcc/arm-none-eabi/4.9.3/../../../../arm-none-eabi/lib/armv7e-m/fpu/libg.a(lib_a-malloc.o) (_malloc_r)
/usr/bin/../lib/gcc/arm-none-eabi/4.9.3/../../../../arm-none-eabi/lib/armv7e-m/fpu/libg.a(lib_a-memcpy.o)
                              ./src/stm32f4_vrom.o (memcpy)
/usr/bin/../lib/gcc/arm-none-eabi/4.9.3/../../../../arm-none-eabi/lib/armv7e-m/fpu/libg.a(lib_a-memset.o)
                              /usr/bin/../lib/gcc/arm-none-eabi/4.9.3/../../../../arm-none-eabi/lib/armv7e-m/fpu/crt0.o (memset)
/usr/bin/../lib/gcc/arm-none-eabi/4.9.3/../../../../arm-none-eabi/lib/armv7e-m/fpu/libg.a(lib_a-mlock.o)
                              /usr/bin/../lib/gcc/arm-none-eabi/4.9.3/../../../../arm-none-eabi/lib/armv7e-m/fpu/libg.a(lib_a-mallocr.o) (__malloc_lock)
/usr/bin/../lib/gcc/arm-none-eabi/4.9.3/../../../../arm-none-eabi/lib/armv7e-m/fpu/libg.a(lib_a-sbrkr.o)
                              /usr/bin/../lib/gcc/arm-none-eabi/4.9.3/../../../../arm-none-eabi/lib/armv7e-m/fpu/libg.a(lib_a-mallocr.o) (_sbrk_r)
/usr/bin/../lib/gcc/arm-none-eabi/4.9.3/../../../../arm-none-eabi/lib/armv7e-m/fpu/libg.a(lib_a-sprintf.o)
                              ./LCD/src/ui.o (sprintf)
/usr/bin/../lib/gcc/arm-none-eabi/4.9.3/../../../../arm-none-eabi/lib/armv7e-m/fpu/libg.a(lib_a-svfprintf.o)
                              /usr/bin/../lib/gcc/arm-none-eabi/4.9.3/../../../../arm-none-eabi/lib/armv7e-m/fpu/libg.a(lib_a-sprintf.o) (_svfprintf_r)
/usr/bin/../lib/gcc/arm-none-eabi/4.9.3/../../../../arm-none-eabi/lib/armv7e-m/fpu/libg.a(lib_a-vfiprintf.o)
                              /usr/bin/../lib/gcc/arm-none-eabi/4.9.3/../../../../arm-none-eabi/lib/armv7e-m/fpu/libg.a(lib_a-fiprintf.o) (_vfiprintf_r)
/usr/bin/../lib/gcc/arm-none-eabi/4.9.3/../../../../arm-none-eabi/lib/armv7e-m/fpu/libg.a(lib_a-wsetup.o)
                              /usr/bin/../lib/gcc/arm-none-eabi/4.9.3/../../../../arm-none-eabi/lib/armv7e-m/fpu/libg.a(lib_a-vfiprintf.o) (__swsetup_r)
/usr/bin/../lib/gcc/arm-none-eabi/4.9.3/../../../../arm-none-eabi/lib/armv7e-m/fpu/libg.a(lib_a-__call_atexit.o)
                              /usr/bin/../lib/gcc/arm-none-eabi/4.9.3/../../../../arm-none-eabi/lib/armv7e-m/fpu/libg.a(lib_a-exit.o) (__call_exitprocs)
/usr/bin/../lib/gcc/arm-none-eabi/4.9.3/../../../../arm-none-eabi/lib/armv7e-m/fpu/libg.a(lib_a-abort.o)
                              /usr/bin/../lib/gcc/arm-none-eabi/4.9.3/../../../../arm-none-eabi/lib/armv7e-m/fpu/libg.a(lib_a-assert.o) (abort)
/usr/bin/../lib/gcc/arm-none-eabi/4.9.3/../../../../arm-none-eabi/lib/armv7e-m/fpu/libg.a(lib_a-atexit.o)
                              /usr/bin/../lib/gcc/arm-none-eabi/4.9.3/../../../../arm-none-eabi/lib/armv7e-m/fpu/libg.a(lib_a-__call_atexit.o) (atexit)
/usr/bin/../lib/gcc/arm-none-eabi/4.9.3/../../../../arm-none-eabi/lib/armv7e-m/fpu/libg.a(lib_a-dtoa.o)
                              /usr/bin/../lib/gcc/arm-none-eabi/4.9.3/../../../../arm-none-eabi/lib/armv7e-m/fpu/libg.a(lib_a-svfprintf.o) (_dtoa_r)
/usr/bin/../lib/gcc/arm-none-eabi/4.9.3/../../../../arm-none-eabi/lib/armv7e-m/fpu/libg.a(lib_a-fflush.o)
                              /usr/bin/../lib/gcc/arm-none-eabi/4.9.3/../../../../arm-none-eabi/lib/armv7e-m/fpu/libg.a(lib_a-vfiprintf.o) (_fflush_r)
/usr/bin/../lib/gcc/arm-none-eabi/4.9.3/../../../../arm-none-eabi/lib/armv7e-m/fpu/libg.a(lib_a-findfp.o)
[...]
Memory Configuration

Name             Origin             Length             Attributes
VECTOR           0x08000000         0x00004000         xr
EEPROM           0x08004000         0x0000c000         xr
FLASH            0x08010000         0x000f0000         xr
BKPSRAM          0x40024000         0x00001000         xrw
RAM              0x20000000         0x00020000         xrw
CCM              0x10000000         0x00010000         xrw
*default*        0x00000000         0xffffffff

Linker script and memory map

LOAD /usr/bin/../lib/gcc/arm-none-eabi/4.9.3/armv7e-m/fpu/crti.o
LOAD /usr/bin/../lib/gcc/arm-none-eabi/4.9.3/armv7e-m/fpu/crtbegin.o
LOAD /usr/bin/../lib/gcc/arm-none-eabi/4.9.3/../../../../arm-none-eabi/lib/armv7e-m/fpu/crt0.o
LOAD ./src/debugblinky.o
LOAD ./src/eeprom_access.o
LOAD ./src/fifo.o
LOAD ./src/main.o
LOAD ./src/sm1000_leds_switches.o
LOAD ./src/startup_stm32f4xx.o
LOAD ./src/stm32f4_adc.o
LOAD ./src/stm32f4_dac.o
LOAD ./src/stm32f4_vrom.o
LOAD ./src/system_stm32f4xx.o
LOAD ./LCD/src/tm_stm32f4_delay.o
LOAD ./LCD/src/tm_stm32f4_gpio.o
LOAD ./LCD/src/tm_stm32f4_hd44780.o
LOAD ./LCD/src/tm_stm32f4_timer_properties.o
LOAD ./LCD/src/ui.o
LOAD ./ENCODER/src/tm_stm32f4_button.o
LOAD ./ENCODER/src/tm_stm32f4_exti.o
LOAD ./ENCODER/src/tm_stm32f4_rotary_encoder.o
LOAD ./Drivers/STM32F4xx_StdPeriph_Driver/src/misc.o
LOAD ./Drivers/STM32F4xx_StdPeriph_Driver/src/stm32f4xx_adc.o
LOAD ./Drivers/STM32F4xx_StdPeriph_Driver/src/stm32f4xx_can.o
LOAD ./Drivers/STM32F4xx_StdPeriph_Driver/src/stm32f4xx_crc.o
LOAD ./Drivers/STM32F4xx_StdPeriph_Driver/src/stm32f4xx_cryp.o
LOAD ./Drivers/STM32F4xx_StdPeriph_Driver/src/stm32f4xx_cryp_aes.o
LOAD ./Drivers/STM32F4xx_StdPeriph_Driver/src/stm32f4xx_cryp_des.o
LOAD ./Drivers/STM32F4xx_StdPeriph_Driver/src/stm32f4xx_cryp_tdes.o
LOAD ./Drivers/STM32F4xx_StdPeriph_Driver/src/stm32f4xx_dac.o
LOAD ./Drivers/STM32F4xx_StdPeriph_Driver/src/stm32f4xx_dbgmcu.o
LOAD ./Drivers/STM32F4xx_StdPeriph_Driver/src/stm32f4xx_dcmi.o
LOAD ./Drivers/STM32F4xx_StdPeriph_Driver/src/stm32f4xx_dma.o
LOAD ./Drivers/STM32F4xx_StdPeriph_Driver/src/stm32f4xx_dma2d.o
LOAD ./Drivers/STM32F4xx_StdPeriph_Driver/src/stm32f4xx_exti.o
LOAD ./Drivers/STM32F4xx_StdPeriph_Driver/src/stm32f4xx_flash.o
LOAD ./Drivers/STM32F4xx_StdPeriph_Driver/src/stm32f4xx_fsmc.o
LOAD ./Drivers/STM32F4xx_StdPeriph_Driver/src/stm32f4xx_gpio.o
LOAD ./Drivers/STM32F4xx_StdPeriph_Driver/src/stm32f4xx_hash.o
LOAD ./Drivers/STM32F4xx_StdPeriph_Driver/src/stm32f4xx_hash_md5.o
LOAD ./Drivers/STM32F4xx_StdPeriph_Driver/src/stm32f4xx_hash_sha1.o
LOAD ./Drivers/STM32F4xx_StdPeriph_Driver/src/stm32f4xx_i2c.o
LOAD ./Drivers/STM32F4xx_StdPeriph_Driver/src/stm32f4xx_iwdg.o
LOAD ./Drivers/STM32F4xx_StdPeriph_Driver/src/stm32f4xx_ltdc.o
LOAD ./Drivers/STM32F4xx_StdPeriph_Driver/src/stm32f4xx_pwr.o
LOAD ./Drivers/STM32F4xx_StdPeriph_Driver/src/stm32f4xx_rcc.o
LOAD ./Drivers/STM32F4xx_StdPeriph_Driver/src/stm32f4xx_rng.o
LOAD ./Drivers/STM32F4xx_StdPeriph_Driver/src/stm32f4xx_rtc.o
LOAD ./Drivers/STM32F4xx_StdPeriph_Driver/src/stm32f4xx_sai.o
LOAD ./Drivers/STM32F4xx_StdPeriph_Driver/src/stm32f4xx_sdio.o
LOAD ./Drivers/STM32F4xx_StdPeriph_Driver/src/stm32f4xx_spi.o
LOAD ./Drivers/STM32F4xx_StdPeriph_Driver/src/stm32f4xx_syscfg.o
LOAD ./Drivers/STM32F4xx_StdPeriph_Driver/src/stm32f4xx_tim.o
LOAD ./Drivers/STM32F4xx_StdPeriph_Driver/src/stm32f4xx_usart.o
LOAD ./Drivers/STM32F4xx_StdPeriph_Driver/src/stm32f4xx_wwdg.o
LOAD ./Drivers/CMSIS/DSP_Lib/Source/TransformFunctions/arm_bitreversal.o
LOAD ./Drivers/CMSIS/DSP_Lib/Source/TransformFunctions/arm_bitreversal2.o
LOAD ./Drivers/CMSIS/DSP_Lib/Source/TransformFunctions/arm_cfft_f32.o
LOAD ./Drivers/CMSIS/DSP_Lib/Source/TransformFunctions/arm_cfft_radix2_f32.o
LOAD ./Drivers/CMSIS/DSP_Lib/Source/TransformFunctions/arm_cfft_radix2_init_f32.o
LOAD ./Drivers/CMSIS/DSP_Lib/Source/TransformFunctions/arm_cfft_radix2_init_q15.o
LOAD ./Drivers/CMSIS/DSP_Lib/Source/TransformFunctions/arm_cfft_radix2_init_q31.o
LOAD ./Drivers/CMSIS/DSP_Lib/Source/TransformFunctions/arm_cfft_radix2_q15.o
LOAD ./Drivers/CMSIS/DSP_Lib/Source/TransformFunctions/arm_cfft_radix2_q31.o
LOAD ./Drivers/CMSIS/DSP_Lib/Source/TransformFunctions/arm_cfft_radix4_f32.o
LOAD ./Drivers/CMSIS/DSP_Lib/Source/TransformFunctions/arm_cfft_radix4_init_f32.o
LOAD ./Drivers/CMSIS/DSP_Lib/Source/TransformFunctions/arm_cfft_radix4_init_q15.o
LOAD ./Drivers/CMSIS/DSP_Lib/Source/TransformFunctions/arm_cfft_radix4_init_q31.o
LOAD ./Drivers/CMSIS/DSP_Lib/Source/TransformFunctions/arm_cfft_radix4_q15.o
LOAD ./Drivers/CMSIS/DSP_Lib/Source/TransformFunctions/arm_cfft_radix4_q31.o
LOAD ./Drivers/CMSIS/DSP_Lib/Source/TransformFunctions/arm_cfft_radix8_f32.o
LOAD ./Drivers/CMSIS/DSP_Lib/Source/TransformFunctions/arm_dct4_f32.o
LOAD ./Drivers/CMSIS/DSP_Lib/Source/TransformFunctions/arm_dct4_init_f32.o
LOAD ./Drivers/CMSIS/DSP_Lib/Source/TransformFunctions/arm_dct4_init_q15.o
LOAD ./Drivers/CMSIS/DSP_Lib/Source/TransformFunctions/arm_dct4_init_q31.o
LOAD ./Drivers/CMSIS/DSP_Lib/Source/TransformFunctions/arm_dct4_q15.o
LOAD ./Drivers/CMSIS/DSP_Lib/Source/TransformFunctions/arm_dct4_q31.o
LOAD ./Drivers/CMSIS/DSP_Lib/Source/TransformFunctions/arm_rfft_f32.o
LOAD ./Drivers/CMSIS/DSP_Lib/Source/TransformFunctions/arm_rfft_fast_f32.o
LOAD ./Drivers/CMSIS/DSP_Lib/Source/TransformFunctions/arm_rfft_fast_init_f32.o
LOAD ./Drivers/CMSIS/DSP_Lib/Source/TransformFunctions/arm_rfft_init_f32.o
LOAD ./Drivers/CMSIS/DSP_Lib/Source/TransformFunctions/arm_rfft_init_q15.o
LOAD ./Drivers/CMSIS/DSP_Lib/Source/TransformFunctions/arm_rfft_init_q31.o
LOAD ./Drivers/CMSIS/DSP_Lib/Source/TransformFunctions/arm_rfft_q15.o
LOAD ./Drivers/CMSIS/DSP_Lib/Source/TransformFunctions/arm_rfft_q31.o
LOAD ./Drivers/CMSIS/DSP_Lib/Source/SupportFunctions/arm_copy_f32.o
LOAD ./Drivers/CMSIS/DSP_Lib/Source/SupportFunctions/arm_copy_q15.o
LOAD ./Drivers/CMSIS/DSP_Lib/Source/SupportFunctions/arm_copy_q31.o
LOAD ./Drivers/CMSIS/DSP_Lib/Source/SupportFunctions/arm_copy_q7.o
LOAD ./Drivers/CMSIS/DSP_Lib/Source/SupportFunctions/arm_fill_f32.o
LOAD ./Drivers/CMSIS/DSP_Lib/Source/SupportFunctions/arm_fill_q15.o
LOAD ./Drivers/CMSIS/DSP_Lib/Source/SupportFunctions/arm_fill_q31.o
LOAD ./Drivers/CMSIS/DSP_Lib/Source/SupportFunctions/arm_fill_q7.o
LOAD ./Drivers/CMSIS/DSP_Lib/Source/SupportFunctions/arm_float_to_q15.o
LOAD ./Drivers/CMSIS/DSP_Lib/Source/SupportFunctions/arm_float_to_q31.o
LOAD ./Drivers/CMSIS/DSP_Lib/Source/SupportFunctions/arm_float_to_q7.o
LOAD ./Drivers/CMSIS/DSP_Lib/Source/SupportFunctions/arm_q15_to_float.o
LOAD ./Drivers/CMSIS/DSP_Lib/Source/SupportFunctions/arm_q15_to_q31.o
LOAD ./Drivers/CMSIS/DSP_Lib/Source/SupportFunctions/arm_q15_to_q7.o
LOAD ./Drivers/CMSIS/DSP_Lib/Source/SupportFunctions/arm_q31_to_float.o
LOAD ./Drivers/CMSIS/DSP_Lib/Source/SupportFunctions/arm_q31_to_q15.o
LOAD ./Drivers/CMSIS/DSP_Lib/Source/SupportFunctions/arm_q31_to_q7.o
LOAD ./Drivers/CMSIS/DSP_Lib/Source/SupportFunctions/arm_q7_to_float.o
LOAD ./Drivers/CMSIS/DSP_Lib/Source/SupportFunctions/arm_q7_to_q15.o
LOAD ./Drivers/CMSIS/DSP_Lib/Source/SupportFunctions/arm_q7_to_q31.o
LOAD ./Drivers/CMSIS/DSP_Lib/Source/StatisticsFunctions/arm_max_f32.o
LOAD ./Drivers/CMSIS/DSP_Lib/Source/StatisticsFunctions/arm_max_q15.o
LOAD ./Drivers/CMSIS/DSP_Lib/Source/StatisticsFunctions/arm_max_q31.o
LOAD ./Drivers/CMSIS/DSP_Lib/Source/StatisticsFunctions/arm_max_q7.o
LOAD ./Drivers/CMSIS/DSP_Lib/Source/StatisticsFunctions/arm_mean_f32.o
LOAD ./Drivers/CMSIS/DSP_Lib/Source/StatisticsFunctions/arm_mean_q15.o
LOAD ./Drivers/CMSIS/DSP_Lib/Source/StatisticsFunctions/arm_mean_q31.o
LOAD ./Drivers/CMSIS/DSP_Lib/Source/StatisticsFunctions/arm_mean_q7.o
LOAD ./Drivers/CMSIS/DSP_Lib/Source/StatisticsFunctions/arm_min_f32.o
LOAD ./Drivers/CMSIS/DSP_Lib/Source/StatisticsFunctions/arm_min_q15.o
LOAD ./Drivers/CMSIS/DSP_Lib/Source/StatisticsFunctions/arm_min_q31.o
LOAD ./Drivers/CMSIS/DSP_Lib/Source/StatisticsFunctions/arm_min_q7.o
LOAD ./Drivers/CMSIS/DSP_Lib/Source/StatisticsFunctions/arm_power_f32.o
LOAD ./Drivers/CMSIS/DSP_Lib/Source/StatisticsFunctions/arm_power_q15.o
LOAD ./Drivers/CMSIS/DSP_Lib/Source/StatisticsFunctions/arm_power_q31.o
LOAD ./Drivers/CMSIS/DSP_Lib/Source/StatisticsFunctions/arm_power_q7.o
LOAD ./Drivers/CMSIS/DSP_Lib/Source/StatisticsFunctions/arm_rms_f32.o
LOAD ./Drivers/CMSIS/DSP_Lib/Source/StatisticsFunctions/arm_rms_q15.o
LOAD ./Drivers/CMSIS/DSP_Lib/Source/StatisticsFunctions/arm_rms_q31.o
LOAD ./Drivers/CMSIS/DSP_Lib/Source/StatisticsFunctions/arm_std_f32.o
LOAD ./Drivers/CMSIS/DSP_Lib/Source/StatisticsFunctions/arm_std_q15.o
LOAD ./Drivers/CMSIS/DSP_Lib/Source/StatisticsFunctions/arm_std_q31.o
LOAD ./Drivers/CMSIS/DSP_Lib/Source/StatisticsFunctions/arm_var_f32.o
LOAD ./Drivers/CMSIS/DSP_Lib/Source/StatisticsFunctions/arm_var_q15.o
LOAD ./Drivers/CMSIS/DSP_Lib/Source/StatisticsFunctions/arm_var_q31.o
LOAD ./Drivers/CMSIS/DSP_Lib/Source/MatrixFunctions/arm_mat_add_f32.o
LOAD ./Drivers/CMSIS/DSP_Lib/Source/MatrixFunctions/arm_mat_add_q15.o
LOAD ./Drivers/CMSIS/DSP_Lib/Source/MatrixFunctions/arm_mat_add_q31.o
LOAD ./Drivers/CMSIS/DSP_Lib/Source/MatrixFunctions/arm_mat_init_f32.o
LOAD ./Drivers/CMSIS/DSP_Lib/Source/MatrixFunctions/arm_mat_init_q15.o
LOAD ./Drivers/CMSIS/DSP_Lib/Source/MatrixFunctions/arm_mat_init_q31.o
LOAD ./Drivers/CMSIS/DSP_Lib/Source/MatrixFunctions/arm_mat_inverse_f32.o
LOAD ./Drivers/CMSIS/DSP_Lib/Source/MatrixFunctions/arm_mat_mult_f32.o
LOAD ./Drivers/CMSIS/DSP_Lib/Source/MatrixFunctions/arm_mat_mult_fast_q15.o
LOAD ./Drivers/CMSIS/DSP_Lib/Source/MatrixFunctions/arm_mat_mult_fast_q31.o
LOAD ./Drivers/CMSIS/DSP_Lib/Source/MatrixFunctions/arm_mat_mult_q15.o
LOAD ./Drivers/CMSIS/DSP_Lib/Source/MatrixFunctions/arm_mat_mult_q31.o
LOAD ./Drivers/CMSIS/DSP_Lib/Source/MatrixFunctions/arm_mat_scale_f32.o
LOAD ./Drivers/CMSIS/DSP_Lib/Source/MatrixFunctions/arm_mat_scale_q15.o
LOAD ./Drivers/CMSIS/DSP_Lib/Source/MatrixFunctions/arm_mat_scale_q31.o
LOAD ./Drivers/CMSIS/DSP_Lib/Source/MatrixFunctions/arm_mat_sub_f32.o
LOAD ./Drivers/CMSIS/DSP_Lib/Source/MatrixFunctions/arm_mat_sub_q15.o
LOAD ./Drivers/CMSIS/DSP_Lib/Source/MatrixFunctions/arm_mat_sub_q31.o
LOAD ./Drivers/CMSIS/DSP_Lib/Source/MatrixFunctions/arm_mat_trans_f32.o
LOAD ./Drivers/CMSIS/DSP_Lib/Source/MatrixFunctions/arm_mat_trans_q15.o
LOAD ./Drivers/CMSIS/DSP_Lib/Source/MatrixFunctions/arm_mat_trans_q31.o
LOAD ./Drivers/CMSIS/DSP_Lib/Source/FilteringFunctions/arm_biquad_cascade_df1_32x64_init_q31.o
LOAD ./Drivers/CMSIS/DSP_Lib/Source/FilteringFunctions/arm_biquad_cascade_df1_32x64_q31.o
LOAD ./Drivers/CMSIS/DSP_Lib/Source/FilteringFunctions/arm_biquad_cascade_df1_f32.o
LOAD ./Drivers/CMSIS/DSP_Lib/Source/FilteringFunctions/arm_biquad_cascade_df1_fast_q15.o
LOAD ./Drivers/CMSIS/DSP_Lib/Source/FilteringFunctions/arm_biquad_cascade_df1_fast_q31.o
LOAD ./Drivers/CMSIS/DSP_Lib/Source/FilteringFunctions/arm_biquad_cascade_df1_init_f32.o
LOAD ./Drivers/CMSIS/DSP_Lib/Source/FilteringFunctions/arm_biquad_cascade_df1_init_q15.o
LOAD ./Drivers/CMSIS/DSP_Lib/Source/FilteringFunctions/arm_biquad_cascade_df1_init_q31.o
LOAD ./Drivers/CMSIS/DSP_Lib/Source/FilteringFunctions/arm_biquad_cascade_df1_q15.o
LOAD ./Drivers/CMSIS/DSP_Lib/Source/FilteringFunctions/arm_biquad_cascade_df1_q31.o
LOAD ./Drivers/CMSIS/DSP_Lib/Source/FilteringFunctions/arm_biquad_cascade_df2T_f32.o
LOAD ./Drivers/CMSIS/DSP_Lib/Source/FilteringFunctions/arm_biquad_cascade_df2T_init_f32.o
LOAD ./Drivers/CMSIS/DSP_Lib/Source/FilteringFunctions/arm_conv_f32.o
LOAD ./Drivers/CMSIS/DSP_Lib/Source/FilteringFunctions/arm_conv_fast_opt_q15.o
LOAD ./Drivers/CMSIS/DSP_Lib/Source/FilteringFunctions/arm_conv_fast_q15.o
LOAD ./Drivers/CMSIS/DSP_Lib/Source/FilteringFunctions/arm_conv_fast_q31.o
LOAD ./Drivers/CMSIS/DSP_Lib/Source/FilteringFunctions/arm_conv_opt_q15.o
LOAD ./Drivers/CMSIS/DSP_Lib/Source/FilteringFunctions/arm_conv_opt_q7.o
LOAD ./Drivers/CMSIS/DSP_Lib/Source/FilteringFunctions/arm_conv_partial_f32.o
LOAD ./Drivers/CMSIS/DSP_Lib/Source/FilteringFunctions/arm_conv_partial_fast_opt_q15.o
LOAD ./Drivers/CMSIS/DSP_Lib/Source/FilteringFunctions/arm_conv_partial_fast_q15.o
LOAD ./Drivers/CMSIS/DSP_Lib/Source/FilteringFunctions/arm_conv_partial_fast_q31.o
LOAD ./Drivers/CMSIS/DSP_Lib/Source/FilteringFunctions/arm_conv_partial_opt_q15.o
LOAD ./Drivers/CMSIS/DSP_Lib/Source/FilteringFunctions/arm_conv_partial_opt_q7.o
LOAD ./Drivers/CMSIS/DSP_Lib/Source/FilteringFunctions/arm_conv_partial_q15.o
LOAD ./Drivers/CMSIS/DSP_Lib/Source/FilteringFunctions/arm_conv_partial_q31.o
LOAD ./Drivers/CMSIS/DSP_Lib/Source/FilteringFunctions/arm_conv_partial_q7.o
LOAD ./Drivers/CMSIS/DSP_Lib/Source/FilteringFunctions/arm_conv_q15.o
LOAD ./Drivers/CMSIS/DSP_Lib/Source/FilteringFunctions/arm_conv_q31.o
LOAD ./Drivers/CMSIS/DSP_Lib/Source/FilteringFunctions/arm_conv_q7.o
LOAD ./Drivers/CMSIS/DSP_Lib/Source/FilteringFunctions/arm_correlate_f32.o
LOAD ./Drivers/CMSIS/DSP_Lib/Source/FilteringFunctions/arm_correlate_fast_opt_q15.o
LOAD ./Drivers/CMSIS/DSP_Lib/Source/FilteringFunctions/arm_correlate_fast_q15.o
LOAD ./Drivers/CMSIS/DSP_Lib/Source/FilteringFunctions/arm_correlate_fast_q31.o
LOAD ./Drivers/CMSIS/DSP_Lib/Source/FilteringFunctions/arm_correlate_opt_q15.o
LOAD ./Drivers/CMSIS/DSP_Lib/Source/FilteringFunctions/arm_correlate_opt_q7.o
LOAD ./Drivers/CMSIS/DSP_Lib/Source/FilteringFunctions/arm_correlate_q15.o
LOAD ./Drivers/CMSIS/DSP_Lib/Source/FilteringFunctions/arm_correlate_q31.o
LOAD ./Drivers/CMSIS/DSP_Lib/Source/FilteringFunctions/arm_correlate_q7.o
LOAD ./Drivers/CMSIS/DSP_Lib/Source/FilteringFunctions/arm_fir_decimate_f32.o
LOAD ./Drivers/CMSIS/DSP_Lib/Source/FilteringFunctions/arm_fir_decimate_fast_q15.o
LOAD ./Drivers/CMSIS/DSP_Lib/Source/FilteringFunctions/arm_fir_decimate_fast_q31.o
LOAD ./Drivers/CMSIS/DSP_Lib/Source/FilteringFunctions/arm_fir_decimate_init_f32.o
LOAD ./Drivers/CMSIS/DSP_Lib/Source/FilteringFunctions/arm_fir_decimate_init_q15.o
LOAD ./Drivers/CMSIS/DSP_Lib/Source/FilteringFunctions/arm_fir_decimate_init_q31.o
LOAD ./Drivers/CMSIS/DSP_Lib/Source/FilteringFunctions/arm_fir_decimate_q15.o
LOAD ./Drivers/CMSIS/DSP_Lib/Source/FilteringFunctions/arm_fir_decimate_q31.o
LOAD ./Drivers/CMSIS/DSP_Lib/Source/FilteringFunctions/arm_fir_f32.o
LOAD ./Drivers/CMSIS/DSP_Lib/Source/FilteringFunctions/arm_fir_fast_q15.o
LOAD ./Drivers/CMSIS/DSP_Lib/Source/FilteringFunctions/arm_fir_fast_q31.o
LOAD ./Drivers/CMSIS/DSP_Lib/Source/FilteringFunctions/arm_fir_init_f32.o
LOAD ./Drivers/CMSIS/DSP_Lib/Source/FilteringFunctions/arm_fir_init_q15.o
LOAD ./Drivers/CMSIS/DSP_Lib/Source/FilteringFunctions/arm_fir_init_q31.o
LOAD ./Drivers/CMSIS/DSP_Lib/Source/FilteringFunctions/arm_fir_init_q7.o
LOAD ./Drivers/CMSIS/DSP_Lib/Source/FilteringFunctions/arm_fir_interpolate_f32.o
LOAD ./Drivers/CMSIS/DSP_Lib/Source/FilteringFunctions/arm_fir_interpolate_init_f32.o
LOAD ./Drivers/CMSIS/DSP_Lib/Source/FilteringFunctions/arm_fir_interpolate_init_q15.o
LOAD ./Drivers/CMSIS/DSP_Lib/Source/FilteringFunctions/arm_fir_interpolate_init_q31.o
LOAD ./Drivers/CMSIS/DSP_Lib/Source/FilteringFunctions/arm_fir_interpolate_q15.o
LOAD ./Drivers/CMSIS/DSP_Lib/Source/FilteringFunctions/arm_fir_interpolate_q31.o
LOAD ./Drivers/CMSIS/DSP_Lib/Source/FilteringFunctions/arm_fir_lattice_f32.o
LOAD ./Drivers/CMSIS/DSP_Lib/Source/FilteringFunctions/arm_fir_lattice_init_f32.o
LOAD ./Drivers/CMSIS/DSP_Lib/Source/FilteringFunctions/arm_fir_lattice_init_q15.o
LOAD ./Drivers/CMSIS/DSP_Lib/Source/FilteringFunctions/arm_fir_lattice_init_q31.o
LOAD ./Drivers/CMSIS/DSP_Lib/Source/FilteringFunctions/arm_fir_lattice_q15.o
LOAD ./Drivers/CMSIS/DSP_Lib/Source/FilteringFunctions/arm_fir_lattice_q31.o
LOAD ./Drivers/CMSIS/DSP_Lib/Source/FilteringFunctions/arm_fir_q15.o
LOAD ./Drivers/CMSIS/DSP_Lib/Source/FilteringFunctions/arm_fir_q31.o
LOAD ./Drivers/CMSIS/DSP_Lib/Source/FilteringFunctions/arm_fir_q7.o
LOAD ./Drivers/CMSIS/DSP_Lib/Source/FilteringFunctions/arm_fir_sparse_f32.o
LOAD ./Drivers/CMSIS/DSP_Lib/Source/FilteringFunctions/arm_fir_sparse_init_f32.o
LOAD ./Drivers/CMSIS/DSP_Lib/Source/FilteringFunctions/arm_fir_sparse_init_q15.o
LOAD ./Drivers/CMSIS/DSP_Lib/Source/FilteringFunctions/arm_fir_sparse_init_q31.o
LOAD ./Drivers/CMSIS/DSP_Lib/Source/FilteringFunctions/arm_fir_sparse_init_q7.o
LOAD ./Drivers/CMSIS/DSP_Lib/Source/FilteringFunctions/arm_fir_sparse_q15.o
LOAD ./Drivers/CMSIS/DSP_Lib/Source/FilteringFunctions/arm_fir_sparse_q31.o
LOAD ./Drivers/CMSIS/DSP_Lib/Source/FilteringFunctions/arm_fir_sparse_q7.o
LOAD ./Drivers/CMSIS/DSP_Lib/Source/FilteringFunctions/arm_iir_lattice_f32.o
LOAD ./Drivers/CMSIS/DSP_Lib/Source/FilteringFunctions/arm_iir_lattice_init_f32.o
LOAD ./Drivers/CMSIS/DSP_Lib/Source/FilteringFunctions/arm_iir_lattice_init_q15.o
LOAD ./Drivers/CMSIS/DSP_Lib/Source/FilteringFunctions/arm_iir_lattice_init_q31.o
LOAD ./Drivers/CMSIS/DSP_Lib/Source/FilteringFunctions/arm_iir_lattice_q15.o
LOAD ./Drivers/CMSIS/DSP_Lib/Source/FilteringFunctions/arm_iir_lattice_q31.o
LOAD ./Drivers/CMSIS/DSP_Lib/Source/FilteringFunctions/arm_lms_f32.o
LOAD ./Drivers/CMSIS/DSP_Lib/Source/FilteringFunctions/arm_lms_init_f32.o
LOAD ./Drivers/CMSIS/DSP_Lib/Source/FilteringFunctions/arm_lms_init_q15.o
LOAD ./Drivers/CMSIS/DSP_Lib/Source/FilteringFunctions/arm_lms_init_q31.o
LOAD ./Drivers/CMSIS/DSP_Lib/Source/FilteringFunctions/arm_lms_norm_f32.o
LOAD ./Drivers/CMSIS/DSP_Lib/Source/FilteringFunctions/arm_lms_norm_init_f32.o
LOAD ./Drivers/CMSIS/DSP_Lib/Source/FilteringFunctions/arm_lms_norm_init_q15.o
LOAD ./Drivers/CMSIS/DSP_Lib/Source/FilteringFunctions/arm_lms_norm_init_q31.o
LOAD ./Drivers/CMSIS/DSP_Lib/Source/FilteringFunctions/arm_lms_norm_q15.o
LOAD ./Drivers/CMSIS/DSP_Lib/Source/FilteringFunctions/arm_lms_norm_q31.o
LOAD ./Drivers/CMSIS/DSP_Lib/Source/FilteringFunctions/arm_lms_q15.o
LOAD ./Drivers/CMSIS/DSP_Lib/Source/FilteringFunctions/arm_lms_q31.o
LOAD ./Drivers/CMSIS/DSP_Lib/Source/FastMathFunctions/arm_cos_f32.o
LOAD ./Drivers/CMSIS/DSP_Lib/Source/FastMathFunctions/arm_cos_q15.o
LOAD ./Drivers/CMSIS/DSP_Lib/Source/FastMathFunctions/arm_cos_q31.o
LOAD ./Drivers/CMSIS/DSP_Lib/Source/FastMathFunctions/arm_sin_f32.o
LOAD ./Drivers/CMSIS/DSP_Lib/Source/FastMathFunctions/arm_sin_q15.o
LOAD ./Drivers/CMSIS/DSP_Lib/Source/FastMathFunctions/arm_sin_q31.o
LOAD ./Drivers/CMSIS/DSP_Lib/Source/FastMathFunctions/arm_sqrt_q15.o
LOAD ./Drivers/CMSIS/DSP_Lib/Source/FastMathFunctions/arm_sqrt_q31.o
LOAD ./Drivers/CMSIS/DSP_Lib/Source/ControllerFunctions/arm_pid_init_f32.o
LOAD ./Drivers/CMSIS/DSP_Lib/Source/ControllerFunctions/arm_pid_init_q15.o
LOAD ./Drivers/CMSIS/DSP_Lib/Source/ControllerFunctions/arm_pid_init_q31.o
LOAD ./Drivers/CMSIS/DSP_Lib/Source/ControllerFunctions/arm_pid_reset_f32.o
LOAD ./Drivers/CMSIS/DSP_Lib/Source/ControllerFunctions/arm_pid_reset_q15.o
LOAD ./Drivers/CMSIS/DSP_Lib/Source/ControllerFunctions/arm_pid_reset_q31.o
LOAD ./Drivers/CMSIS/DSP_Lib/Source/ControllerFunctions/arm_sin_cos_f32.o
LOAD ./Drivers/CMSIS/DSP_Lib/Source/ControllerFunctions/arm_sin_cos_q31.o
LOAD ./Drivers/CMSIS/DSP_Lib/Source/ComplexMathFunctions/arm_cmplx_conj_f32.o
LOAD ./Drivers/CMSIS/DSP_Lib/Source/ComplexMathFunctions/arm_cmplx_conj_q15.o
LOAD ./Drivers/CMSIS/DSP_Lib/Source/ComplexMathFunctions/arm_cmplx_conj_q31.o
LOAD ./Drivers/CMSIS/DSP_Lib/Source/ComplexMathFunctions/arm_cmplx_dot_prod_f32.o
LOAD ./Drivers/CMSIS/DSP_Lib/Source/ComplexMathFunctions/arm_cmplx_dot_prod_q15.o
LOAD ./Drivers/CMSIS/DSP_Lib/Source/ComplexMathFunctions/arm_cmplx_dot_prod_q31.o
LOAD ./Drivers/CMSIS/DSP_Lib/Source/ComplexMathFunctions/arm_cmplx_mag_f32.o
LOAD ./Drivers/CMSIS/DSP_Lib/Source/ComplexMathFunctions/arm_cmplx_mag_q15.o
LOAD ./Drivers/CMSIS/DSP_Lib/Source/ComplexMathFunctions/arm_cmplx_mag_q31.o
LOAD ./Drivers/CMSIS/DSP_Lib/Source/ComplexMathFunctions/arm_cmplx_mag_squared_f32.o
LOAD ./Drivers/CMSIS/DSP_Lib/Source/ComplexMathFunctions/arm_cmplx_mag_squared_q15.o
LOAD ./Drivers/CMSIS/DSP_Lib/Source/ComplexMathFunctions/arm_cmplx_mag_squared_q31.o
LOAD ./Drivers/CMSIS/DSP_Lib/Source/ComplexMathFunctions/arm_cmplx_mult_cmplx_f32.o
LOAD ./Drivers/CMSIS/DSP_Lib/Source/ComplexMathFunctions/arm_cmplx_mult_cmplx_q15.o
LOAD ./Drivers/CMSIS/DSP_Lib/Source/ComplexMathFunctions/arm_cmplx_mult_cmplx_q31.o
LOAD ./Drivers/CMSIS/DSP_Lib/Source/ComplexMathFunctions/arm_cmplx_mult_real_f32.o
LOAD ./Drivers/CMSIS/DSP_Lib/Source/ComplexMathFunctions/arm_cmplx_mult_real_q15.o
LOAD ./Drivers/CMSIS/DSP_Lib/Source/ComplexMathFunctions/arm_cmplx_mult_real_q31.o
LOAD ./Drivers/CMSIS/DSP_Lib/Source/CommonTables/arm_common_tables.o
LOAD ./Drivers/CMSIS/DSP_Lib/Source/BasicMathFunctions/arm_abs_f32.o
LOAD ./Drivers/CMSIS/DSP_Lib/Source/BasicMathFunctions/arm_abs_q15.o
LOAD ./Drivers/CMSIS/DSP_Lib/Source/BasicMathFunctions/arm_abs_q31.o
LOAD ./Drivers/CMSIS/DSP_Lib/Source/BasicMathFunctions/arm_abs_q7.o
LOAD ./Drivers/CMSIS/DSP_Lib/Source/BasicMathFunctions/arm_add_f32.o
LOAD ./Drivers/CMSIS/DSP_Lib/Source/BasicMathFunctions/arm_add_q15.o
LOAD ./Drivers/CMSIS/DSP_Lib/Source/BasicMathFunctions/arm_add_q31.o
LOAD ./Drivers/CMSIS/DSP_Lib/Source/BasicMathFunctions/arm_add_q7.o
LOAD ./Drivers/CMSIS/DSP_Lib/Source/BasicMathFunctions/arm_dot_prod_f32.o
LOAD ./Drivers/CMSIS/DSP_Lib/Source/BasicMathFunctions/arm_dot_prod_q15.o
LOAD ./Drivers/CMSIS/DSP_Lib/Source/BasicMathFunctions/arm_dot_prod_q31.o
LOAD ./Drivers/CMSIS/DSP_Lib/Source/BasicMathFunctions/arm_dot_prod_q7.o
LOAD ./Drivers/CMSIS/DSP_Lib/Source/BasicMathFunctions/arm_mult_f32.o
LOAD ./Drivers/CMSIS/DSP_Lib/Source/BasicMathFunctions/arm_mult_q15.o
LOAD ./Drivers/CMSIS/DSP_Lib/Source/BasicMathFunctions/arm_mult_q31.o
LOAD ./Drivers/CMSIS/DSP_Lib/Source/BasicMathFunctions/arm_mult_q7.o
LOAD ./Drivers/CMSIS/DSP_Lib/Source/BasicMathFunctions/arm_negate_f32.o
LOAD ./Drivers/CMSIS/DSP_Lib/Source/BasicMathFunctions/arm_negate_q15.o
LOAD ./Drivers/CMSIS/DSP_Lib/Source/BasicMathFunctions/arm_negate_q31.o
LOAD ./Drivers/CMSIS/DSP_Lib/Source/BasicMathFunctions/arm_negate_q7.o
LOAD ./Drivers/CMSIS/DSP_Lib/Source/BasicMathFunctions/arm_offset_f32.o
LOAD ./Drivers/CMSIS/DSP_Lib/Source/BasicMathFunctions/arm_offset_q15.o
LOAD ./Drivers/CMSIS/DSP_Lib/Source/BasicMathFunctions/arm_offset_q31.o
LOAD ./Drivers/CMSIS/DSP_Lib/Source/BasicMathFunctions/arm_offset_q7.o
LOAD ./Drivers/CMSIS/DSP_Lib/Source/BasicMathFunctions/arm_scale_f32.o
LOAD ./Drivers/CMSIS/DSP_Lib/Source/BasicMathFunctions/arm_scale_q15.o
LOAD ./Drivers/CMSIS/DSP_Lib/Source/BasicMathFunctions/arm_scale_q31.o
LOAD ./Drivers/CMSIS/DSP_Lib/Source/BasicMathFunctions/arm_scale_q7.o
LOAD ./Drivers/CMSIS/DSP_Lib/Source/BasicMathFunctions/arm_shift_q15.o
LOAD ./Drivers/CMSIS/DSP_Lib/Source/BasicMathFunctions/arm_shift_q31.o
LOAD ./Drivers/CMSIS/DSP_Lib/Source/BasicMathFunctions/arm_shift_q7.o
LOAD ./Drivers/CMSIS/DSP_Lib/Source/BasicMathFunctions/arm_sub_f32.o
LOAD ./Drivers/CMSIS/DSP_Lib/Source/BasicMathFunctions/arm_sub_q15.o
LOAD ./Drivers/CMSIS/DSP_Lib/Source/BasicMathFunctions/arm_sub_q31.o
LOAD ./Drivers/CMSIS/DSP_Lib/Source/BasicMathFunctions/arm_sub_q7.o
LOAD ./Audio_DSP/src/audio_nr.o
LOAD ./Audio_DSP/src/codec.o
LOAD ./Audio_DSP/src/stm32f4_discovery_audio_codec.o
LOAD /usr/bin/../lib/gcc/arm-none-eabi/4.9.3/../../../../arm-none-eabi/lib/armv7e-m/fpu/libg.a
LOAD /usr/bin/../lib/gcc/arm-none-eabi/4.9.3/../../../../arm-none-eabi/lib/armv7e-m/fpu/libnosys.a
LOAD /usr/bin/../lib/gcc/arm-none-eabi/4.9.3/../../../../arm-none-eabi/lib/armv7e-m/fpu/libstdc++.a
LOAD /usr/bin/../lib/gcc/arm-none-eabi/4.9.3/../../../../arm-none-eabi/lib/armv7e-m/fpu/libm.a
START GROUP
LOAD /usr/bin/../lib/gcc/arm-none-eabi/4.9.3/armv7e-m/fpu/libgcc.a
LOAD /usr/bin/../lib/gcc/arm-none-eabi/4.9.3/../../../../arm-none-eabi/lib/armv7e-m/fpu/libg.a
LOAD /usr/bin/../lib/gcc/arm-none-eabi/4.9.3/../../../../arm-none-eabi/lib/armv7e-m/fpu/libc.a
END GROUP
LOAD /usr/bin/../lib/gcc/arm-none-eabi/4.9.3/armv7e-m/fpu/crtend.o
LOAD /usr/bin/../lib/gcc/arm-none-eabi/4.9.3/armv7e-m/fpu/crtn.o
                0x20020000                _estack = 0x20020000
                0x00000000                _Min_Heap_Size = 0x0
                0x00000400                _Min_Stack_Size = 0x400

.isr_vector     0x08000000      0x188
                0x08000000                . = ALIGN (0x4)
 *(.isr_vector)
 .isr_vector    0x08000000      0x188 ./src/startup_stm32f4xx.o
                0x08000000                g_pfnVectors
                0x08000188                . = ALIGN (0x4)

.eeprom         0x08004000     0xc000
                0x08004000                . = ALIGN (0x4)
 *(.eeprom)
                0x0800ffff                . = ((ORIGIN (EEPROM) + 0xc000) - 0x1)
 *fill*         0x08004000     0xbfff ff
                0x0800ffff        0x1 BYTE 0xff
                0x08010000                . = ALIGN (0x4)

.bkpsram        0x40024000        0x0
                0x40024000                . = ALIGN (0x4)
 *(.bkpsram)
                0x40024000                . = ALIGN (0x4)

.text           0x08010000    0x12bd0
                0x08010000                . = ALIGN (0x4)
 *(.text)
 .text          0x08010000       0x5c /usr/bin/../lib/gcc/arm-none-eabi/4.9.3/armv7e-m/fpu/crtbegin.o
 .text          0x0801005c      0x134 /usr/bin/../lib/gcc/arm-none-eabi/4.9.3/../../../../arm-none-eabi/lib/armv7e-m/fpu/libg.a(lib_a-memcpy.o)
                0x0801005c                memcpy
 .text          0x08010190      0x370 /usr/bin/../lib/gcc/arm-none-eabi/4.9.3/armv7e-m/fpu/libgcc.a(_arm_addsubdf3.o)
                0x08010190                __aeabi_drsub
                0x08010198                __aeabi_dsub
                0x08010198                __subdf3
                0x0801019c                __adddf3
                0x0801019c                __aeabi_dadd
                0x08010414                __aeabi_ui2d
                0x08010414                __floatunsidf
                0x08010434                __floatsidf
                0x08010434                __aeabi_i2d
                0x08010458                __extendsfdf2
                0x08010458                __aeabi_f2d
                0x08010494                __aeabi_ul2d
                0x08010494                __floatundidf
                0x080104a4                __floatdidf
                0x080104a4                __aeabi_l2d
 .text          0x08010500      0x424 /usr/bin/../lib/gcc/arm-none-eabi/4.9.3/armv7e-m/fpu/libgcc.a(_arm_muldivdf3.o)
                0x08010500                __aeabi_dmul
                0x08010500                __muldf3
                0x08010754                __aeabi_ddiv
                0x08010754                __divdf3
 .text          0x08010924      0x110 /usr/bin/../lib/gcc/arm-none-eabi/4.9.3/armv7e-m/fpu/libgcc.a(_arm_cmpdf2.o)
                0x08010924                __gtdf2
                0x08010924                __gedf2
                0x0801092c                __ltdf2
                0x0801092c                __ledf2
                0x08010934                __cmpdf2
                0x08010934                __eqdf2
                0x08010934                __nedf2
                0x080109b0                __aeabi_cdrcmple
                0x080109c0                __aeabi_cdcmple
                0x080109c0                __aeabi_cdcmpeq
                0x080109d0                __aeabi_dcmpeq
                0x080109e4                __aeabi_dcmplt
                0x080109f8                __aeabi_dcmple
                0x08010a0c                __aeabi_dcmpge
                0x08010a20                __aeabi_dcmpgt
 .text          0x08010a34       0x50 /usr/bin/../lib/gcc/arm-none-eabi/4.9.3/armv7e-m/fpu/libgcc.a(_arm_fixdfsi.o)
                0x08010a34                __fixdfsi
                0x08010a34                __aeabi_d2iz
 .text          0x08010a84       0xa0 /usr/bin/../lib/gcc/arm-none-eabi/4.9.3/armv7e-m/fpu/libgcc.a(_arm_truncdfsf2.o)
                0x08010a84                __aeabi_d2f
                0x08010a84                __truncdfsf2
 .text          0x08010b24       0x30 /usr/bin/../lib/gcc/arm-none-eabi/4.9.3/armv7e-m/fpu/libgcc.a(_aeabi_uldivmod.o)
                0x08010b24                __aeabi_uldivmod
 .text          0x08010b54       0x60 /usr/bin/../lib/gcc/arm-none-eabi/4.9.3/armv7e-m/fpu/libgcc.a(bpabi.o)
                0x08010b54                __gnu_ldivmod_helper
                0x08010b84                __gnu_uldivmod_helper
 .text          0x08010bb4        0x4 /usr/bin/../lib/gcc/arm-none-eabi/4.9.3/armv7e-m/fpu/libgcc.a(_dvmd_tls.o)
                0x08010bb4                __aeabi_ldiv0
                0x08010bb4                __aeabi_idiv0
 .text          0x08010bb8      0x29c /usr/bin/../lib/gcc/arm-none-eabi/4.9.3/armv7e-m/fpu/libgcc.a(_divdi3.o)
                0x08010bb8                __divdi3
 .text          0x08010e54      0x26c /usr/bin/../lib/gcc/arm-none-eabi/4.9.3/armv7e-m/fpu/libgcc.a(_udivdi3.o)
                0x08010e54                __udivdi3
 *(.text*)
 .text.init_debug_blinky
                0x080110c0       0x38 ./src/debugblinky.o
                0x080110c0                init_debug_blinky
 .text.load_settings
                0x080110f8       0x38 ./src/eeprom_access.o
                0x080110f8                load_settings
 .text.write_settings
                0x08011130       0x28 ./src/eeprom_access.o
                0x08011130                write_settings
 .text.fifo_create
                0x08011158       0x4c ./src/fifo.o
                0x08011158                fifo_create
 .text.fifo_write
                0x080111a4       0x64 ./src/fifo.o
                0x080111a4                fifo_write
 .text.fifo_read
                0x08011208       0x64 ./src/fifo.o
                0x08011208                fifo_read
 .text.startup.main
                0x0801126c      0x158 ./src/main.o
                0x0801126c                main
 .text.TM_EXTI_Handler
                0x080113c4       0x14 ./src/main.o
                0x080113c4                TM_EXTI_Handler
 .text.sm1000_leds_switches_init
                0x080113d8       0x6c ./src/sm1000_leds_switches.o
                0x080113d8                sm1000_leds_switches_init
 .text.led_pwr  0x08011444       0x24 ./src/sm1000_leds_switches.o
                0x08011444                led_pwr
 .text.led_ptt  0x08011468       0x20 ./src/sm1000_leds_switches.o
                0x08011468                led_ptt
 .text.led_rt   0x08011488       0x24 ./src/sm1000_leds_switches.o
                0x08011488                led_rt
 .text.led_err  0x080114ac       0x24 ./src/sm1000_leds_switches.o
                0x080114ac                led_err
 .text.not_cptt
                0x080114d0       0x1c ./src/sm1000_leds_switches.o
                0x080114d0                not_cptt
 .text.ColorfulRingOfDeath
                0x080114ec       0x40 ./src/sm1000_leds_switches.o
                0x080114ec                ColorfulRingOfDeath
 .text.HardFault_Handler
                0x0801152c        0x8 ./src/sm1000_leds_switches.o
                0x0801152c                HardFault_Handler
 .text.MemManage_Handler
                0x08011534        0x8 ./src/sm1000_leds_switches.o
                0x08011534                MemManage_Handler
 .text.BusFault_Handler
                0x0801153c        0x8 ./src/sm1000_leds_switches.o
                0x0801153c                BusFault_Handler
 .text.UsageFault_Handler
                0x08011544        0x8 ./src/sm1000_leds_switches.o
                0x08011544                UsageFault_Handler
 .text.Reset_Handler
                0x0801154c       0x48 ./src/startup_stm32f4xx.o
                0x0801154c                Reset_Handler
 .text.Default_Handler
                0x08011594        0x2 ./src/startup_stm32f4xx.o
                0x08011594                RTC_Alarm_IRQHandler
                0x08011594                HASH_RNG_IRQHandler
                0x08011594                TIM8_CC_IRQHandler
                0x08011594                DebugMon_Handler
                0x08011594                TIM1_CC_IRQHandler
                0x08011594                DMA2_Stream5_IRQHandler
                0x08011594                PVD_IRQHandler
                0x08011594                SDIO_IRQHandler
                0x08011594                TAMP_STAMP_IRQHandler
                0x08011594                PendSV_Handler
                0x08011594                NMI_Handler
                0x08011594                CAN2_RX1_IRQHandler
                0x08011594                TIM8_TRG_COM_TIM14_IRQHandler
                0x08011594                TIM1_UP_TIM10_IRQHandler
                0x08011594                TIM8_UP_TIM13_IRQHandler
                0x08011594                I2C3_ER_IRQHandler
                0x08011594                I2C2_EV_IRQHandler
                0x08011594                DMA1_Stream2_IRQHandler
                0x08011594                CAN1_RX0_IRQHandler
                0x08011594                FPU_IRQHandler
                0x08011594                OTG_HS_WKUP_IRQHandler
                0x08011594                CAN2_SCE_IRQHandler
                0x08011594                DMA2_Stream2_IRQHandler
                0x08011594                SPI1_IRQHandler
                0x08011594                TIM6_DAC_IRQHandler
                0x08011594                TIM1_BRK_TIM9_IRQHandler
                0x08011594                DCMI_IRQHandler
                0x08011594                CAN2_RX0_IRQHandler
                0x08011594                DMA2_Stream3_IRQHandler
                0x08011594                USART6_IRQHandler
                0x08011594                USART3_IRQHandler
                0x08011594                CRYP_IRQHandler
                0x08011594                CAN1_RX1_IRQHandler
                0x08011594                UART5_IRQHandler
                0x08011594                TIM4_IRQHandler
                0x08011594                I2C1_EV_IRQHandler
                0x08011594                DMA1_Stream1_IRQHandler
                0x08011594                UART4_IRQHandler
                0x08011594                TIM3_IRQHandler
                0x08011594                RCC_IRQHandler
                0x08011594                TIM8_BRK_TIM12_IRQHandler
                0x08011594                Default_Handler
                0x08011594                ADC_IRQHandler
                0x08011594                TIM7_IRQHandler
                0x08011594                CAN2_TX_IRQHandler
                0x08011594                TIM5_IRQHandler
                0x08011594                DMA2_Stream7_IRQHandler
                0x08011594                I2C3_EV_IRQHandler
                0x08011594                RTC_WKUP_IRQHandler
                0x08011594                ETH_WKUP_IRQHandler
                0x08011594                SPI2_IRQHandler
                0x08011594                OTG_HS_EP1_IN_IRQHandler
                0x08011594                CAN1_TX_IRQHandler
                0x08011594                SVC_Handler
                0x08011594                FSMC_IRQHandler
                0x08011594                ETH_IRQHandler
                0x08011594                OTG_HS_EP1_OUT_IRQHandler
                0x08011594                WWDG_IRQHandler
                0x08011594                TIM2_IRQHandler
                0x08011594                OTG_FS_WKUP_IRQHandler
                0x08011594                TIM1_TRG_COM_TIM11_IRQHandler
                0x08011594                OTG_HS_IRQHandler
                0x08011594                USART2_IRQHandler
                0x08011594                I2C2_ER_IRQHandler
                0x08011594                DMA2_Stream1_IRQHandler
                0x08011594                CAN1_SCE_IRQHandler
                0x08011594                FLASH_IRQHandler
                0x08011594                DMA2_Stream4_IRQHandler
                0x08011594                USART1_IRQHandler
                0x08011594                OTG_FS_IRQHandler
                0x08011594                DMA1_Stream4_IRQHandler
                0x08011594                I2C1_ER_IRQHandler
                0x08011594                DMA2_Stream6_IRQHandler
                0x08011594                DMA1_Stream3_IRQHandler
 *fill*         0x08011596        0x2 
 .text.adc2_read
                0x08011598       0x10 ./src/stm32f4_adc.o
                0x08011598                adc2_read
 .text.adc_configure
                0x080115a8      0x144 ./src/stm32f4_adc.o
                0x080115a8                adc_configure
 .text.adc_open
                0x080116ec       0x98 ./src/stm32f4_adc.o
                0x080116ec                adc_open
 .text.DMA2_Stream0_IRQHandler
                0x08011784      0x144 ./src/stm32f4_adc.o
                0x08011784                DMA2_Stream0_IRQHandler
 .text.dac_open
                0x080118c8      0x254 ./src/stm32f4_dac.o
                0x080118c8                dac_open
 .text.dac1_write
                0x08011b1c       0x10 ./src/stm32f4_dac.o
                0x08011b1c                dac1_write
 .text.DMA1_Stream5_IRQHandler
                0x08011b2c      0x128 ./src/stm32f4_dac.o
                0x08011b2c                DMA1_Stream5_IRQHandler
 .text.DMA1_Stream6_IRQHandler
                0x08011c54      0x128 ./src/stm32f4_dac.o
                0x08011c54                DMA1_Stream6_IRQHandler
 .text.vrom_mark_obsolete
                0x08011d7c       0x74 ./src/stm32f4_vrom.o
 .text.vrom_write_block
                0x08011df0      0x1d4 ./src/stm32f4_vrom.o
 .text.vrom_find
                0x08011fc4       0xc8 ./src/stm32f4_vrom.o
 .text.vrom_write_internal
                0x0801208c      0x2a4 ./src/stm32f4_vrom.o
 .text.vrom_read
                0x08012330       0xc0 ./src/stm32f4_vrom.o
                0x08012330                vrom_read
 .text.vrom_write
                0x080123f0       0x2c ./src/stm32f4_vrom.o
                0x080123f0                vrom_write
 .text.SystemInit
                0x0801241c      0x100 ./src/system_stm32f4xx.o
                0x0801241c                SystemInit
 .text.NVIC_SetPriority
                0x0801251c       0x54 ./LCD/src/tm_stm32f4_delay.o
 .text.SysTick_Config
                0x08012570       0x44 ./LCD/src/tm_stm32f4_delay.o
 .text.SysTick_Handler
                0x080125b4       0xf0 ./LCD/src/tm_stm32f4_delay.o
                0x080125b4                SysTick_Handler
 .text.TM_DELAY_Init
                0x080126a4       0x4c ./LCD/src/tm_stm32f4_delay.o
                0x080126a4                TM_DELAY_Init
 .text.TM_GPIO_Init
                0x080126f0       0x44 ./LCD/src/tm_stm32f4_gpio.o
                0x080126f0                TM_GPIO_Init
 .text.TM_GPIO_GetPinSource
                0x08012734       0x30 ./LCD/src/tm_stm32f4_gpio.o
                0x08012734                TM_GPIO_GetPinSource
 .text.TM_GPIO_GetPortSource
                0x08012764       0x24 ./LCD/src/tm_stm32f4_gpio.o
                0x08012764                TM_GPIO_GetPortSource
 .text.TM_GPIO_INT_EnableClock
                0x08012788       0x2c ./LCD/src/tm_stm32f4_gpio.o
                0x08012788                TM_GPIO_INT_EnableClock
 .text.TM_GPIO_INT_Init
                0x080127b4      0x10c ./LCD/src/tm_stm32f4_gpio.o
                0x080127b4                TM_GPIO_INT_Init
 .text.Delay    0x080128c0       0x58 ./LCD/src/tm_stm32f4_hd44780.o
 .text.TM_HD44780_Init
                0x08012918       0xd0 ./LCD/src/tm_stm32f4_hd44780.o
                0x08012918                TM_HD44780_Init
 .text.TM_HD44780_Clear
                0x080129e8       0x14 ./LCD/src/tm_stm32f4_hd44780.o
                0x080129e8                TM_HD44780_Clear
 .text.TM_HD44780_Puts
                0x080129fc       0xb8 ./LCD/src/tm_stm32f4_hd44780.o
                0x080129fc                TM_HD44780_Puts
 .text.TM_HD44780_DisplayOn
                0x08012ab4       0x28 ./LCD/src/tm_stm32f4_hd44780.o
                0x08012ab4                TM_HD44780_DisplayOn
 .text.TM_HD44780_BlinkOn
                0x08012adc       0x28 ./LCD/src/tm_stm32f4_hd44780.o
                0x08012adc                TM_HD44780_BlinkOn
 .text.TM_HD44780_BlinkOff
                0x08012b04       0x28 ./LCD/src/tm_stm32f4_hd44780.o
                0x08012b04                TM_HD44780_BlinkOff
 .text.TM_HD44780_CursorOn
                0x08012b2c       0x28 ./LCD/src/tm_stm32f4_hd44780.o
                0x08012b2c                TM_HD44780_CursorOn
 .text.TM_HD44780_CursorOff
                0x08012b54       0x28 ./LCD/src/tm_stm32f4_hd44780.o
                0x08012b54                TM_HD44780_CursorOff
 .text.TM_HD44780_Cmd
                0x08012b7c       0x34 ./LCD/src/tm_stm32f4_hd44780.o
 .text.TM_HD44780_Data
                0x08012bb0       0x34 ./LCD/src/tm_stm32f4_hd44780.o
 .text.TM_HD44780_Cmd4bit
                0x08012be4       0x8c ./LCD/src/tm_stm32f4_hd44780.o
 .text.TM_HD44780_CursorSet
                0x08012c70       0x64 ./LCD/src/tm_stm32f4_hd44780.o
 .text.TM_HD44780_InitPins
                0x08012cd4       0xac ./LCD/src/tm_stm32f4_hd44780.o
 .text.init_lcd_enc
                0x08012d80       0x70 ./LCD/src/ui.o
                0x08012d80                init_lcd_enc
 .text.BUTTON1_EventHandler
                0x08012df0       0x50 ./LCD/src/ui.o
                0x08012df0                BUTTON1_EventHandler
 .text.BUTTON2_EventHandler
                0x08012e40       0x3c ./LCD/src/ui.o
                0x08012e40                BUTTON2_EventHandler
 .text.nr_on_state
                0x08012e7c       0x14 ./LCD/src/ui.o
                0x08012e7c                nr_on_state
 .text.menu_handling
                0x08012e90      0x224 ./LCD/src/ui.o
                0x08012e90                menu_handling
 .text.modify_menu_item
                0x080130b4       0xb4 ./LCD/src/ui.o
                0x080130b4                modify_menu_item
 .text.TM_BUTTON_Init
                0x08013168       0xbc ./ENCODER/src/tm_stm32f4_button.o
                0x08013168                TM_BUTTON_Init
 .text.TM_BUTTON_Update
                0x08013224       0x34 ./ENCODER/src/tm_stm32f4_button.o
                0x08013224                TM_BUTTON_Update
 .text.TM_BUTTON_INT_CheckButton
                0x08013258       0xf8 ./ENCODER/src/tm_stm32f4_button.o
                0x08013258                TM_BUTTON_INT_CheckButton
 .text.TM_EXTI_Attach
                0x08013350      0x288 ./ENCODER/src/tm_stm32f4_exti.o
                0x08013350                TM_EXTI_Attach
 .text.EXTI0_IRQHandler
                0x080135d8       0x24 ./ENCODER/src/tm_stm32f4_exti.o
                0x080135d8                EXTI0_IRQHandler
 .text.EXTI1_IRQHandler
                0x080135fc       0x24 ./ENCODER/src/tm_stm32f4_exti.o
                0x080135fc                EXTI1_IRQHandler
 .text.EXTI2_IRQHandler
                0x08013620       0x24 ./ENCODER/src/tm_stm32f4_exti.o
                0x08013620                EXTI2_IRQHandler
 .text.EXTI3_IRQHandler
                0x08013644       0x24 ./ENCODER/src/tm_stm32f4_exti.o
                0x08013644                EXTI3_IRQHandler
 .text.EXTI4_IRQHandler
                0x08013668       0x24 ./ENCODER/src/tm_stm32f4_exti.o
                0x08013668                EXTI4_IRQHandler
 .text.EXTI9_5_IRQHandler
                0x0801368c       0x8c ./ENCODER/src/tm_stm32f4_exti.o
                0x0801368c                EXTI9_5_IRQHandler
 .text.EXTI15_10_IRQHandler
                0x08013718       0xb4 ./ENCODER/src/tm_stm32f4_exti.o
                0x08013718                EXTI15_10_IRQHandler
 .text.TM_RE_Init
                0x080137cc       0x7c ./ENCODER/src/tm_stm32f4_rotary_encoder.o
                0x080137cc                TM_RE_Init
 .text.TM_RE_Get
                0x08013848       0x58 ./ENCODER/src/tm_stm32f4_rotary_encoder.o
                0x08013848                TM_RE_Get
 .text.TM_RE_SetMode
                0x080138a0       0x1c ./ENCODER/src/tm_stm32f4_rotary_encoder.o
                0x080138a0                TM_RE_SetMode
 .text.TM_RE_Process
                0x080138bc       0x9c ./ENCODER/src/tm_stm32f4_rotary_encoder.o
                0x080138bc                TM_RE_Process
 .text.NVIC_Init
                0x08013958       0xc0 ./Drivers/STM32F4xx_StdPeriph_Driver/src/misc.o
                0x08013958                NVIC_Init
 .text.ADC_DeInit
                0x08013a18       0x1c ./Drivers/STM32F4xx_StdPeriph_Driver/src/stm32f4xx_adc.o
                0x08013a18                ADC_DeInit
 .text.ADC_Init
                0x08013a34       0xa8 ./Drivers/STM32F4xx_StdPeriph_Driver/src/stm32f4xx_adc.o
                0x08013a34                ADC_Init
 .text.ADC_Cmd  0x08013adc       0x38 ./Drivers/STM32F4xx_StdPeriph_Driver/src/stm32f4xx_adc.o
                0x08013adc                ADC_Cmd
 .text.ADC_RegularChannelConfig
                0x08013b14      0x194 ./Drivers/STM32F4xx_StdPeriph_Driver/src/stm32f4xx_adc.o
                0x08013b14                ADC_RegularChannelConfig
 .text.ADC_SoftwareStartConv
                0x08013ca8       0x20 ./Drivers/STM32F4xx_StdPeriph_Driver/src/stm32f4xx_adc.o
                0x08013ca8                ADC_SoftwareStartConv
 .text.ADC_DMACmd
                0x08013cc8       0x38 ./Drivers/STM32F4xx_StdPeriph_Driver/src/stm32f4xx_adc.o
                0x08013cc8                ADC_DMACmd
 .text.ADC_DMARequestAfterLastTransferCmd
                0x08013d00       0x38 ./Drivers/STM32F4xx_StdPeriph_Driver/src/stm32f4xx_adc.o
                0x08013d00                ADC_DMARequestAfterLastTransferCmd
 .text.CRC_ResetDR
                0x08013d38       0x18 ./Drivers/STM32F4xx_StdPeriph_Driver/src/stm32f4xx_crc.o
                0x08013d38                CRC_ResetDR
 .text.CRC_CalcCRC
                0x08013d50       0x24 ./Drivers/STM32F4xx_StdPeriph_Driver/src/stm32f4xx_crc.o
                0x08013d50                CRC_CalcCRC
 .text.DAC_Init
                0x08013d74       0x64 ./Drivers/STM32F4xx_StdPeriph_Driver/src/stm32f4xx_dac.o
                0x08013d74                DAC_Init
 .text.DAC_StructInit
                0x08013dd8       0x2c ./Drivers/STM32F4xx_StdPeriph_Driver/src/stm32f4xx_dac.o
                0x08013dd8                DAC_StructInit
 .text.DAC_Cmd  0x08013e04       0x48 ./Drivers/STM32F4xx_StdPeriph_Driver/src/stm32f4xx_dac.o
                0x08013e04                DAC_Cmd
 .text.DAC_DMACmd
                0x08013e4c       0x4c ./Drivers/STM32F4xx_StdPeriph_Driver/src/stm32f4xx_dac.o
                0x08013e4c                DAC_DMACmd
 .text.DMA_DeInit
                0x08013e98      0x1a4 ./Drivers/STM32F4xx_StdPeriph_Driver/src/stm32f4xx_dma.o
                0x08013e98                DMA_DeInit
 .text.DMA_Init
                0x0801403c       0xac ./Drivers/STM32F4xx_StdPeriph_Driver/src/stm32f4xx_dma.o
                0x0801403c                DMA_Init
 .text.DMA_Cmd  0x080140e8       0x38 ./Drivers/STM32F4xx_StdPeriph_Driver/src/stm32f4xx_dma.o
                0x080140e8                DMA_Cmd
 .text.DMA_GetCmdStatus
                0x08014120       0x30 ./Drivers/STM32F4xx_StdPeriph_Driver/src/stm32f4xx_dma.o
                0x08014120                DMA_GetCmdStatus
 .text.DMA_GetFlagStatus
                0x08014150       0x78 ./Drivers/STM32F4xx_StdPeriph_Driver/src/stm32f4xx_dma.o
                0x08014150                DMA_GetFlagStatus
 .text.DMA_ClearFlag
                0x080141c8       0x5c ./Drivers/STM32F4xx_StdPeriph_Driver/src/stm32f4xx_dma.o
                0x080141c8                DMA_ClearFlag
 .text.DMA_ITConfig
                0x08014224       0x74 ./Drivers/STM32F4xx_StdPeriph_Driver/src/stm32f4xx_dma.o
                0x08014224                DMA_ITConfig
 .text.DMA_GetITStatus
                0x08014298       0xb0 ./Drivers/STM32F4xx_StdPeriph_Driver/src/stm32f4xx_dma.o
                0x08014298                DMA_GetITStatus
 .text.DMA_ClearITPendingBit
                0x08014348       0x5c ./Drivers/STM32F4xx_StdPeriph_Driver/src/stm32f4xx_dma.o
                0x08014348                DMA_ClearITPendingBit
 .text.FLASH_Unlock
                0x080143a4       0x2c ./Drivers/STM32F4xx_StdPeriph_Driver/src/stm32f4xx_flash.o
                0x080143a4                FLASH_Unlock
 .text.FLASH_Lock
                0x080143d0       0x1c ./Drivers/STM32F4xx_StdPeriph_Driver/src/stm32f4xx_flash.o
                0x080143d0                FLASH_Lock
 .text.FLASH_EraseSector
                0x080143ec       0xc0 ./Drivers/STM32F4xx_StdPeriph_Driver/src/stm32f4xx_flash.o
                0x080143ec                FLASH_EraseSector
 .text.FLASH_ProgramWord
                0x080144ac       0x68 ./Drivers/STM32F4xx_StdPeriph_Driver/src/stm32f4xx_flash.o
                0x080144ac                FLASH_ProgramWord
 .text.FLASH_ProgramHalfWord
                0x08014514       0x6c ./Drivers/STM32F4xx_StdPeriph_Driver/src/stm32f4xx_flash.o
                0x08014514                FLASH_ProgramHalfWord
 .text.FLASH_ProgramByte
                0x08014580       0x68 ./Drivers/STM32F4xx_StdPeriph_Driver/src/stm32f4xx_flash.o
                0x08014580                FLASH_ProgramByte
 .text.FLASH_ClearFlag
                0x080145e8       0x1c ./Drivers/STM32F4xx_StdPeriph_Driver/src/stm32f4xx_flash.o
                0x080145e8                FLASH_ClearFlag
 .text.FLASH_GetStatus
                0x08014604       0x7c ./Drivers/STM32F4xx_StdPeriph_Driver/src/stm32f4xx_flash.o
                0x08014604                FLASH_GetStatus
 .text.FLASH_WaitForLastOperation
                0x08014680       0x30 ./Drivers/STM32F4xx_StdPeriph_Driver/src/stm32f4xx_flash.o
                0x08014680                FLASH_WaitForLastOperation
 .text.GPIO_Init
                0x080146b0      0x11c ./Drivers/STM32F4xx_StdPeriph_Driver/src/stm32f4xx_gpio.o
                0x080146b0                GPIO_Init
 .text.GPIO_StructInit
                0x080147cc       0x34 ./Drivers/STM32F4xx_StdPeriph_Driver/src/stm32f4xx_gpio.o
                0x080147cc                GPIO_StructInit
 .text.GPIO_SetBits
                0x08014800       0x1c ./Drivers/STM32F4xx_StdPeriph_Driver/src/stm32f4xx_gpio.o
                0x08014800                GPIO_SetBits
 .text.GPIO_ResetBits
                0x0801481c       0x1c ./Drivers/STM32F4xx_StdPeriph_Driver/src/stm32f4xx_gpio.o
                0x0801481c                GPIO_ResetBits
 .text.GPIO_PinAFConfig
                0x08014838       0x90 ./Drivers/STM32F4xx_StdPeriph_Driver/src/stm32f4xx_gpio.o
                0x08014838                GPIO_PinAFConfig
 .text.I2C_DeInit
                0x080148c8       0x74 ./Drivers/STM32F4xx_StdPeriph_Driver/src/stm32f4xx_i2c.o
                0x080148c8                I2C_DeInit
 .text.I2C_Init
                0x0801493c      0x184 ./Drivers/STM32F4xx_StdPeriph_Driver/src/stm32f4xx_i2c.o
                0x0801493c                I2C_Init
 .text.I2C_Cmd  0x08014ac0       0x40 ./Drivers/STM32F4xx_StdPeriph_Driver/src/stm32f4xx_i2c.o
                0x08014ac0                I2C_Cmd
 .text.I2C_GenerateSTART
                0x08014b00       0x40 ./Drivers/STM32F4xx_StdPeriph_Driver/src/stm32f4xx_i2c.o
                0x08014b00                I2C_GenerateSTART
 .text.I2C_GenerateSTOP
                0x08014b40       0x40 ./Drivers/STM32F4xx_StdPeriph_Driver/src/stm32f4xx_i2c.o
                0x08014b40                I2C_GenerateSTOP
 .text.I2C_Send7bitAddress
                0x08014b80       0x3c ./Drivers/STM32F4xx_StdPeriph_Driver/src/stm32f4xx_i2c.o
                0x08014b80                I2C_Send7bitAddress
 .text.I2C_AcknowledgeConfig
                0x08014bbc       0x40 ./Drivers/STM32F4xx_StdPeriph_Driver/src/stm32f4xx_i2c.o
                0x08014bbc                I2C_AcknowledgeConfig
 .text.I2C_SendData
                0x08014bfc       0x20 ./Drivers/STM32F4xx_StdPeriph_Driver/src/stm32f4xx_i2c.o
                0x08014bfc                I2C_SendData
 .text.I2C_ReceiveData
                0x08014c1c       0x1c ./Drivers/STM32F4xx_StdPeriph_Driver/src/stm32f4xx_i2c.o
                0x08014c1c                I2C_ReceiveData
 .text.I2C_CheckEvent
                0x08014c38       0x60 ./Drivers/STM32F4xx_StdPeriph_Driver/src/stm32f4xx_i2c.o
                0x08014c38                I2C_CheckEvent
 .text.I2C_GetFlagStatus
                0x08014c98       0x68 ./Drivers/STM32F4xx_StdPeriph_Driver/src/stm32f4xx_i2c.o
                0x08014c98                I2C_GetFlagStatus
 .text.RCC_PLLI2SCmd
                0x08014d00       0x20 ./Drivers/STM32F4xx_StdPeriph_Driver/src/stm32f4xx_rcc.o
                0x08014d00                RCC_PLLI2SCmd
 .text.RCC_GetClocksFreq
                0x08014d20      0x154 ./Drivers/STM32F4xx_StdPeriph_Driver/src/stm32f4xx_rcc.o
                0x08014d20                RCC_GetClocksFreq
 .text.RCC_AHB1PeriphClockCmd
                0x08014e74       0x3c ./Drivers/STM32F4xx_StdPeriph_Driver/src/stm32f4xx_rcc.o
                0x08014e74                RCC_AHB1PeriphClockCmd
 .text.RCC_APB1PeriphClockCmd
                0x08014eb0       0x3c ./Drivers/STM32F4xx_StdPeriph_Driver/src/stm32f4xx_rcc.o
                0x08014eb0                RCC_APB1PeriphClockCmd
 .text.RCC_APB2PeriphClockCmd
                0x08014eec       0x3c ./Drivers/STM32F4xx_StdPeriph_Driver/src/stm32f4xx_rcc.o
                0x08014eec                RCC_APB2PeriphClockCmd
 .text.RCC_APB1PeriphResetCmd
                0x08014f28       0x3c ./Drivers/STM32F4xx_StdPeriph_Driver/src/stm32f4xx_rcc.o
                0x08014f28                RCC_APB1PeriphResetCmd
 .text.RCC_APB2PeriphResetCmd
                0x08014f64       0x3c ./Drivers/STM32F4xx_StdPeriph_Driver/src/stm32f4xx_rcc.o
                0x08014f64                RCC_APB2PeriphResetCmd
 .text.SPI_I2S_DeInit
                0x08014fa0       0xd8 ./Drivers/STM32F4xx_StdPeriph_Driver/src/stm32f4xx_spi.o
                0x08014fa0                SPI_I2S_DeInit
 .text.I2S_Init
                0x08015078      0x1b4 ./Drivers/STM32F4xx_StdPeriph_Driver/src/stm32f4xx_spi.o
                0x08015078                I2S_Init
 .text.I2S_Cmd  0x0801522c       0x40 ./Drivers/STM32F4xx_StdPeriph_Driver/src/stm32f4xx_spi.o
                0x0801522c                I2S_Cmd
 .text.SPI_I2S_SendData
                0x0801526c       0x1c ./Drivers/STM32F4xx_StdPeriph_Driver/src/stm32f4xx_spi.o
                0x0801526c                SPI_I2S_SendData
 .text.SPI_I2S_GetFlagStatus
                0x08015288       0x38 ./Drivers/STM32F4xx_StdPeriph_Driver/src/stm32f4xx_spi.o
                0x08015288                SPI_I2S_GetFlagStatus
 .text.TIM_TimeBaseInit
                0x080152c0       0xd4 ./Drivers/STM32F4xx_StdPeriph_Driver/src/stm32f4xx_tim.o
                0x080152c0                TIM_TimeBaseInit
 .text.TIM_TimeBaseStructInit
                0x08015394       0x34 ./Drivers/STM32F4xx_StdPeriph_Driver/src/stm32f4xx_tim.o
                0x08015394                TIM_TimeBaseStructInit
 .text.TIM_Cmd  0x080153c8       0x40 ./Drivers/STM32F4xx_StdPeriph_Driver/src/stm32f4xx_tim.o
                0x080153c8                TIM_Cmd
 .text.TIM_SelectOutputTrigger
                0x08015408       0x38 ./Drivers/STM32F4xx_StdPeriph_Driver/src/stm32f4xx_tim.o
                0x08015408                TIM_SelectOutputTrigger
 .text.arm_cfft_radix8by2_f32
                0x08015440      0x3f0 ./Drivers/CMSIS/DSP_Lib/Source/TransformFunctions/arm_cfft_f32.o
                0x08015440                arm_cfft_radix8by2_f32
 .text.arm_cfft_radix8by4_f32
                0x08015830      0xc64 ./Drivers/CMSIS/DSP_Lib/Source/TransformFunctions/arm_cfft_f32.o
                0x08015830                arm_cfft_radix8by4_f32
 .text.arm_cfft_f32
                0x08016494      0x14c ./Drivers/CMSIS/DSP_Lib/Source/TransformFunctions/arm_cfft_f32.o
                0x08016494                arm_cfft_f32
 .text.arm_radix8_butterfly_f32
                0x080165e0     0x1008 ./Drivers/CMSIS/DSP_Lib/Source/TransformFunctions/arm_cfft_radix8_f32.o
                0x080165e0                arm_radix8_butterfly_f32
 .text.spectral_noise_reduction_3
                0x080175e8      0x7f8 ./Audio_DSP/src/audio_nr.o
                0x080175e8                spectral_noise_reduction_3
 .text.send_codec_ctrl.constprop.1
                0x08017de0       0x88 ./Audio_DSP/src/codec.o
 .text.codec_init
                0x08017e68      0x16c ./Audio_DSP/src/codec.o
                0x08017e68                codec_init
 .text.read_codec_register
                0x08017fd4       0xd0 ./Audio_DSP/src/codec.o
                0x08017fd4                read_codec_register
 .text.codec_ctrl_init
                0x080180a4      0x1f4 ./Audio_DSP/src/codec.o
                0x080180a4                codec_ctrl_init
 .text.start_codec_ugly
                0x08018298       0x7c ./Audio_DSP/src/codec.o
                0x08018298                start_codec_ugly
 .text.Audio_MAL_IRQHandler
                0x08018314       0x9c ./Audio_DSP/src/stm32f4_discovery_audio_codec.o
 .text.DMA1_Stream7_IRQHandler
                0x080183b0        0x4 ./Audio_DSP/src/stm32f4_discovery_audio_codec.o
                0x080183b0                DMA1_Stream7_IRQHandler
 .text.DMA1_Stream0_IRQHandler
                0x080183b4        0x4 ./Audio_DSP/src/stm32f4_discovery_audio_codec.o
                0x080183b4                DMA1_Stream0_IRQHandler
 .text.SPI3_IRQHandler
                0x080183b8       0x1c ./Audio_DSP/src/stm32f4_discovery_audio_codec.o
                0x080183b8                SPI3_IRQHandler
 .text.__assert_func
                0x080183d4       0x3c /usr/bin/../lib/gcc/arm-none-eabi/4.9.3/../../../../arm-none-eabi/lib/armv7e-m/fpu/libg.a(lib_a-assert.o)
                0x080183d4                __assert_func
 .text.fiprintf
                0x08018410       0x28 /usr/bin/../lib/gcc/arm-none-eabi/4.9.3/../../../../arm-none-eabi/lib/armv7e-m/fpu/libg.a(lib_a-fiprintf.o)
                0x08018410                fiprintf
 .text.__libc_init_array
                0x08018438       0x50 /usr/bin/../lib/gcc/arm-none-eabi/4.9.3/../../../../arm-none-eabi/lib/armv7e-m/fpu/libg.a(lib_a-init.o)
                0x08018438                __libc_init_array
 .text.malloc   0x08018488       0x10 /usr/bin/../lib/gcc/arm-none-eabi/4.9.3/../../../../arm-none-eabi/lib/armv7e-m/fpu/libg.a(lib_a-malloc.o)
                0x08018488                malloc
 .text._malloc_r
                0x08018498      0x524 /usr/bin/../lib/gcc/arm-none-eabi/4.9.3/../../../../arm-none-eabi/lib/armv7e-m/fpu/libg.a(lib_a-mallocr.o)
                0x08018498                _malloc_r
 .text.memset   0x080189bc       0x9c /usr/bin/../lib/gcc/arm-none-eabi/4.9.3/../../../../arm-none-eabi/lib/armv7e-m/fpu/libg.a(lib_a-memset.o)
                0x080189bc                memset
 .text.__malloc_lock
                0x08018a58        0x4 /usr/bin/../lib/gcc/arm-none-eabi/4.9.3/../../../../arm-none-eabi/lib/armv7e-m/fpu/libg.a(lib_a-mlock.o)
                0x08018a58                __malloc_lock
 .text.__malloc_unlock
                0x08018a5c        0x4 /usr/bin/../lib/gcc/arm-none-eabi/4.9.3/../../../../arm-none-eabi/lib/armv7e-m/fpu/libg.a(lib_a-mlock.o)
                0x08018a5c                __malloc_unlock
 .text._sbrk_r  0x08018a60       0x24 /usr/bin/../lib/gcc/arm-none-eabi/4.9.3/../../../../arm-none-eabi/lib/armv7e-m/fpu/libg.a(lib_a-sbrkr.o)
                0x08018a60                _sbrk_r
 .text.sprintf  0x08018a84       0x4c /usr/bin/../lib/gcc/arm-none-eabi/4.9.3/../../../../arm-none-eabi/lib/armv7e-m/fpu/libg.a(lib_a-sprintf.o)
                0x08018a84                sprintf
 .text._svfprintf_r
                0x08018ad0     0x14cc /usr/bin/../lib/gcc/arm-none-eabi/4.9.3/../../../../arm-none-eabi/lib/armv7e-m/fpu/libg.a(lib_a-svfprintf.o)
                0x08018ad0                _svfprintf_r
 .text.__sprint_r.part.0
                0x08019f9c       0x78 /usr/bin/../lib/gcc/arm-none-eabi/4.9.3/../../../../arm-none-eabi/lib/armv7e-m/fpu/libg.a(lib_a-vfiprintf.o)
 .text._vfiprintf_r
                0x0801a014      0xc10 /usr/bin/../lib/gcc/arm-none-eabi/4.9.3/../../../../arm-none-eabi/lib/armv7e-m/fpu/libg.a(lib_a-vfiprintf.o)
                0x0801a014                _vfiprintf_r
 .text.__sbprintf
                0x0801ac24       0x78 /usr/bin/../lib/gcc/arm-none-eabi/4.9.3/../../../../arm-none-eabi/lib/armv7e-m/fpu/libg.a(lib_a-vfiprintf.o)
 .text.__swsetup_r
                0x0801ac9c       0xc4 /usr/bin/../lib/gcc/arm-none-eabi/4.9.3/../../../../arm-none-eabi/lib/armv7e-m/fpu/libg.a(lib_a-wsetup.o)
                0x0801ac9c                __swsetup_r
 .text.startup.register_fini
                0x0801ad60       0x14 /usr/bin/../lib/gcc/arm-none-eabi/4.9.3/../../../../arm-none-eabi/lib/armv7e-m/fpu/libg.a(lib_a-__call_atexit.o)
 .text.abort    0x0801ad74       0x10 /usr/bin/../lib/gcc/arm-none-eabi/4.9.3/../../../../arm-none-eabi/lib/armv7e-m/fpu/libg.a(lib_a-abort.o)
                0x0801ad74                abort
 .text.atexit   0x0801ad84        0xc /usr/bin/../lib/gcc/arm-none-eabi/4.9.3/../../../../arm-none-eabi/lib/armv7e-m/fpu/libg.a(lib_a-atexit.o)
                0x0801ad84                atexit
 .text.quorem   0x0801ad90      0x12c /usr/bin/../lib/gcc/arm-none-eabi/4.9.3/../../../../arm-none-eabi/lib/armv7e-m/fpu/libg.a(lib_a-dtoa.o)
 *fill*         0x0801aebc        0x4 
 .text._dtoa_r  0x0801aec0      0xea4 /usr/bin/../lib/gcc/arm-none-eabi/4.9.3/../../../../arm-none-eabi/lib/armv7e-m/fpu/libg.a(lib_a-dtoa.o)
                0x0801aec0                _dtoa_r
 .text.__sflush_r
                0x0801bd64      0x154 /usr/bin/../lib/gcc/arm-none-eabi/4.9.3/../../../../arm-none-eabi/lib/armv7e-m/fpu/libg.a(lib_a-fflush.o)
                0x0801bd64                __sflush_r
 .text._fflush_r
                0x0801beb8       0x2c /usr/bin/../lib/gcc/arm-none-eabi/4.9.3/../../../../arm-none-eabi/lib/armv7e-m/fpu/libg.a(lib_a-fflush.o)
                0x0801beb8                _fflush_r
 .text._cleanup_r
                0x0801bee4        0xc /usr/bin/../lib/gcc/arm-none-eabi/4.9.3/../../../../arm-none-eabi/lib/armv7e-m/fpu/libg.a(lib_a-findfp.o)
                0x0801bee4                _cleanup_r
 .text.__sinit.part.1
                0x0801bef0       0xf0 /usr/bin/../lib/gcc/arm-none-eabi/4.9.3/../../../../arm-none-eabi/lib/armv7e-m/fpu/libg.a(lib_a-findfp.o)
 .text.__sinit  0x0801bfe0        0xc /usr/bin/../lib/gcc/arm-none-eabi/4.9.3/../../../../arm-none-eabi/lib/armv7e-m/fpu/libg.a(lib_a-findfp.o)
                0x0801bfe0                __sinit
 .text.__sfp_lock_acquire
                0x0801bfec        0x4 /usr/bin/../lib/gcc/arm-none-eabi/4.9.3/../../../../arm-none-eabi/lib/armv7e-m/fpu/libg.a(lib_a-findfp.o)
                0x0801bfec                __sfp_lock_acquire
 .text.__sfp_lock_release
                0x0801bff0        0x4 /usr/bin/../lib/gcc/arm-none-eabi/4.9.3/../../../../arm-none-eabi/lib/armv7e-m/fpu/libg.a(lib_a-findfp.o)
                0x0801bff0                __sfp_lock_release
 .text.__libc_fini_array
                0x0801bff4       0x2c /usr/bin/../lib/gcc/arm-none-eabi/4.9.3/../../../../arm-none-eabi/lib/armv7e-m/fpu/libg.a(lib_a-fini.o)
                0x0801bff4                __libc_fini_array
 .text.__fputwc
                0x0801c020       0xb0 /usr/bin/../lib/gcc/arm-none-eabi/4.9.3/../../../../arm-none-eabi/lib/armv7e-m/fpu/libg.a(lib_a-fputwc.o)
                0x0801c020                __fputwc
 .text._fputwc_r
                0x0801c0d0       0x24 /usr/bin/../lib/gcc/arm-none-eabi/4.9.3/../../../../arm-none-eabi/lib/armv7e-m/fpu/libg.a(lib_a-fputwc.o)
                0x0801c0d0                _fputwc_r
 .text._malloc_trim_r
                0x0801c0f4       0x9c /usr/bin/../lib/gcc/arm-none-eabi/4.9.3/../../../../arm-none-eabi/lib/armv7e-m/fpu/libg.a(lib_a-freer.o)
                0x0801c0f4                _malloc_trim_r
 .text._free_r  0x0801c190      0x1b0 /usr/bin/../lib/gcc/arm-none-eabi/4.9.3/../../../../arm-none-eabi/lib/armv7e-m/fpu/libg.a(lib_a-freer.o)
                0x0801c190                _free_r
 .text.__sfvwrite_r
                0x0801c340      0x318 /usr/bin/../lib/gcc/arm-none-eabi/4.9.3/../../../../arm-none-eabi/lib/armv7e-m/fpu/libg.a(lib_a-fvwrite.o)
                0x0801c340                __sfvwrite_r
 .text._fwalk_reent
                0x0801c658       0x54 /usr/bin/../lib/gcc/arm-none-eabi/4.9.3/../../../../arm-none-eabi/lib/armv7e-m/fpu/libg.a(lib_a-fwalk.o)
                0x0801c658                _fwalk_reent
 .text.__locale_charset
                0x0801c6ac        0x8 /usr/bin/../lib/gcc/arm-none-eabi/4.9.3/../../../../arm-none-eabi/lib/armv7e-m/fpu/libg.a(lib_a-locale.o)
                0x0801c6ac                __locale_charset
 .text.__locale_mb_cur_max
                0x0801c6b4        0xc /usr/bin/../lib/gcc/arm-none-eabi/4.9.3/../../../../arm-none-eabi/lib/armv7e-m/fpu/libg.a(lib_a-locale.o)
                0x0801c6b4                __locale_mb_cur_max
 .text._localeconv_r
                0x0801c6c0        0x8 /usr/bin/../lib/gcc/arm-none-eabi/4.9.3/../../../../arm-none-eabi/lib/armv7e-m/fpu/libg.a(lib_a-locale.o)
                0x0801c6c0                _localeconv_r
 .text.__smakebuf_r
                0x0801c6c8       0xe0 /usr/bin/../lib/gcc/arm-none-eabi/4.9.3/../../../../arm-none-eabi/lib/armv7e-m/fpu/libg.a(lib_a-makebuf.o)
                0x0801c6c8                __smakebuf_r
 .text.memchr   0x0801c7a8       0x94 /usr/bin/../lib/gcc/arm-none-eabi/4.9.3/../../../../arm-none-eabi/lib/armv7e-m/fpu/libg.a(lib_a-memchr.o)
                0x0801c7a8                memchr
 .text.memmove  0x0801c83c       0xc8 /usr/bin/../lib/gcc/arm-none-eabi/4.9.3/../../../../arm-none-eabi/lib/armv7e-m/fpu/libg.a(lib_a-memmove.o)
                0x0801c83c                memmove
 .text._Balloc  0x0801c904       0x4c /usr/bin/../lib/gcc/arm-none-eabi/4.9.3/../../../../arm-none-eabi/lib/armv7e-m/fpu/libg.a(lib_a-mprec.o)
                0x0801c904                _Balloc
 .text._Bfree   0x0801c950       0x14 /usr/bin/../lib/gcc/arm-none-eabi/4.9.3/../../../../arm-none-eabi/lib/armv7e-m/fpu/libg.a(lib_a-mprec.o)
                0x0801c950                _Bfree
 .text.__multadd
                0x0801c964       0x84 /usr/bin/../lib/gcc/arm-none-eabi/4.9.3/../../../../arm-none-eabi/lib/armv7e-m/fpu/libg.a(lib_a-mprec.o)
                0x0801c964                __multadd
 .text.__hi0bits
                0x0801c9e8       0x40 /usr/bin/../lib/gcc/arm-none-eabi/4.9.3/../../../../arm-none-eabi/lib/armv7e-m/fpu/libg.a(lib_a-mprec.o)
                0x0801c9e8                __hi0bits
 .text.__lo0bits
                0x0801ca28       0x5c /usr/bin/../lib/gcc/arm-none-eabi/4.9.3/../../../../arm-none-eabi/lib/armv7e-m/fpu/libg.a(lib_a-mprec.o)
                0x0801ca28                __lo0bits
 .text.__i2b    0x0801ca84       0x14 /usr/bin/../lib/gcc/arm-none-eabi/4.9.3/../../../../arm-none-eabi/lib/armv7e-m/fpu/libg.a(lib_a-mprec.o)
                0x0801ca84                __i2b
 .text.__multiply
                0x0801ca98      0x134 /usr/bin/../lib/gcc/arm-none-eabi/4.9.3/../../../../arm-none-eabi/lib/armv7e-m/fpu/libg.a(lib_a-mprec.o)
                0x0801ca98                __multiply
 .text.__pow5mult
                0x0801cbcc       0xa0 /usr/bin/../lib/gcc/arm-none-eabi/4.9.3/../../../../arm-none-eabi/lib/armv7e-m/fpu/libg.a(lib_a-mprec.o)
                0x0801cbcc                __pow5mult
 .text.__lshift
                0x0801cc6c       0xac /usr/bin/../lib/gcc/arm-none-eabi/4.9.3/../../../../arm-none-eabi/lib/armv7e-m/fpu/libg.a(lib_a-mprec.o)
                0x0801cc6c                __lshift
 .text.__mcmp   0x0801cd18       0x48 /usr/bin/../lib/gcc/arm-none-eabi/4.9.3/../../../../arm-none-eabi/lib/armv7e-m/fpu/libg.a(lib_a-mprec.o)
                0x0801cd18                __mcmp
 .text.__mdiff  0x0801cd60       0xd4 /usr/bin/../lib/gcc/arm-none-eabi/4.9.3/../../../../arm-none-eabi/lib/armv7e-m/fpu/libg.a(lib_a-mprec.o)
                0x0801cd60                __mdiff
 .text.__d2b    0x0801ce34       0xbc /usr/bin/../lib/gcc/arm-none-eabi/4.9.3/../../../../arm-none-eabi/lib/armv7e-m/fpu/libg.a(lib_a-mprec.o)
                0x0801ce34                __d2b
 .text._realloc_r
                0x0801cef0      0x3ec /usr/bin/../lib/gcc/arm-none-eabi/4.9.3/../../../../arm-none-eabi/lib/armv7e-m/fpu/libg.a(lib_a-reallocr.o)
                0x0801cef0                _realloc_r
 .text.__fpclassifyd
                0x0801d2dc       0x5c /usr/bin/../lib/gcc/arm-none-eabi/4.9.3/../../../../arm-none-eabi/lib/armv7e-m/fpu/libg.a(lib_a-s_fpclassify.o)
                0x0801d2dc                __fpclassifyd
 .text._raise_r
                0x0801d338       0x58 /usr/bin/../lib/gcc/arm-none-eabi/4.9.3/../../../../arm-none-eabi/lib/armv7e-m/fpu/libg.a(lib_a-signal.o)
                0x0801d338                _raise_r
 .text.raise    0x0801d390       0x10 /usr/bin/../lib/gcc/arm-none-eabi/4.9.3/../../../../arm-none-eabi/lib/armv7e-m/fpu/libg.a(lib_a-signal.o)
                0x0801d390                raise
 .text._kill_r  0x0801d3a0       0x28 /usr/bin/../lib/gcc/arm-none-eabi/4.9.3/../../../../arm-none-eabi/lib/armv7e-m/fpu/libg.a(lib_a-signalr.o)
                0x0801d3a0                _kill_r
 .text._getpid_r
                0x0801d3c8        0x4 /usr/bin/../lib/gcc/arm-none-eabi/4.9.3/../../../../arm-none-eabi/lib/armv7e-m/fpu/libg.a(lib_a-signalr.o)
                0x0801d3c8                _getpid_r
 .text.__sread  0x0801d3cc       0x24 /usr/bin/../lib/gcc/arm-none-eabi/4.9.3/../../../../arm-none-eabi/lib/armv7e-m/fpu/libg.a(lib_a-stdio.o)
                0x0801d3cc                __sread
 .text.__swrite
                0x0801d3f0       0x38 /usr/bin/../lib/gcc/arm-none-eabi/4.9.3/../../../../arm-none-eabi/lib/armv7e-m/fpu/libg.a(lib_a-stdio.o)
                0x0801d3f0                __swrite
 .text.__sseek  0x0801d428       0x20 /usr/bin/../lib/gcc/arm-none-eabi/4.9.3/../../../../arm-none-eabi/lib/armv7e-m/fpu/libg.a(lib_a-stdio.o)
                0x0801d428                __sseek
 .text.__sclose
                0x0801d448        0x8 /usr/bin/../lib/gcc/arm-none-eabi/4.9.3/../../../../arm-none-eabi/lib/armv7e-m/fpu/libg.a(lib_a-stdio.o)
                0x0801d448                __sclose
 .text.strlen   0x0801d450       0x5c /usr/bin/../lib/gcc/arm-none-eabi/4.9.3/../../../../arm-none-eabi/lib/armv7e-m/fpu/libg.a(lib_a-strlen.o)
                0x0801d450                strlen
 .text.__ssprint_r
                0x0801d4ac      0x104 /usr/bin/../lib/gcc/arm-none-eabi/4.9.3/../../../../arm-none-eabi/lib/armv7e-m/fpu/libg.a(lib_a-svfiprintf.o)
                0x0801d4ac                __ssprint_r
 .text.__swbuf_r
                0x0801d5b0       0xa8 /usr/bin/../lib/gcc/arm-none-eabi/4.9.3/../../../../arm-none-eabi/lib/armv7e-m/fpu/libg.a(lib_a-wbuf.o)
                0x0801d5b0                __swbuf_r
 .text._wcrtomb_r
                0x0801d658       0x54 /usr/bin/../lib/gcc/arm-none-eabi/4.9.3/../../../../arm-none-eabi/lib/armv7e-m/fpu/libg.a(lib_a-wcrtomb.o)
                0x0801d658                _wcrtomb_r
 .text.__ascii_wctomb
                0x0801d6ac       0x1c /usr/bin/../lib/gcc/arm-none-eabi/4.9.3/../../../../arm-none-eabi/lib/armv7e-m/fpu/libg.a(lib_a-wctomb_r.o)
                0x0801d6ac                __ascii_wctomb
 .text._write_r
                0x0801d6c8       0x28 /usr/bin/../lib/gcc/arm-none-eabi/4.9.3/../../../../arm-none-eabi/lib/armv7e-m/fpu/libg.a(lib_a-writer.o)
                0x0801d6c8                _write_r
 .text.__register_exitproc
                0x0801d6f0       0xa4 /usr/bin/../lib/gcc/arm-none-eabi/4.9.3/../../../../arm-none-eabi/lib/armv7e-m/fpu/libg.a(lib_a-__atexit.o)
                0x0801d6f0                __register_exitproc
 .text._calloc_r
                0x0801d794       0x60 /usr/bin/../lib/gcc/arm-none-eabi/4.9.3/../../../../arm-none-eabi/lib/armv7e-m/fpu/libg.a(lib_a-callocr.o)
                0x0801d794                _calloc_r
 .text._close_r
                0x0801d7f4       0x24 /usr/bin/../lib/gcc/arm-none-eabi/4.9.3/../../../../arm-none-eabi/lib/armv7e-m/fpu/libg.a(lib_a-closer.o)
                0x0801d7f4                _close_r
 .text._fclose_r
                0x0801d818       0x84 /usr/bin/../lib/gcc/arm-none-eabi/4.9.3/../../../../arm-none-eabi/lib/armv7e-m/fpu/libg.a(lib_a-fclose.o)
                0x0801d818                _fclose_r
 .text._fstat_r
                0x0801d89c       0x28 /usr/bin/../lib/gcc/arm-none-eabi/4.9.3/../../../../arm-none-eabi/lib/armv7e-m/fpu/libg.a(lib_a-fstatr.o)
                0x0801d89c                _fstat_r
 .text._isatty_r
                0x0801d8c4       0x24 /usr/bin/../lib/gcc/arm-none-eabi/4.9.3/../../../../arm-none-eabi/lib/armv7e-m/fpu/libg.a(lib_a-isattyr.o)
                0x0801d8c4                _isatty_r
 .text._lseek_r
                0x0801d8e8       0x28 /usr/bin/../lib/gcc/arm-none-eabi/4.9.3/../../../../arm-none-eabi/lib/armv7e-m/fpu/libg.a(lib_a-lseekr.o)
                0x0801d8e8                _lseek_r
 .text._read_r  0x0801d910       0x28 /usr/bin/../lib/gcc/arm-none-eabi/4.9.3/../../../../arm-none-eabi/lib/armv7e-m/fpu/libg.a(lib_a-readr.o)
                0x0801d910                _read_r
 .text._close   0x0801d938       0x10 /usr/bin/../lib/gcc/arm-none-eabi/4.9.3/../../../../arm-none-eabi/lib/armv7e-m/fpu/libnosys.a(close.o)
                0x0801d938                _close
 .text._fstat   0x0801d948       0x10 /usr/bin/../lib/gcc/arm-none-eabi/4.9.3/../../../../arm-none-eabi/lib/armv7e-m/fpu/libnosys.a(fstat.o)
                0x0801d948                _fstat
 .text._getpid  0x0801d958       0x10 /usr/bin/../lib/gcc/arm-none-eabi/4.9.3/../../../../arm-none-eabi/lib/armv7e-m/fpu/libnosys.a(getpid.o)
                0x0801d958                _getpid
 .text._isatty  0x0801d968       0x10 /usr/bin/../lib/gcc/arm-none-eabi/4.9.3/../../../../arm-none-eabi/lib/armv7e-m/fpu/libnosys.a(isatty.o)
                0x0801d968                _isatty
 .text._kill    0x0801d978       0x10 /usr/bin/../lib/gcc/arm-none-eabi/4.9.3/../../../../arm-none-eabi/lib/armv7e-m/fpu/libnosys.a(kill.o)
                0x0801d978                _kill
 .text._lseek   0x0801d988       0x10 /usr/bin/../lib/gcc/arm-none-eabi/4.9.3/../../../../arm-none-eabi/lib/armv7e-m/fpu/libnosys.a(lseek.o)
                0x0801d988                _lseek
 .text._read    0x0801d998       0x10 /usr/bin/../lib/gcc/arm-none-eabi/4.9.3/../../../../arm-none-eabi/lib/armv7e-m/fpu/libnosys.a(read.o)
                0x0801d998                _read
 .text._sbrk    0x0801d9a8       0x1c /usr/bin/../lib/gcc/arm-none-eabi/4.9.3/../../../../arm-none-eabi/lib/armv7e-m/fpu/libnosys.a(sbrk.o)
                0x0801d9a8                _sbrk
 .text._write   0x0801d9c4       0x10 /usr/bin/../lib/gcc/arm-none-eabi/4.9.3/../../../../arm-none-eabi/lib/armv7e-m/fpu/libnosys.a(write.o)
                0x0801d9c4                _write
 .text._exit    0x0801d9d4        0x4 /usr/bin/../lib/gcc/arm-none-eabi/4.9.3/../../../../arm-none-eabi/lib/armv7e-m/fpu/libnosys.a(_exit.o)
 .text.fmax     0x0801d9d8       0x5c /usr/bin/../lib/gcc/arm-none-eabi/4.9.3/../../../../arm-none-eabi/lib/armv7e-m/fpu/libm.a(lib_a-s_fmax.o)
                0x0801d9d8                fmax
 .text.fmin     0x0801da34       0x5c /usr/bin/../lib/gcc/arm-none-eabi/4.9.3/../../../../arm-none-eabi/lib/armv7e-m/fpu/libm.a(lib_a-s_fmin.o)
                0x0801da34                fmin
 .text.cosf     0x0801da90       0x78 /usr/bin/../lib/gcc/arm-none-eabi/4.9.3/../../../../arm-none-eabi/lib/armv7e-m/fpu/libm.a(lib_a-sf_cos.o)
                0x0801da90                cosf
 .text.expf     0x0801db08      0x104 /usr/bin/../lib/gcc/arm-none-eabi/4.9.3/../../../../arm-none-eabi/lib/armv7e-m/fpu/libm.a(lib_a-wf_exp.o)
                0x0801db08                expf
 .text.powf     0x0801dc0c      0x344 /usr/bin/../lib/gcc/arm-none-eabi/4.9.3/../../../../arm-none-eabi/lib/armv7e-m/fpu/libm.a(lib_a-wf_pow.o)
                0x0801dc0c                powf
 .text.sqrtf    0x0801df50       0xb8 /usr/bin/../lib/gcc/arm-none-eabi/4.9.3/../../../../arm-none-eabi/lib/armv7e-m/fpu/libm.a(lib_a-wf_sqrt.o)
                0x0801df50                sqrtf
 .text.__ieee754_expf
                0x0801e008      0x1b4 /usr/bin/../lib/gcc/arm-none-eabi/4.9.3/../../../../arm-none-eabi/lib/armv7e-m/fpu/libm.a(lib_a-ef_exp.o)
                0x0801e008                __ieee754_expf
 .text.__ieee754_powf
                0x0801e1bc      0x5f0 /usr/bin/../lib/gcc/arm-none-eabi/4.9.3/../../../../arm-none-eabi/lib/armv7e-m/fpu/libm.a(lib_a-ef_pow.o)
                0x0801e1bc                __ieee754_powf
 .text.__ieee754_rem_pio2f
                0x0801e7ac      0x290 /usr/bin/../lib/gcc/arm-none-eabi/4.9.3/../../../../arm-none-eabi/lib/armv7e-m/fpu/libm.a(lib_a-ef_rem_pio2.o)
                0x0801e7ac                __ieee754_rem_pio2f
 .text.__ieee754_sqrtf
                0x0801ea3c       0xa4 /usr/bin/../lib/gcc/arm-none-eabi/4.9.3/../../../../arm-none-eabi/lib/armv7e-m/fpu/libm.a(lib_a-ef_sqrt.o)
                0x0801ea3c                __ieee754_sqrtf
 .text.__kernel_cosf
                0x0801eae0      0x104 /usr/bin/../lib/gcc/arm-none-eabi/4.9.3/../../../../arm-none-eabi/lib/armv7e-m/fpu/libm.a(lib_a-kf_cos.o)
                0x0801eae0                __kernel_cosf
 .text.__kernel_rem_pio2f
                0x0801ebe4      0x5e4 /usr/bin/../lib/gcc/arm-none-eabi/4.9.3/../../../../arm-none-eabi/lib/armv7e-m/fpu/libm.a(lib_a-kf_rem_pio2.o)
                0x0801ebe4                __kernel_rem_pio2f
 .text.__kernel_sinf
                0x0801f1c8       0x90 /usr/bin/../lib/gcc/arm-none-eabi/4.9.3/../../../../arm-none-eabi/lib/armv7e-m/fpu/libm.a(lib_a-kf_sin.o)
                0x0801f1c8                __kernel_sinf
 .text.matherr  0x0801f258        0x4 /usr/bin/../lib/gcc/arm-none-eabi/4.9.3/../../../../arm-none-eabi/lib/armv7e-m/fpu/libm.a(lib_a-s_matherr.o)
                0x0801f258                matherr
 .text.rint     0x0801f25c      0x124 /usr/bin/../lib/gcc/arm-none-eabi/4.9.3/../../../../arm-none-eabi/lib/armv7e-m/fpu/libm.a(lib_a-s_rint.o)
                0x0801f25c                rint
 .text.fabsf    0x0801f380       0x10 /usr/bin/../lib/gcc/arm-none-eabi/4.9.3/../../../../arm-none-eabi/lib/armv7e-m/fpu/libm.a(lib_a-sf_fabs.o)
                0x0801f380                fabsf
 .text.finitef  0x0801f390       0x14 /usr/bin/../lib/gcc/arm-none-eabi/4.9.3/../../../../arm-none-eabi/lib/armv7e-m/fpu/libm.a(lib_a-sf_finite.o)
                0x0801f390                finitef
 .text.floorf   0x0801f3a4       0x90 /usr/bin/../lib/gcc/arm-none-eabi/4.9.3/../../../../arm-none-eabi/lib/armv7e-m/fpu/libm.a(lib_a-sf_floor.o)
                0x0801f3a4                floorf
 .text.__fpclassifyf
                0x0801f434       0x38 /usr/bin/../lib/gcc/arm-none-eabi/4.9.3/../../../../arm-none-eabi/lib/armv7e-m/fpu/libm.a(lib_a-sf_fpclassify.o)
                0x0801f434                __fpclassifyf
 .text.nanf     0x0801f46c        0xc /usr/bin/../lib/gcc/arm-none-eabi/4.9.3/../../../../arm-none-eabi/lib/armv7e-m/fpu/libm.a(lib_a-sf_nan.o)
                0x0801f46c                nanf
 .text.scalbnf  0x0801f478       0xd0 /usr/bin/../lib/gcc/arm-none-eabi/4.9.3/../../../../arm-none-eabi/lib/armv7e-m/fpu/libm.a(lib_a-sf_scalbn.o)
                0x0801f478                scalbnf
 .text.copysignf
                0x0801f548       0x18 /usr/bin/../lib/gcc/arm-none-eabi/4.9.3/../../../../arm-none-eabi/lib/armv7e-m/fpu/libm.a(lib_a-sf_copysign.o)
                0x0801f548                copysignf
 .text.__errno  0x0801f560        0xc /usr/bin/../lib/gcc/arm-none-eabi/4.9.3/../../../../arm-none-eabi/lib/armv7e-m/fpu/libg.a(lib_a-errno.o)
                0x0801f560                __errno
 *(text)
 text           0x0801f56c       0x6a ./Drivers/CMSIS/DSP_Lib/Source/TransformFunctions/arm_bitreversal2.o
                0x0801f56c                arm_bitreversal_32
 *(.rodata)
 *fill*         0x0801f5d6        0x2 
 .rodata        0x0801f5d8        0x4 ./LCD/src/tm_stm32f4_hd44780.o
 .rodata        0x0801f5dc       0x89 ./LCD/src/ui.o
 *(.rodata*)
 *fill*         0x0801f665        0x3 
 .rodata.__func__.5503
                0x0801f668        0xb ./src/fifo.o
 *fill*         0x0801f673        0x1 
 .rodata.str1.4
                0x0801f674       0x41 ./src/fifo.o
 *fill*         0x0801f6b5        0x3 
 .rodata.__func__.5515
                0x0801f6b8        0xa ./src/fifo.o
 *fill*         0x0801f6c2        0x2 
 .rodata.__func__.5490
                0x0801f6c4        0xc ./src/fifo.o
 .rodata.str1.4
                0x0801f6d0       0x20 ./src/main.o
 .rodata.__func__.8388
                0x0801f6f0        0x9 ./src/stm32f4_adc.o
 *fill*         0x0801f6f9        0x3 
 .rodata.str1.4
                0x0801f6fc       0x3e ./src/stm32f4_adc.o
 *fill*         0x0801f73a        0x2 
 .rodata.__func__.8389
                0x0801f73c        0x9 ./src/stm32f4_dac.o
 *fill*         0x0801f745        0x3 
 .rodata.str1.4
                0x0801f748       0x3e ./src/stm32f4_dac.o
 *fill*         0x0801f786        0x2 
 .rodata.twiddleCoef_1024
                0x0801f788     0x2000 ./Drivers/CMSIS/DSP_Lib/Source/CommonTables/arm_common_tables.o
                0x0801f788                twiddleCoef_1024
 .rodata.armBitRevIndexTable1024
                0x08021788      0xe10 ./Drivers/CMSIS/DSP_Lib/Source/CommonTables/arm_common_tables.o
                0x08021788                armBitRevIndexTable1024
 .rodata.arm_cfft_sR_f32_len1024
                0x08022598       0x10 ./Audio_DSP/src/audio_nr.o
                0x08022598                arm_cfft_sR_f32_len1024
 .rodata.str1.4
                0x080225a8       0x3f /usr/bin/../lib/gcc/arm-none-eabi/4.9.3/../../../../arm-none-eabi/lib/armv7e-m/fpu/libg.a(lib_a-assert.o)
                                 0x43 (size before relaxing)
 *fill*         0x080225e7        0x1 
 .rodata.str1.4
                0x080225e8        0x2 /usr/bin/../lib/gcc/arm-none-eabi/4.9.3/../../../../arm-none-eabi/lib/armv7e-m/fpu/libg.a(lib_a-impure.o)
 *fill*         0x080225ea        0x2 
 .rodata._global_impure_ptr
                0x080225ec        0x4 /usr/bin/../lib/gcc/arm-none-eabi/4.9.3/../../../../arm-none-eabi/lib/armv7e-m/fpu/libg.a(lib_a-impure.o)
                0x080225ec                _global_impure_ptr
 .rodata.zeroes.6911
                0x080225f0       0x10 /usr/bin/../lib/gcc/arm-none-eabi/4.9.3/../../../../arm-none-eabi/lib/armv7e-m/fpu/libg.a(lib_a-svfprintf.o)
 .rodata.blanks.6910
                0x08022600       0x10 /usr/bin/../lib/gcc/arm-none-eabi/4.9.3/../../../../arm-none-eabi/lib/armv7e-m/fpu/libg.a(lib_a-svfprintf.o)
 .rodata.str1.4
                0x08022610       0x42 /usr/bin/../lib/gcc/arm-none-eabi/4.9.3/../../../../arm-none-eabi/lib/armv7e-m/fpu/libg.a(lib_a-svfprintf.o)
 *fill*         0x08022652        0x2 
 .rodata.zeroes.6869
                0x08022654       0x10 /usr/bin/../lib/gcc/arm-none-eabi/4.9.3/../../../../arm-none-eabi/lib/armv7e-m/fpu/libg.a(lib_a-vfiprintf.o)
 .rodata.str1.4
                0x00000000       0x2f /usr/bin/../lib/gcc/arm-none-eabi/4.9.3/../../../../arm-none-eabi/lib/armv7e-m/fpu/libg.a(lib_a-vfiprintf.o)
 .rodata.blanks.6868
                0x08022664       0x10 /usr/bin/../lib/gcc/arm-none-eabi/4.9.3/../../../../arm-none-eabi/lib/armv7e-m/fpu/libg.a(lib_a-vfiprintf.o)
 .rodata.str1.4
                0x08022674       0x10 /usr/bin/../lib/gcc/arm-none-eabi/4.9.3/../../../../arm-none-eabi/lib/armv7e-m/fpu/libg.a(lib_a-dtoa.o)
                                 0x12 (size before relaxing)
 .rodata.str1.4
                0x08022684        0xa /usr/bin/../lib/gcc/arm-none-eabi/4.9.3/../../../../arm-none-eabi/lib/armv7e-m/fpu/libg.a(lib_a-locale.o)
                                 0x12 (size before relaxing)
 *fill*         0x0802268e        0x2 
 .rodata.__mprec_tens
                0x08022690       0xc8 /usr/bin/../lib/gcc/arm-none-eabi/4.9.3/../../../../arm-none-eabi/lib/armv7e-m/fpu/libg.a(lib_a-mprec.o)
                0x08022690                __mprec_tens
 .rodata.p05.5302
                0x08022758        0xc /usr/bin/../lib/gcc/arm-none-eabi/4.9.3/../../../../arm-none-eabi/lib/armv7e-m/fpu/libg.a(lib_a-mprec.o)
 *fill*         0x08022764        0x4 
 .rodata.__mprec_bigtens
                0x08022768       0x28 /usr/bin/../lib/gcc/arm-none-eabi/4.9.3/../../../../arm-none-eabi/lib/armv7e-m/fpu/libg.a(lib_a-mprec.o)
                0x08022768                __mprec_bigtens
 .rodata.str1.4
                0x08022790        0x5 /usr/bin/../lib/gcc/arm-none-eabi/4.9.3/../../../../arm-none-eabi/lib/armv7e-m/fpu/libm.a(lib_a-wf_exp.o)
 *fill*         0x08022795        0x3 
 .rodata.str1.4
                0x08022798        0x5 /usr/bin/../lib/gcc/arm-none-eabi/4.9.3/../../../../arm-none-eabi/lib/armv7e-m/fpu/libm.a(lib_a-wf_pow.o)
 *fill*         0x0802279d        0x3 
 .rodata.str1.4
                0x080227a0        0x8 /usr/bin/../lib/gcc/arm-none-eabi/4.9.3/../../../../arm-none-eabi/lib/armv7e-m/fpu/libm.a(lib_a-wf_sqrt.o)
                                  0x6 (size before relaxing)
 .rodata.halF   0x080227a8        0x8 /usr/bin/../lib/gcc/arm-none-eabi/4.9.3/../../../../arm-none-eabi/lib/armv7e-m/fpu/libm.a(lib_a-ef_exp.o)
 .rodata.ln2LO  0x080227b0        0x8 /usr/bin/../lib/gcc/arm-none-eabi/4.9.3/../../../../arm-none-eabi/lib/armv7e-m/fpu/libm.a(lib_a-ef_exp.o)
 .rodata.ln2HI  0x080227b8        0x8 /usr/bin/../lib/gcc/arm-none-eabi/4.9.3/../../../../arm-none-eabi/lib/armv7e-m/fpu/libm.a(lib_a-ef_exp.o)
 .rodata.dp_h   0x080227c0        0x8 /usr/bin/../lib/gcc/arm-none-eabi/4.9.3/../../../../arm-none-eabi/lib/armv7e-m/fpu/libm.a(lib_a-ef_pow.o)
 .rodata.dp_l   0x080227c8        0x8 /usr/bin/../lib/gcc/arm-none-eabi/4.9.3/../../../../arm-none-eabi/lib/armv7e-m/fpu/libm.a(lib_a-ef_pow.o)
 .rodata.bp     0x080227d0        0x8 /usr/bin/../lib/gcc/arm-none-eabi/4.9.3/../../../../arm-none-eabi/lib/armv7e-m/fpu/libm.a(lib_a-ef_pow.o)
 .rodata.str1.4
                0x00000000        0x1 /usr/bin/../lib/gcc/arm-none-eabi/4.9.3/../../../../arm-none-eabi/lib/armv7e-m/fpu/libm.a(lib_a-ef_pow.o)
 .rodata.npio2_hw
                0x080227d8       0x80 /usr/bin/../lib/gcc/arm-none-eabi/4.9.3/../../../../arm-none-eabi/lib/armv7e-m/fpu/libm.a(lib_a-ef_rem_pio2.o)
 .rodata.two_over_pi
                0x08022858      0x318 /usr/bin/../lib/gcc/arm-none-eabi/4.9.3/../../../../arm-none-eabi/lib/armv7e-m/fpu/libm.a(lib_a-ef_rem_pio2.o)
 .rodata.init_jk
                0x08022b70        0xc /usr/bin/../lib/gcc/arm-none-eabi/4.9.3/../../../../arm-none-eabi/lib/armv7e-m/fpu/libm.a(lib_a-kf_rem_pio2.o)
 .rodata.PIo2   0x08022b7c       0x2c /usr/bin/../lib/gcc/arm-none-eabi/4.9.3/../../../../arm-none-eabi/lib/armv7e-m/fpu/libm.a(lib_a-kf_rem_pio2.o)
 .rodata.TWO52  0x08022ba8       0x10 /usr/bin/../lib/gcc/arm-none-eabi/4.9.3/../../../../arm-none-eabi/lib/armv7e-m/fpu/libm.a(lib_a-s_rint.o)
 *(.glue_7)
 .glue_7        0x00000000        0x0 linker stubs
 *(.glue_7t)
 .glue_7t       0x00000000        0x0 linker stubs
 *(.eh_frame)
 .eh_frame      0x08022bb8        0x0 /usr/bin/../lib/gcc/arm-none-eabi/4.9.3/armv7e-m/fpu/crtbegin.o
 *(.init)
 .init          0x08022bb8        0x4 /usr/bin/../lib/gcc/arm-none-eabi/4.9.3/armv7e-m/fpu/crti.o
                0x08022bb8                _init
 .init          0x08022bbc        0x8 /usr/bin/../lib/gcc/arm-none-eabi/4.9.3/armv7e-m/fpu/crtn.o
 *(.fini)
 .fini          0x08022bc4        0x4 /usr/bin/../lib/gcc/arm-none-eabi/4.9.3/armv7e-m/fpu/crti.o
                0x08022bc4                _fini
 .fini          0x08022bc8        0x8 /usr/bin/../lib/gcc/arm-none-eabi/4.9.3/armv7e-m/fpu/crtn.o
                0x08022bd0                . = ALIGN (0x4)
                0x08022bd0                _etext = .
                0x08022bd0                _exit = .

.vfp11_veneer   0x08022bd0        0x0
 .vfp11_veneer  0x00000000        0x0 linker stubs

.v4_bx          0x08022bd0        0x0
 .v4_bx         0x00000000        0x0 linker stubs

.iplt           0x08022bd0        0x0
 .iplt          0x00000000        0x0 /usr/bin/../lib/gcc/arm-none-eabi/4.9.3/armv7e-m/fpu/crtbegin.o

.ARM.extab
 *(.ARM.extab* .gnu.linkonce.armextab.*)

.ARM            0x08022bd0        0x8
                0x08022bd0                __exidx_start = .
 *(.ARM.exidx*)
 .ARM.exidx     0x08022bd0        0x8 /usr/bin/../lib/gcc/arm-none-eabi/4.9.3/armv7e-m/fpu/libgcc.a(_divdi3.o)
 .ARM.exidx     0x08022bd8        0x0 /usr/bin/../lib/gcc/arm-none-eabi/4.9.3/armv7e-m/fpu/libgcc.a(_udivdi3.o)
                                  0x8 (size before relaxing)
                0x08022bd8                __exidx_end = .

.rel.dyn        0x08022bd8        0x0
 .rel.iplt      0x00000000        0x0 /usr/bin/../lib/gcc/arm-none-eabi/4.9.3/armv7e-m/fpu/crtbegin.o

.preinit_array  0x08022bd8        0x0
                0x08022bd8                PROVIDE (__preinit_array_start, .)
 *(.preinit_array*)
                0x08022bd8                PROVIDE (__preinit_array_end, .)

.init_array     0x08022bd8        0x8
                0x08022bd8                PROVIDE (__init_array_start, .)
 *(SORT(.init_array.*))
 .init_array.00000
                0x08022bd8        0x4 /usr/bin/../lib/gcc/arm-none-eabi/4.9.3/../../../../arm-none-eabi/lib/armv7e-m/fpu/libg.a(lib_a-__call_atexit.o)
 *(.init_array*)
 .init_array    0x08022bdc        0x4 /usr/bin/../lib/gcc/arm-none-eabi/4.9.3/armv7e-m/fpu/crtbegin.o
                0x08022be0                PROVIDE (__init_array_end, .)

.fini_array     0x08022be0        0x4
                0x08022be0                PROVIDE (__fini_array_start, .)
 *(.fini_array*)
 .fini_array    0x08022be0        0x4 /usr/bin/../lib/gcc/arm-none-eabi/4.9.3/armv7e-m/fpu/crtbegin.o
 *(SORT(.fini_array.*))
                0x08022be4                PROVIDE (__fini_array_end, .)
                0x08022be4                _sidata = .

.data           0x20000000      0x8c8 load address 0x08022be4
                0x20000000                . = ALIGN (0x4)
                0x20000000                _sdata = .
 *(.data)
 *(.data*)
 .data.SystemCoreClock
                0x20000000        0x4 ./src/system_stm32f4xx.o
                0x20000000                SystemCoreClock
 .data.APBAHBPrescTable
                0x20000004       0x10 ./Drivers/STM32F4xx_StdPeriph_Driver/src/stm32f4xx_rcc.o
 .data.nr_first_time.7514
                0x20000014        0x2 ./Audio_DSP/src/audio_nr.o
 *fill*         0x20000016        0x2 
 .data.AUDIO_MAL_DMA_STREAM
                0x20000018        0x4 ./Audio_DSP/src/stm32f4_discovery_audio_codec.o
                0x20000018                AUDIO_MAL_DMA_STREAM
 .data.AUDIO_MAL_DMA_FLAG_TC
                0x2000001c        0x4 ./Audio_DSP/src/stm32f4_discovery_audio_codec.o
                0x2000001c                AUDIO_MAL_DMA_FLAG_TC
 .data.CurrAudioInterface
                0x20000020        0x4 ./Audio_DSP/src/stm32f4_discovery_audio_codec.o
                0x20000020                CurrAudioInterface
 .data.AudioRemSize
                0x20000024        0x4 ./Audio_DSP/src/stm32f4_discovery_audio_codec.o
                0x20000024                AudioRemSize
 .data.impure_data
                0x20000028      0x428 /usr/bin/../lib/gcc/arm-none-eabi/4.9.3/../../../../arm-none-eabi/lib/armv7e-m/fpu/libg.a(lib_a-impure.o)
 .data._impure_ptr
                0x20000450        0x4 /usr/bin/../lib/gcc/arm-none-eabi/4.9.3/../../../../arm-none-eabi/lib/armv7e-m/fpu/libg.a(lib_a-impure.o)
                0x20000450                _impure_ptr
 .data.__malloc_av_
                0x20000454      0x408 /usr/bin/../lib/gcc/arm-none-eabi/4.9.3/../../../../arm-none-eabi/lib/armv7e-m/fpu/libg.a(lib_a-mallocr.o)
                0x20000454                __malloc_av_
 .data.__malloc_trim_threshold
                0x2000085c        0x4 /usr/bin/../lib/gcc/arm-none-eabi/4.9.3/../../../../arm-none-eabi/lib/armv7e-m/fpu/libg.a(lib_a-mallocr.o)
                0x2000085c                __malloc_trim_threshold
 .data.__malloc_sbrk_base
                0x20000860        0x4 /usr/bin/../lib/gcc/arm-none-eabi/4.9.3/../../../../arm-none-eabi/lib/armv7e-m/fpu/libg.a(lib_a-mallocr.o)
                0x20000860                __malloc_sbrk_base
 .data.lconv    0x20000864       0x38 /usr/bin/../lib/gcc/arm-none-eabi/4.9.3/../../../../arm-none-eabi/lib/armv7e-m/fpu/libg.a(lib_a-locale.o)
 .data.lc_ctype_charset
                0x2000089c       0x20 /usr/bin/../lib/gcc/arm-none-eabi/4.9.3/../../../../arm-none-eabi/lib/armv7e-m/fpu/libg.a(lib_a-locale.o)
 .data.__mb_cur_max
                0x200008bc        0x4 /usr/bin/../lib/gcc/arm-none-eabi/4.9.3/../../../../arm-none-eabi/lib/armv7e-m/fpu/libg.a(lib_a-locale.o)
                0x200008bc                __mb_cur_max
 .data.__wctomb
                0x200008c0        0x4 /usr/bin/../lib/gcc/arm-none-eabi/4.9.3/../../../../arm-none-eabi/lib/armv7e-m/fpu/libg.a(lib_a-wctomb_r.o)
                0x200008c0                __wctomb
 .data.__fdlib_version
                0x200008c4        0x1 /usr/bin/../lib/gcc/arm-none-eabi/4.9.3/../../../../arm-none-eabi/lib/armv7e-m/fpu/libm.a(lib_a-s_lib_ver.o)
                0x200008c4                __fdlib_version
                0x200008c8                . = ALIGN (0x4)
 *fill*         0x200008c5        0x3 
                0x200008c8                _edata = .

.jcr            0x200008c8        0x0 load address 0x080234ac
 .jcr           0x200008c8        0x0 /usr/bin/../lib/gcc/arm-none-eabi/4.9.3/armv7e-m/fpu/crtbegin.o

.igot.plt       0x200008c8        0x0 load address 0x080234ac
 .igot.plt      0x00000000        0x0 /usr/bin/../lib/gcc/arm-none-eabi/4.9.3/armv7e-m/fpu/crtbegin.o
                0x200008c8                . = ALIGN (0x4)

.bss            0x200008c8     0x6138 load address 0x080234ac
                0x200008c8                _sbss = .
                0x200008c8                __bss_start__ = _sbss
 *(.bss)
 .bss           0x200008c8       0x1c /usr/bin/../lib/gcc/arm-none-eabi/4.9.3/armv7e-m/fpu/crtbegin.o
 *(.bss*)
 .bss.dac1_buf  0x200008e4      0x280 ./src/stm32f4_dac.o
 .bss.dac2_buf  0x20000b64      0x280 ./src/stm32f4_dac.o
 .bss.dac2_fifo
                0x20000de4        0x4 ./src/stm32f4_dac.o
 .bss.dac1_fifo
                0x20000de8        0x4 ./src/stm32f4_dac.o
 .bss.TM_Time   0x20000dec        0x4 ./LCD/src/tm_stm32f4_delay.o
                0x20000dec                TM_Time
 .bss.TM_Time2  0x20000df0        0x4 ./LCD/src/tm_stm32f4_delay.o
                0x20000df0                TM_Time2
 .bss.TM_DELAY_Initialized
                0x20000df4        0x1 ./LCD/src/tm_stm32f4_delay.o